Archive member included because of file (symbol)

c:/program files (x86)/atmel/atmel toolchain/arm gcc/native/4.7.3.1029/arm-gnu-toolchain/bin/../lib/gcc/arm-none-eabi/4.7.3/../../../../arm-none-eabi/lib/armv7-m\libc.a(lib_a-__atexit.o)
                              c:/program files (x86)/atmel/atmel toolchain/arm gcc/native/4.7.3.1029/arm-gnu-toolchain/bin/../lib/gcc/arm-none-eabi/4.7.3/../../../../arm-none-eabi/lib/armv7-m/crt0.o (__register_exitproc)
c:/program files (x86)/atmel/atmel toolchain/arm gcc/native/4.7.3.1029/arm-gnu-toolchain/bin/../lib/gcc/arm-none-eabi/4.7.3/../../../../arm-none-eabi/lib/armv7-m\libc.a(lib_a-exit.o)
                              c:/program files (x86)/atmel/atmel toolchain/arm gcc/native/4.7.3.1029/arm-gnu-toolchain/bin/../lib/gcc/arm-none-eabi/4.7.3/../../../../arm-none-eabi/lib/armv7-m/crt0.o (exit)
c:/program files (x86)/atmel/atmel toolchain/arm gcc/native/4.7.3.1029/arm-gnu-toolchain/bin/../lib/gcc/arm-none-eabi/4.7.3/../../../../arm-none-eabi/lib/armv7-m\libc.a(lib_a-fini.o)
                              c:/program files (x86)/atmel/atmel toolchain/arm gcc/native/4.7.3.1029/arm-gnu-toolchain/bin/../lib/gcc/arm-none-eabi/4.7.3/../../../../arm-none-eabi/lib/armv7-m/crt0.o (__libc_fini_array)
c:/program files (x86)/atmel/atmel toolchain/arm gcc/native/4.7.3.1029/arm-gnu-toolchain/bin/../lib/gcc/arm-none-eabi/4.7.3/../../../../arm-none-eabi/lib/armv7-m\libc.a(lib_a-impure.o)
                              c:/program files (x86)/atmel/atmel toolchain/arm gcc/native/4.7.3.1029/arm-gnu-toolchain/bin/../lib/gcc/arm-none-eabi/4.7.3/../../../../arm-none-eabi/lib/armv7-m\libc.a(lib_a-__atexit.o) (_global_impure_ptr)
c:/program files (x86)/atmel/atmel toolchain/arm gcc/native/4.7.3.1029/arm-gnu-toolchain/bin/../lib/gcc/arm-none-eabi/4.7.3/../../../../arm-none-eabi/lib/armv7-m\libc.a(lib_a-init.o)
                              c:/program files (x86)/atmel/atmel toolchain/arm gcc/native/4.7.3.1029/arm-gnu-toolchain/bin/../lib/gcc/arm-none-eabi/4.7.3/../../../../arm-none-eabi/lib/armv7-m/crt0.o (__libc_init_array)
c:/program files (x86)/atmel/atmel toolchain/arm gcc/native/4.7.3.1029/arm-gnu-toolchain/bin/../lib/gcc/arm-none-eabi/4.7.3/../../../../arm-none-eabi/lib/armv7-m\libc.a(lib_a-iprintf.o)
                              src/ASF/sam/drivers/adc/adc.o (iprintf)
c:/program files (x86)/atmel/atmel toolchain/arm gcc/native/4.7.3.1029/arm-gnu-toolchain/bin/../lib/gcc/arm-none-eabi/4.7.3/../../../../arm-none-eabi/lib/armv7-m\libc.a(lib_a-memset.o)
                              c:/program files (x86)/atmel/atmel toolchain/arm gcc/native/4.7.3.1029/arm-gnu-toolchain/bin/../lib/gcc/arm-none-eabi/4.7.3/../../../../arm-none-eabi/lib/armv7-m/crt0.o (memset)
c:/program files (x86)/atmel/atmel toolchain/arm gcc/native/4.7.3.1029/arm-gnu-toolchain/bin/../lib/gcc/arm-none-eabi/4.7.3/../../../../arm-none-eabi/lib/armv7-m\libc.a(lib_a-puts.o)
                              src/ASF/sam/drivers/adc/adc.o (puts)
c:/program files (x86)/atmel/atmel toolchain/arm gcc/native/4.7.3.1029/arm-gnu-toolchain/bin/../lib/gcc/arm-none-eabi/4.7.3/../../../../arm-none-eabi/lib/armv7-m\libc.a(lib_a-sprintf.o)
                              src/LCDShield.o (sprintf)
c:/program files (x86)/atmel/atmel toolchain/arm gcc/native/4.7.3.1029/arm-gnu-toolchain/bin/../lib/gcc/arm-none-eabi/4.7.3/../../../../arm-none-eabi/lib/armv7-m\libc.a(lib_a-strlen.o)
                              c:/program files (x86)/atmel/atmel toolchain/arm gcc/native/4.7.3.1029/arm-gnu-toolchain/bin/../lib/gcc/arm-none-eabi/4.7.3/../../../../arm-none-eabi/lib/armv7-m\libc.a(lib_a-puts.o) (strlen)
c:/program files (x86)/atmel/atmel toolchain/arm gcc/native/4.7.3.1029/arm-gnu-toolchain/bin/../lib/gcc/arm-none-eabi/4.7.3/../../../../arm-none-eabi/lib/armv7-m\libc.a(lib_a-svfprintf.o)
                              c:/program files (x86)/atmel/atmel toolchain/arm gcc/native/4.7.3.1029/arm-gnu-toolchain/bin/../lib/gcc/arm-none-eabi/4.7.3/../../../../arm-none-eabi/lib/armv7-m\libc.a(lib_a-sprintf.o) (_svfprintf_r)
c:/program files (x86)/atmel/atmel toolchain/arm gcc/native/4.7.3.1029/arm-gnu-toolchain/bin/../lib/gcc/arm-none-eabi/4.7.3/../../../../arm-none-eabi/lib/armv7-m\libc.a(lib_a-vfiprintf.o)
                              c:/program files (x86)/atmel/atmel toolchain/arm gcc/native/4.7.3.1029/arm-gnu-toolchain/bin/../lib/gcc/arm-none-eabi/4.7.3/../../../../arm-none-eabi/lib/armv7-m\libc.a(lib_a-iprintf.o) (_vfiprintf_r)
c:/program files (x86)/atmel/atmel toolchain/arm gcc/native/4.7.3.1029/arm-gnu-toolchain/bin/../lib/gcc/arm-none-eabi/4.7.3/../../../../arm-none-eabi/lib/armv7-m\libc.a(lib_a-wsetup.o)
                              c:/program files (x86)/atmel/atmel toolchain/arm gcc/native/4.7.3.1029/arm-gnu-toolchain/bin/../lib/gcc/arm-none-eabi/4.7.3/../../../../arm-none-eabi/lib/armv7-m\libc.a(lib_a-vfiprintf.o) (__swsetup_r)
[...]
Memory Configuration

Name             Origin             Length             Attributes
rom              0x00080000         0x00080000         xr
sram0            0x20000000         0x00010000         xrw
sram1            0x20080000         0x00008000         xrw
ram              0x20070000         0x00018000         xrw
*default*        0x00000000         0xffffffff

Linker script and memory map

LOAD c:/program files (x86)/atmel/atmel toolchain/arm gcc/native/4.7.3.1029/arm-gnu-toolchain/bin/../lib/gcc/arm-none-eabi/4.7.3/armv7-m/crti.o
LOAD c:/program files (x86)/atmel/atmel toolchain/arm gcc/native/4.7.3.1029/arm-gnu-toolchain/bin/../lib/gcc/arm-none-eabi/4.7.3/armv7-m/crtbegin.o
LOAD c:/program files (x86)/atmel/atmel toolchain/arm gcc/native/4.7.3.1029/arm-gnu-toolchain/bin/../lib/gcc/arm-none-eabi/4.7.3/../../../../arm-none-eabi/lib/armv7-m/crt0.o
LOAD src/ASF/sam/drivers/adc/adc.o
LOAD src/ASF/sam/drivers/adc/adc_sam3u.o
LOAD src/ASF/sam/drivers/tc/tc.o
LOAD src/Delay.o
LOAD src/LCDShield.o
LOAD src/main.o
LOAD src/ASF/common/services/clock/sam3x/sysclk.o
LOAD src/ASF/common/services/serial/usart_serial.o
LOAD src/ASF/common/utils/interrupt/interrupt_sam_nvic.o
LOAD src/ASF/common/utils/stdio/read.o
LOAD src/ASF/common/utils/stdio/write.o
LOAD src/ASF/sam/boards/arduino_due_x/init.o
LOAD src/ASF/sam/drivers/pio/pio.o
LOAD src/ASF/sam/drivers/pio/pio_handler.o
LOAD src/ASF/sam/drivers/pmc/pmc.o
LOAD src/ASF/sam/drivers/pmc/sleep.o
LOAD src/ASF/sam/drivers/uart/uart.o
LOAD src/ASF/sam/drivers/usart/usart.o
LOAD src/ASF/sam/utils/cmsis/sam3x/source/templates/exceptions.o
LOAD src/ASF/sam/utils/cmsis/sam3x/source/templates/gcc/startup_sam3x.o
LOAD src/ASF/sam/utils/cmsis/sam3x/source/templates/system_sam3x.o
LOAD src/ASF/sam/utils/syscalls/gcc/syscalls.o
LOAD src/myADC.o
START GROUP
LOAD ../src/ASF/thirdparty/CMSIS/Lib/GCC\libarm_cortexM3l_math.a
LOAD c:/program files (x86)/atmel/atmel toolchain/arm gcc/native/4.7.3.1029/arm-gnu-toolchain/bin/../lib/gcc/arm-none-eabi/4.7.3/../../../../arm-none-eabi/lib/armv7-m\libm.a
END GROUP
START GROUP
LOAD c:/program files (x86)/atmel/atmel toolchain/arm gcc/native/4.7.3.1029/arm-gnu-toolchain/bin/../lib/gcc/arm-none-eabi/4.7.3/armv7-m\libgcc.a
LOAD c:/program files (x86)/atmel/atmel toolchain/arm gcc/native/4.7.3.1029/arm-gnu-toolchain/bin/../lib/gcc/arm-none-eabi/4.7.3/../../../../arm-none-eabi/lib/armv7-m\libc.a
END GROUP
LOAD c:/program files (x86)/atmel/atmel toolchain/arm gcc/native/4.7.3.1029/arm-gnu-toolchain/bin/../lib/gcc/arm-none-eabi/4.7.3/armv7-m/crtend.o
LOAD c:/program files (x86)/atmel/atmel toolchain/arm gcc/native/4.7.3.1029/arm-gnu-toolchain/bin/../lib/gcc/arm-none-eabi/4.7.3/armv7-m/crtn.o
                [0x00002000]                __stack_size__ = DEFINED (__stack_size__)?__stack_size__:0x2000

.text           0x00080000     0x34f8
                0x00080000                . = ALIGN (0x4)
                0x00080000                _sfixed = .
 *(.vectors .vectors.*)
 .vectors       0x00080000       0xf4 src/ASF/sam/utils/cmsis/sam3x/source/templates/gcc/startup_sam3x.o
                0x00080000                exception_table
 *(.text .text.* .gnu.linkonce.t.*)
 .text          0x000800f4       0xb0 c:/program files (x86)/atmel/atmel toolchain/arm gcc/native/4.7.3.1029/arm-gnu-toolchain/bin/../lib/gcc/arm-none-eabi/4.7.3/armv7-m/crtbegin.o
 .text.adc_init
                0x000801a4       0x40 src/ASF/sam/drivers/adc/adc.o
                0x000801a4                adc_init
 .text.adc_set_resolution
                0x000801e4       0x10 src/ASF/sam/drivers/adc/adc.o
                0x000801e4                adc_set_resolution
 .text.adc_configure_trigger
                0x000801f4       0x10 src/ASF/sam/drivers/adc/adc.o
                0x000801f4                adc_configure_trigger
 .text.adc_configure_timing
                0x00080204       0x20 src/ASF/sam/drivers/adc/adc.o
                0x00080204                adc_configure_timing
 .text.adc_start
                0x00080224        0x8 src/ASF/sam/drivers/adc/adc.o
                0x00080224                adc_start
 .text.adc_enable_channel
                0x0008022c        0xc src/ASF/sam/drivers/adc/adc.o
                0x0008022c                adc_enable_channel
 .text.adc_get_latest_value
                0x00080238        0x4 src/ASF/sam/drivers/adc/adc.o
                0x00080238                adc_get_latest_value
 .text.tc_init  0x0008023c       0x1c src/ASF/sam/drivers/tc/tc.o
                0x0008023c                tc_init
 .text.tc_set_block_mode
                0x00080258        0x8 src/ASF/sam/drivers/tc/tc.o
                0x00080258                tc_set_block_mode
 .text.tc_start
                0x00080260        0xc src/ASF/sam/drivers/tc/tc.o
                0x00080260                tc_start
 .text.tc_stop  0x0008026c        0xc src/ASF/sam/drivers/tc/tc.o
                0x0008026c                tc_stop
 .text.tc_read_cv
                0x00080278        0x8 src/ASF/sam/drivers/tc/tc.o
                0x00080278                tc_read_cv
 .text.delay_init
                0x00080280       0x4c src/LCDShield.o
                0x00080280                delay_init
 .text.delay    0x000802cc       0x58 src/LCDShield.o
                0x000802cc                delay
 .text.LCDwrite
                0x00080324       0xc4 src/LCDShield.o
                0x00080324                LCDwrite
 .text.LCDInit  0x000803e8      0x10c src/LCDShield.o
                0x000803e8                LCDInit
 .text.LCDClear
                0x000804f4       0x28 src/LCDShield.o
                0x000804f4                LCDClear
 .text.LCDwriteString
                0x0008051c       0x28 src/LCDShield.o
                0x0008051c                LCDwriteString
 .text.LCDwriteInteger
                0x00080544       0x30 src/LCDShield.o
                0x00080544                LCDwriteInteger
 .text.main     0x00080574      0x170 src/main.o
                0x00080574                main
 .text.sysclk_init
                0x000806e4       0x78 src/ASF/common/services/clock/sam3x/sysclk.o
                0x000806e4                sysclk_init
 .text.board_init
                0x0008075c       0xa4 src/ASF/sam/boards/arduino_due_x/init.o
                0x0008075c                board_init
 .text.pio_pull_up
                0x00080800        0xc src/ASF/sam/drivers/pio/pio.o
                0x00080800                pio_pull_up
 .text.pio_set_peripheral
                0x0008080c       0x44 src/ASF/sam/drivers/pio/pio.o
                0x0008080c                pio_set_peripheral
 .text.pio_disable_interrupt
                0x00080850        0x4 src/ASF/sam/drivers/pio/pio.o
                0x00080850                pio_disable_interrupt
 .text.pio_set_output
                0x00080854       0x3c src/ASF/sam/drivers/pio/pio.o
                0x00080854                pio_set_output
 .text.pio_set_input
                0x00080890       0x4c src/ASF/sam/drivers/pio/pio.o
                0x00080890                pio_set_input
 .text.pio_get_interrupt_status
                0x000808dc        0x4 src/ASF/sam/drivers/pio/pio.o
                0x000808dc                pio_get_interrupt_status
 .text.pio_get_interrupt_mask
                0x000808e0        0x4 src/ASF/sam/drivers/pio/pio.o
                0x000808e0                pio_get_interrupt_mask
 .text.pio_configure_pin
                0x000808e4      0x100 src/ASF/sam/drivers/pio/pio.o
                0x000808e4                pio_configure_pin
 .text.pio_configure_pin_group
                0x000809e4       0xc8 src/ASF/sam/drivers/pio/pio.o
                0x000809e4                pio_configure_pin_group
 .text.pio_handler_process
                0x00080aac       0x54 src/ASF/sam/drivers/pio/pio_handler.o
                0x00080aac                pio_handler_process
 .text.PIOA_Handler
                0x00080b00       0x1c src/ASF/sam/drivers/pio/pio_handler.o
                0x00080b00                PIOA_Handler
 .text.PIOB_Handler
                0x00080b1c       0x1c src/ASF/sam/drivers/pio/pio_handler.o
                0x00080b1c                PIOB_Handler
 .text.PIOC_Handler
                0x00080b38       0x1c src/ASF/sam/drivers/pio/pio_handler.o
                0x00080b38                PIOC_Handler
 .text.PIOD_Handler
                0x00080b54       0x1c src/ASF/sam/drivers/pio/pio_handler.o
                0x00080b54                PIOD_Handler
 .text.pmc_switch_mck_to_pllack
                0x00080b70       0xa0 src/ASF/sam/drivers/pmc/pmc.o
                0x00080b70                pmc_switch_mck_to_pllack
 .text.pmc_switch_mainck_to_xtal
                0x00080c10       0x70 src/ASF/sam/drivers/pmc/pmc.o
                0x00080c10                pmc_switch_mainck_to_xtal
 .text.pmc_osc_is_ready_mainck
                0x00080c80       0x10 src/ASF/sam/drivers/pmc/pmc.o
                0x00080c80                pmc_osc_is_ready_mainck
 .text.pmc_disable_pllack
                0x00080c90       0x10 src/ASF/sam/drivers/pmc/pmc.o
                0x00080c90                pmc_disable_pllack
 .text.pmc_is_locked_pllack
                0x00080ca0       0x10 src/ASF/sam/drivers/pmc/pmc.o
                0x00080ca0                pmc_is_locked_pllack
 .text.pmc_enable_periph_clk
                0x00080cb0       0x84 src/ASF/sam/drivers/pmc/pmc.o
                0x00080cb0                pmc_enable_periph_clk
 .text.Dummy_Handler
                0x00080d34        0x4 src/ASF/sam/utils/cmsis/sam3x/source/templates/exceptions.o
                0x00080d34                DACC_Handler
                0x00080d34                DebugMon_Handler
                0x00080d34                DMAC_Handler
                0x00080d34                TRNG_Handler
                0x00080d34                HardFault_Handler
                0x00080d34                TC2_Handler
                0x00080d34                SysTick_Handler
                0x00080d34                USART3_Handler
                0x00080d34                TWI1_Handler
                0x00080d34                PendSV_Handler
                0x00080d34                NMI_Handler
                0x00080d34                TC7_Handler
                0x00080d34                ADC_Handler
                0x00080d34                SMC_Handler
                0x00080d34                USART0_Handler
                0x00080d34                RTT_Handler
                0x00080d34                EFC1_Handler
                0x00080d34                RTC_Handler
                0x00080d34                UsageFault_Handler
                0x00080d34                TC6_Handler
                0x00080d34                WDT_Handler
                0x00080d34                CAN0_Handler
                0x00080d34                TC4_Handler
                0x00080d34                TC1_Handler
                0x00080d34                HSMCI_Handler
                0x00080d34                TC3_Handler
                0x00080d34                Dummy_Handler
                0x00080d34                TWI0_Handler
                0x00080d34                USART1_Handler
                0x00080d34                SSC_Handler
                0x00080d34                EFC0_Handler
                0x00080d34                PMC_Handler
                0x00080d34                PWM_Handler
                0x00080d34                CAN1_Handler
                0x00080d34                MemManage_Handler
                0x00080d34                SUPC_Handler
                0x00080d34                SVC_Handler
                0x00080d34                TC8_Handler
                0x00080d34                USART2_Handler
                0x00080d34                EMAC_Handler
                0x00080d34                UART_Handler
                0x00080d34                BusFault_Handler
                0x00080d34                RSTC_Handler
                0x00080d34                TC0_Handler
                0x00080d34                TC5_Handler
                0x00080d34                UOTGHS_Handler
                0x00080d34                SPI0_Handler
 .text.Reset_Handler
                0x00080d38      0x138 src/ASF/sam/utils/cmsis/sam3x/source/templates/gcc/startup_sam3x.o
                0x00080d38                Reset_Handler
 .text.SystemCoreClockUpdate
                0x00080e70      0x1c8 src/ASF/sam/utils/cmsis/sam3x/source/templates/system_sam3x.o
                0x00080e70                SystemCoreClockUpdate
 .text.system_init_flash
                0x00081038       0xc4 src/ASF/sam/utils/cmsis/sam3x/source/templates/system_sam3x.o
                0x00081038                system_init_flash
 .text._sbrk    0x000810fc       0x30 src/ASF/sam/utils/syscalls/gcc/syscalls.o
                0x000810fc                _sbrk
 .text.ADCSetup
                0x0008112c       0xb8 src/myADC.o
                0x0008112c                ADCSetup
 .text          0x000811e4       0x9c c:/program files (x86)/atmel/atmel toolchain/arm gcc/native/4.7.3.1029/arm-gnu-toolchain/bin/../lib/gcc/arm-none-eabi/4.7.3/../../../../arm-none-eabi/lib/armv7-m\libc.a(lib_a-__atexit.o)
                0x000811e4                __register_exitproc
 .text          0x00081280       0x2c c:/program files (x86)/atmel/atmel toolchain/arm gcc/native/4.7.3.1029/arm-gnu-toolchain/bin/../lib/gcc/arm-none-eabi/4.7.3/../../../../arm-none-eabi/lib/armv7-m\libc.a(lib_a-fini.o)
                0x00081280                __libc_fini_array
 .text          0x000812ac       0x4c c:/program files (x86)/atmel/atmel toolchain/arm gcc/native/4.7.3.1029/arm-gnu-toolchain/bin/../lib/gcc/arm-none-eabi/4.7.3/../../../../arm-none-eabi/lib/armv7-m\libc.a(lib_a-init.o)
                0x000812ac                __libc_init_array
 .text          0x000812f8       0x88 c:/program files (x86)/atmel/atmel toolchain/arm gcc/native/4.7.3.1029/arm-gnu-toolchain/bin/../lib/gcc/arm-none-eabi/4.7.3/../../../../arm-none-eabi/lib/armv7-m\libc.a(lib_a-sprintf.o)
                0x000812f8                _sprintf_r
                0x00081338                sprintf
 .text          0x00081380       0x10 c:/program files (x86)/atmel/atmel toolchain/arm gcc/native/4.7.3.1029/arm-gnu-toolchain/bin/../lib/gcc/arm-none-eabi/4.7.3/../../../../arm-none-eabi/lib/armv7-m\libc.a(lib_a-strlen.o)
                0x00081380                strlen
 .text          0x00081390      0x7f8 c:/program files (x86)/atmel/atmel toolchain/arm gcc/native/4.7.3.1029/arm-gnu-toolchain/bin/../lib/gcc/arm-none-eabi/4.7.3/../../../../arm-none-eabi/lib/armv7-m\libc.a(lib_a-svfprintf.o)
                0x00081390                _svfprintf_r
 .text.startup  0x00081b88       0x14 c:/program files (x86)/atmel/atmel toolchain/arm gcc/native/4.7.3.1029/arm-gnu-toolchain/bin/../lib/gcc/arm-none-eabi/4.7.3/../../../../arm-none-eabi/lib/armv7-m\libc.a(lib_a-__call_atexit.o)
 .text          0x00081b9c        0xc c:/program files (x86)/atmel/atmel toolchain/arm gcc/native/4.7.3.1029/arm-gnu-toolchain/bin/../lib/gcc/arm-none-eabi/4.7.3/../../../../arm-none-eabi/lib/armv7-m\libc.a(lib_a-atexit.o)
                0x00081b9c                atexit
 .text          0x00081ba8      0x208 c:/program files (x86)/atmel/atmel toolchain/arm gcc/native/4.7.3.1029/arm-gnu-toolchain/bin/../lib/gcc/arm-none-eabi/4.7.3/../../../../arm-none-eabi/lib/armv7-m\libc.a(lib_a-freer.o)
                0x00081ba8                _malloc_trim_r
                0x00081c44                _free_r
 .text          0x00081db0      0x404 c:/program files (x86)/atmel/atmel toolchain/arm gcc/native/4.7.3.1029/arm-gnu-toolchain/bin/../lib/gcc/arm-none-eabi/4.7.3/../../../../arm-none-eabi/lib/armv7-m\libc.a(lib_a-mallocr.o)
                0x00081db0                _malloc_r
 .text          0x000821b4       0x1c c:/program files (x86)/atmel/atmel toolchain/arm gcc/native/4.7.3.1029/arm-gnu-toolchain/bin/../lib/gcc/arm-none-eabi/4.7.3/../../../../arm-none-eabi/lib/armv7-m\libc.a(lib_a-memchr.o)
                0x000821b4                memchr
 .text          0x000821d0       0x12 c:/program files (x86)/atmel/atmel toolchain/arm gcc/native/4.7.3.1029/arm-gnu-toolchain/bin/../lib/gcc/arm-none-eabi/4.7.3/../../../../arm-none-eabi/lib/armv7-m\libc.a(lib_a-memcpy.o)
                0x000821d0                memcpy
 .text          0x000821e2       0x34 c:/program files (x86)/atmel/atmel toolchain/arm gcc/native/4.7.3.1029/arm-gnu-toolchain/bin/../lib/gcc/arm-none-eabi/4.7.3/../../../../arm-none-eabi/lib/armv7-m\libc.a(lib_a-memmove.o)
                0x000821e2                memmove
 .text          0x00082216        0x4 c:/program files (x86)/atmel/atmel toolchain/arm gcc/native/4.7.3.1029/arm-gnu-toolchain/bin/../lib/gcc/arm-none-eabi/4.7.3/../../../../arm-none-eabi/lib/armv7-m\libc.a(lib_a-mlock.o)
                0x00082216                __malloc_lock
                0x00082218                __malloc_unlock
 *fill*         0x0008221a        0x2 00
 .text          0x0008221c      0x2dc c:/program files (x86)/atmel/atmel toolchain/arm gcc/native/4.7.3.1029/arm-gnu-toolchain/bin/../lib/gcc/arm-none-eabi/4.7.3/../../../../arm-none-eabi/lib/armv7-m\libc.a(lib_a-reallocr.o)
                0x0008221c                _realloc_r
 .text          0x000824f8       0x20 c:/program files (x86)/atmel/atmel toolchain/arm gcc/native/4.7.3.1029/arm-gnu-toolchain/bin/../lib/gcc/arm-none-eabi/4.7.3/../../../../arm-none-eabi/lib/armv7-m\libc.a(lib_a-sbrkr.o)
                0x000824f8                _sbrk_r
 .text          0x00082518      0x8f4 c:/program files (x86)/atmel/atmel toolchain/arm gcc/native/4.7.3.1029/arm-gnu-toolchain/bin/../lib/gcc/arm-none-eabi/4.7.3/../../../../arm-none-eabi/lib/armv7-m\libc.a(lib_a-svfiprintf.o)
                0x00082518                __ssprint_r
                0x00082612                _svfiprintf_r
 .text          0x00082e0c       0x2c c:/program files (x86)/atmel/atmel toolchain/arm gcc/native/4.7.3.1029/arm-gnu-toolchain/bin/../lib/gcc/arm-none-eabi/4.7.3/armv7-m\libgcc.a(_aeabi_uldivmod.o)
                0x00082e0c                __aeabi_uldivmod
 .text          0x00082e38       0x60 c:/program files (x86)/atmel/atmel toolchain/arm gcc/native/4.7.3.1029/arm-gnu-toolchain/bin/../lib/gcc/arm-none-eabi/4.7.3/armv7-m\libgcc.a(bpabi.o)
                0x00082e38                __gnu_ldivmod_helper
                0x00082e68                __gnu_uldivmod_helper
 .text          0x00082e98        0x4 c:/program files (x86)/atmel/atmel toolchain/arm gcc/native/4.7.3.1029/arm-gnu-toolchain/bin/../lib/gcc/arm-none-eabi/4.7.3/armv7-m\libgcc.a(_dvmd_tls.o)
                0x00082e98                __aeabi_idiv0
                0x00082e98                __aeabi_ldiv0
 .text          0x00082e9c      0x2bc c:/program files (x86)/atmel/atmel toolchain/arm gcc/native/4.7.3.1029/arm-gnu-toolchain/bin/../lib/gcc/arm-none-eabi/4.7.3/armv7-m\libgcc.a(_divdi3.o)
                0x00082e9c                __divdi3
 .text          0x00083158      0x28c c:/program files (x86)/atmel/atmel toolchain/arm gcc/native/4.7.3.1029/arm-gnu-toolchain/bin/../lib/gcc/arm-none-eabi/4.7.3/armv7-m\libgcc.a(_udivdi3.o)
                0x00083158                __udivdi3
 *(.glue_7t)
 .glue_7t       0x00000000        0x0 linker stubs
 *(.glue_7)
 .glue_7        0x00000000        0x0 linker stubs
 *(.rodata .rodata* .gnu.linkonce.r.*)
 .rodata        0x000833e4       0x10 src/LCDShield.o
 .rodata.str1.4
                0x000833f4        0x3 src/LCDShield.o
                                  0x4 (size before relaxing)
 *fill*         0x000833f7        0x1 00
 .rodata.str1.4
                0x000833f8       0x44 src/main.o
 .rodata        0x0008343c       0x30 src/myADC.o
 .rodata        0x0008346c        0x4 c:/program files (x86)/atmel/atmel toolchain/arm gcc/native/4.7.3.1029/arm-gnu-toolchain/bin/../lib/gcc/arm-none-eabi/4.7.3/../../../../arm-none-eabi/lib/armv7-m\libc.a(lib_a-impure.o)
                0x0008346c                _global_impure_ptr
 .rodata.str1.1
                0x00083470        0x2 c:/program files (x86)/atmel/atmel toolchain/arm gcc/native/4.7.3.1029/arm-gnu-toolchain/bin/../lib/gcc/arm-none-eabi/4.7.3/../../../../arm-none-eabi/lib/armv7-m\libc.a(lib_a-impure.o)
 .rodata        0x00083472       0x20 c:/program files (x86)/atmel/atmel toolchain/arm gcc/native/4.7.3.1029/arm-gnu-toolchain/bin/../lib/gcc/arm-none-eabi/4.7.3/../../../../arm-none-eabi/lib/armv7-m\libc.a(lib_a-svfprintf.o)
 .rodata.str1.1
                0x00083492       0x22 c:/program files (x86)/atmel/atmel toolchain/arm gcc/native/4.7.3.1029/arm-gnu-toolchain/bin/../lib/gcc/arm-none-eabi/4.7.3/../../../../arm-none-eabi/lib/armv7-m\libc.a(lib_a-svfprintf.o)
 .rodata        0x000834b4       0x20 c:/program files (x86)/atmel/atmel toolchain/arm gcc/native/4.7.3.1029/arm-gnu-toolchain/bin/../lib/gcc/arm-none-eabi/4.7.3/../../../../arm-none-eabi/lib/armv7-m\libc.a(lib_a-svfiprintf.o)
 .rodata.str1.1
                0x00000000       0x22 c:/program files (x86)/atmel/atmel toolchain/arm gcc/native/4.7.3.1029/arm-gnu-toolchain/bin/../lib/gcc/arm-none-eabi/4.7.3/../../../../arm-none-eabi/lib/armv7-m\libc.a(lib_a-svfiprintf.o)
 *(.ARM.extab* .gnu.linkonce.armextab.*)
                0x000834d4                . = ALIGN (0x4)
 *(.init)
 .init          0x000834d4        0x4 c:/program files (x86)/atmel/atmel toolchain/arm gcc/native/4.7.3.1029/arm-gnu-toolchain/bin/../lib/gcc/arm-none-eabi/4.7.3/armv7-m/crti.o
                0x000834d4                _init
 .init          0x000834d8        0x8 c:/program files (x86)/atmel/atmel toolchain/arm gcc/native/4.7.3.1029/arm-gnu-toolchain/bin/../lib/gcc/arm-none-eabi/4.7.3/armv7-m/crtn.o
                0x000834e0                . = ALIGN (0x4)
                0x000834e0                __preinit_array_start = .
 *(.preinit_array)
                0x000834e0                __preinit_array_end = .
                0x000834e0                . = ALIGN (0x4)
                0x000834e0                __init_array_start = .
 *(SORT(.init_array.*))
 .init_array.00000
                0x000834e0        0x4 c:/program files (x86)/atmel/atmel toolchain/arm gcc/native/4.7.3.1029/arm-gnu-toolchain/bin/../lib/gcc/arm-none-eabi/4.7.3/../../../../arm-none-eabi/lib/armv7-m\libc.a(lib_a-__call_atexit.o)
 *(.init_array)
 .init_array    0x000834e4        0x4 c:/program files (x86)/atmel/atmel toolchain/arm gcc/native/4.7.3.1029/arm-gnu-toolchain/bin/../lib/gcc/arm-none-eabi/4.7.3/armv7-m/crtbegin.o
                0x000834e8                __init_array_end = .
                0x000834e8                . = ALIGN (0x4)
 *crtbegin.o(.ctors)
 *(EXCLUDE_FILE(*crtend.o) .ctors)
 *(SORT(.ctors.*))
 *crtend.o(.ctors)
                0x000834e8                . = ALIGN (0x4)
 *(.fini)
 .fini          0x000834e8        0x4 c:/program files (x86)/atmel/atmel toolchain/arm gcc/native/4.7.3.1029/arm-gnu-toolchain/bin/../lib/gcc/arm-none-eabi/4.7.3/armv7-m/crti.o
                0x000834e8                _fini
 .fini          0x000834ec        0x8 c:/program files (x86)/atmel/atmel toolchain/arm gcc/native/4.7.3.1029/arm-gnu-toolchain/bin/../lib/gcc/arm-none-eabi/4.7.3/armv7-m/crtn.o
                0x000834f4                . = ALIGN (0x4)
                0x000834f4                __fini_array_start = .
 *(.fini_array)
 .fini_array    0x000834f4        0x4 c:/program files (x86)/atmel/atmel toolchain/arm gcc/native/4.7.3.1029/arm-gnu-toolchain/bin/../lib/gcc/arm-none-eabi/4.7.3/armv7-m/crtbegin.o
 *(SORT(.fini_array.*))
                0x000834f8                __fini_array_end = .
 *crtbegin.o(.dtors)
 *(EXCLUDE_FILE(*crtend.o) .dtors)
 *(SORT(.dtors.*))
 *crtend.o(.dtors)
                0x000834f8                . = ALIGN (0x4)
                0x000834f8                _efixed = .
                0x000834f8                PROVIDE (__exidx_start, .)

.vfp11_veneer   0x000834f8        0x0
 .vfp11_veneer  0x00000000        0x0 linker stubs

.v4_bx          0x000834f8        0x0
 .v4_bx         0x00000000        0x0 linker stubs

.iplt           0x000834f8        0x0
 .iplt          0x00000000        0x0 c:/program files (x86)/atmel/atmel toolchain/arm gcc/native/4.7.3.1029/arm-gnu-toolchain/bin/../lib/gcc/arm-none-eabi/4.7.3/armv7-m/crtbegin.o

.ARM.exidx      0x000834f8        0x8
 *(.ARM.exidx* .gnu.linkonce.armexidx.*)
 .ARM.exidx     0x000834f8        0x8 c:/program files (x86)/atmel/atmel toolchain/arm gcc/native/4.7.3.1029/arm-gnu-toolchain/bin/../lib/gcc/arm-none-eabi/4.7.3/armv7-m\libgcc.a(_divdi3.o)
 .ARM.exidx     0x00083500        0x0 c:/program files (x86)/atmel/atmel toolchain/arm gcc/native/4.7.3.1029/arm-gnu-toolchain/bin/../lib/gcc/arm-none-eabi/4.7.3/armv7-m\libgcc.a(_udivdi3.o)
                                  0x8 (size before relaxing)
                0x00083500                PROVIDE (__exidx_end, .)

.eh_frame       0x00083500        0x0
 .eh_frame      0x00083500        0x0 c:/program files (x86)/atmel/atmel toolchain/arm gcc/native/4.7.3.1029/arm-gnu-toolchain/bin/../lib/gcc/arm-none-eabi/4.7.3/armv7-m/crtbegin.o

.rel.dyn        0x00083500        0x0
 .rel.iplt      0x00000000        0x0 c:/program files (x86)/atmel/atmel toolchain/arm gcc/native/4.7.3.1029/arm-gnu-toolchain/bin/../lib/gcc/arm-none-eabi/4.7.3/armv7-m/crtbegin.o

.jcr            0x00083500        0x0
 .jcr           0x00083500        0x0 c:/program files (x86)/atmel/atmel toolchain/arm gcc/native/4.7.3.1029/arm-gnu-toolchain/bin/../lib/gcc/arm-none-eabi/4.7.3/armv7-m/crtbegin.o

.tm_clone_table
                0x00083500        0x0
 .tm_clone_table
                0x00083500        0x0 c:/program files (x86)/atmel/atmel toolchain/arm gcc/native/4.7.3.1029/arm-gnu-toolchain/bin/../lib/gcc/arm-none-eabi/4.7.3/armv7-m/crtbegin.o
 .tm_clone_table
                0x00083500        0x0 c:/program files (x86)/atmel/atmel toolchain/arm gcc/native/4.7.3.1029/arm-gnu-toolchain/bin/../lib/gcc/arm-none-eabi/4.7.3/armv7-m/crtend.o

.igot.plt       0x00083500        0x0
 .igot.plt      0x00000000        0x0 c:/program files (x86)/atmel/atmel toolchain/arm gcc/native/4.7.3.1029/arm-gnu-toolchain/bin/../lib/gcc/arm-none-eabi/4.7.3/armv7-m/crtbegin.o
                0x00083500                . = ALIGN (0x4)
                0x00083500                _etext = .

.relocate       0x20070000      0x848 load address 0x00083500
                0x20070000                . = ALIGN (0x4)
                0x20070000                _srelocate = .
 *(.ramfunc .ramfunc.*)
 *(.data .data.*)
 .data.SystemCoreClock
                0x20070000        0x4 src/ASF/sam/utils/cmsis/sam3x/source/templates/system_sam3x.o
                0x20070000                SystemCoreClock
 *fill*         0x20070004        0x4 00
 .data          0x20070008      0x430 c:/program files (x86)/atmel/atmel toolchain/arm gcc/native/4.7.3.1029/arm-gnu-toolchain/bin/../lib/gcc/arm-none-eabi/4.7.3/../../../../arm-none-eabi/lib/armv7-m\libc.a(lib_a-impure.o)
                0x20070008                _impure_ptr
 .data          0x20070438      0x410 c:/program files (x86)/atmel/atmel toolchain/arm gcc/native/4.7.3.1029/arm-gnu-toolchain/bin/../lib/gcc/arm-none-eabi/4.7.3/../../../../arm-none-eabi/lib/armv7-m\libc.a(lib_a-mallocr.o)
                0x20070438                __malloc_av_
                0x20070840                __malloc_sbrk_base
                0x20070844                __malloc_trim_threshold
                0x20070848                . = ALIGN (0x4)
                0x20070848                _erelocate = .

.bss            0x20070848       0xc8 load address 0x00083d48
                0x20070848                . = ALIGN (0x4)
                0x20070848                _sbss = .
                0x20070848                _szero = .
 *(.bss .bss.*)
 .bss           0x20070848       0x1c c:/program files (x86)/atmel/atmel toolchain/arm gcc/native/4.7.3.1029/arm-gnu-toolchain/bin/../lib/gcc/arm-none-eabi/4.7.3/armv7-m/crtbegin.o
 .bss.gs_interrupt_sources
                0x20070864       0x70 src/ASF/sam/drivers/pio/pio_handler.o
 .bss.heap.5084
                0x200708d4        0x4 src/ASF/sam/utils/syscalls/gcc/syscalls.o
 .bss           0x200708d8       0x34 c:/program files (x86)/atmel/atmel toolchain/arm gcc/native/4.7.3.1029/arm-gnu-toolchain/bin/../lib/gcc/arm-none-eabi/4.7.3/../../../../arm-none-eabi/lib/armv7-m\libc.a(lib_a-mallocr.o)
                0x200708d8                __malloc_top_pad
                0x200708dc                __malloc_current_mallinfo
                0x20070904                __malloc_max_sbrked_mem
                0x20070908                __malloc_max_total_mem
 *(COMMON)
 COMMON         0x2007090c        0x4 c:/program files (x86)/atmel/atmel toolchain/arm gcc/native/4.7.3.1029/arm-gnu-toolchain/bin/../lib/gcc/arm-none-eabi/4.7.3/../../../../arm-none-eabi/lib/armv7-m\libc.a(lib_a-reent.o)
                0x2007090c                errno
                0x20070910                . = ALIGN (0x4)
                0x20070910                _ebss = .
                0x20070910                _ezero = .

.stack          0x20070910     0x2000 load address 0x00083e10
                0x20070910                . = ALIGN (0x8)
                0x20070910                _sstack = .
                0x20072910                . = (. + __stack_size__)
 *fill*         0x20070910     0x2000 00
                0x20072910                . = ALIGN (0x8)
                0x20072910                _estack = .
                0x20072910                . = ALIGN (0x4)
                0x20072910                _end = .
OUTPUT(Lab1c_project.elf elf32-littlearm)

.ARM.attributes
                0x00000000       0x29
 .ARM.attributes
                0x00000000       0x1d c:/program files (x86)/atmel/atmel toolchain/arm gcc/native/4.7.3.1029/arm-gnu-toolchain/bin/../lib/gcc/arm-none-eabi/4.7.3/armv7-m/crti.o
 .ARM.attributes
                0x0000001d       0x2d c:/program files (x86)/atmel/atmel toolchain/arm gcc/native/4.7.3.1029/arm-gnu-toolchain/bin/../lib/gcc/arm-none-eabi/4.7.3/armv7-m/crtbegin.o
 .ARM.attributes
                0x0000004a       0x33 src/ASF/sam/drivers/adc/adc.o
 .ARM.attributes
                0x0000007d       0x33 src/ASF/sam/drivers/tc/tc.o
 .ARM.attributes
                0x000000b0       0x33 src/LCDShield.o
 .ARM.attributes
                0x000000e3       0x33 src/main.o
 .ARM.attributes
                0x00000116       0x33 src/ASF/common/services/clock/sam3x/sysclk.o
 .ARM.attributes
                0x00000149       0x33 src/ASF/sam/boards/arduino_due_x/init.o
 .ARM.attributes
                0x0000017c       0x33 src/ASF/sam/drivers/pio/pio.o
 .ARM.attributes
                0x000001af       0x33 src/ASF/sam/drivers/pio/pio_handler.o
 .ARM.attributes
                0x000001e2       0x33 src/ASF/sam/drivers/pmc/pmc.o
 .ARM.attributes
                0x00000215       0x33 src/ASF/sam/utils/cmsis/sam3x/source/templates/exceptions.o
 .ARM.attributes
                0x00000248       0x33 src/ASF/sam/utils/cmsis/sam3x/source/templates/gcc/startup_sam3x.o
 .ARM.attributes
                0x0000027b       0x33 src/ASF/sam/utils/cmsis/sam3x/source/templates/system_sam3x.o
 .ARM.attributes
                0x000002ae       0x33 src/ASF/sam/utils/syscalls/gcc/syscalls.o
 .ARM.attributes
                0x000002e1       0x33 src/myADC.o
 .ARM.attributes
                0x00000314       0x2d c:/program files (x86)/atmel/atmel toolchain/arm gcc/native/4.7.3.1029/arm-gnu-toolchain/bin/../lib/gcc/arm-none-eabi/4.7.3/../../../../arm-none-eabi/lib/armv7-m\libc.a(lib_a-__atexit.o)
 .ARM.attributes
                0x00000341       0x2d c:/program files (x86)/atmel/atmel toolchain/arm gcc/native/4.7.3.1029/arm-gnu-toolchain/bin/../lib/gcc/arm-none-eabi/4.7.3/../../../../arm-none-eabi/lib/armv7-m\libc.a(lib_a-fini.o)
 .ARM.attributes
                0x0000036e       0x2d c:/program files (x86)/atmel/atmel toolchain/arm gcc/native/4.7.3.1029/arm-gnu-toolchain/bin/../lib/gcc/arm-none-eabi/4.7.3/../../../../arm-none-eabi/lib/armv7-m\libc.a(lib_a-impure.o)
 .ARM.attributes
                0x0000039b       0x2d c:/program files (x86)/atmel/atmel toolchain/arm gcc/native/4.7.3.1029/arm-gnu-toolchain/bin/../lib/gcc/arm-none-eabi/4.7.3/../../../../arm-none-eabi/lib/armv7-m\libc.a(lib_a-init.o)
 .ARM.attributes
                0x000003c8       0x2d c:/program files (x86)/atmel/atmel toolchain/arm gcc/native/4.7.3.1029/arm-gnu-toolchain/bin/../lib/gcc/arm-none-eabi/4.7.3/../../../../arm-none-eabi/lib/armv7-m\libc.a(lib_a-sprintf.o)
 .ARM.attributes
                0x000003f5       0x2d c:/program files (x86)/atmel/atmel toolchain/arm gcc/native/4.7.3.1029/arm-gnu-toolchain/bin/../lib/gcc/arm-none-eabi/4.7.3/../../../../arm-none-eabi/lib/armv7-m\libc.a(lib_a-strlen.o)
 .ARM.attributes
                0x00000422       0x2d c:/program files (x86)/atmel/atmel toolchain/arm gcc/native/4.7.3.1029/arm-gnu-toolchain/bin/../lib/gcc/arm-none-eabi/4.7.3/../../../../arm-none-eabi/lib/armv7-m\libc.a(lib_a-svfprintf.o)
 .ARM.attributes
                0x0000044f       0x2d c:/program files (x86)/atmel/atmel toolchain/arm gcc/native/4.7.3.1029/arm-gnu-toolchain/bin/../lib/gcc/arm-none-eabi/4.7.3/../../../../arm-none-eabi/lib/armv7-m\libc.a(lib_a-__call_atexit.o)
 .ARM.attributes
                0x0000047c       0x2d c:/program files (x86)/atmel/atmel toolchain/arm gcc/native/4.7.3.1029/arm-gnu-toolchain/bin/../lib/gcc/arm-none-eabi/4.7.3/../../../../arm-none-eabi/lib/armv7-m\libc.a(lib_a-atexit.o)
 .ARM.attributes
                0x000004a9       0x2d c:/program files (x86)/atmel/atmel toolchain/arm gcc/native/4.7.3.1029/arm-gnu-toolchain/bin/../lib/gcc/arm-none-eabi/4.7.3/../../../../arm-none-eabi/lib/armv7-m\libc.a(lib_a-freer.o)
 .ARM.attributes
                0x000004d6       0x2d c:/program files (x86)/atmel/atmel toolchain/arm gcc/native/4.7.3.1029/arm-gnu-toolchain/bin/../lib/gcc/arm-none-eabi/4.7.3/../../../../arm-none-eabi/lib/armv7-m\libc.a(lib_a-mallocr.o)
 .ARM.attributes
                0x00000503       0x2d c:/program files (x86)/atmel/atmel toolchain/arm gcc/native/4.7.3.1029/arm-gnu-toolchain/bin/../lib/gcc/arm-none-eabi/4.7.3/../../../../arm-none-eabi/lib/armv7-m\libc.a(lib_a-memchr.o)
 .ARM.attributes
                0x00000530       0x2d c:/program files (x86)/atmel/atmel toolchain/arm gcc/native/4.7.3.1029/arm-gnu-toolchain/bin/../lib/gcc/arm-none-eabi/4.7.3/../../../../arm-none-eabi/lib/armv7-m\libc.a(lib_a-memcpy.o)
 .ARM.attributes
                0x0000055d       0x2d c:/program files (x86)/atmel/atmel toolchain/arm gcc/native/4.7.3.1029/arm-gnu-toolchain/bin/../lib/gcc/arm-none-eabi/4.7.3/../../../../arm-none-eabi/lib/armv7-m\libc.a(lib_a-memmove.o)
 .ARM.attributes
                0x0000058a       0x2d c:/program files (x86)/atmel/atmel toolchain/arm gcc/native/4.7.3.1029/arm-gnu-toolchain/bin/../lib/gcc/arm-none-eabi/4.7.3/../../../../arm-none-eabi/lib/armv7-m\libc.a(lib_a-mlock.o)
 .ARM.attributes
                0x000005b7       0x2d c:/program files (x86)/atmel/atmel toolchain/arm gcc/native/4.7.3.1029/arm-gnu-toolchain/bin/../lib/gcc/arm-none-eabi/4.7.3/../../../../arm-none-eabi/lib/armv7-m\libc.a(lib_a-reallocr.o)
 .ARM.attributes
                0x000005e4       0x2d c:/program files (x86)/atmel/atmel toolchain/arm gcc/native/4.7.3.1029/arm-gnu-toolchain/bin/../lib/gcc/arm-none-eabi/4.7.3/../../../../arm-none-eabi/lib/armv7-m\libc.a(lib_a-sbrkr.o)
 .ARM.attributes
                0x00000611       0x2d c:/program files (x86)/atmel/atmel toolchain/arm gcc/native/4.7.3.1029/arm-gnu-toolchain/bin/../lib/gcc/arm-none-eabi/4.7.3/../../../../arm-none-eabi/lib/armv7-m\libc.a(lib_a-svfiprintf.o)
 .ARM.attributes
                0x0000063e       0x2d c:/program files (x86)/atmel/atmel toolchain/arm gcc/native/4.7.3.1029/arm-gnu-toolchain/bin/../lib/gcc/arm-none-eabi/4.7.3/../../../../arm-none-eabi/lib/armv7-m\libc.a(lib_a-reent.o)
 .ARM.attributes
                0x0000066b       0x1d c:/program files (x86)/atmel/atmel toolchain/arm gcc/native/4.7.3.1029/arm-gnu-toolchain/bin/../lib/gcc/arm-none-eabi/4.7.3/armv7-m\libgcc.a(_aeabi_uldivmod.o)
 .ARM.attributes
                0x00000688       0x2d c:/program files (x86)/atmel/atmel toolchain/arm gcc/native/4.7.3.1029/arm-gnu-toolchain/bin/../lib/gcc/arm-none-eabi/4.7.3/armv7-m\libgcc.a(bpabi.o)
 .ARM.attributes
                0x000006b5       0x1d c:/program files (x86)/atmel/atmel toolchain/arm gcc/native/4.7.3.1029/arm-gnu-toolchain/bin/../lib/gcc/arm-none-eabi/4.7.3/armv7-m\libgcc.a(_dvmd_tls.o)
 .ARM.attributes
                0x000006d2       0x2d c:/program files (x86)/atmel/atmel toolchain/arm gcc/native/4.7.3.1029/arm-gnu-toolchain/bin/../lib/gcc/arm-none-eabi/4.7.3/armv7-m\libgcc.a(_divdi3.o)
 .ARM.attributes
                0x000006ff       0x2d c:/program files (x86)/atmel/atmel toolchain/arm gcc/native/4.7.3.1029/arm-gnu-toolchain/bin/../lib/gcc/arm-none-eabi/4.7.3/armv7-m\libgcc.a(_udivdi3.o)
 .ARM.attributes
                0x0000072c       0x2d c:/program files (x86)/atmel/atmel toolchain/arm gcc/native/4.7.3.1029/arm-gnu-toolchain/bin/../lib/gcc/arm-none-eabi/4.7.3/armv7-m/crtend.o
 .ARM.attributes
                0x00000759       0x1d c:/program files (x86)/atmel/atmel toolchain/arm gcc/native/4.7.3.1029/arm-gnu-toolchain/bin/../lib/gcc/arm-none-eabi/4.7.3/armv7-m/crtn.o

.comment        0x00000000       0x71
 .comment       0x00000000       0x71 c:/program files (x86)/atmel/atmel toolchain/arm gcc/native/4.7.3.1029/arm-gnu-toolchain/bin/../lib/gcc/arm-none-eabi/4.7.3/armv7-m/crtbegin.o
                                 0x72 (size before relaxing)
 .comment       0x00000000       0x72 src/ASF/sam/drivers/adc/adc.o
 .comment       0x00000000       0x72 src/ASF/sam/drivers/tc/tc.o
 .comment       0x00000000       0x72 src/LCDShield.o
 .comment       0x00000000       0x72 src/main.o
 .comment       0x00000000       0x72 src/ASF/common/services/clock/sam3x/sysclk.o
 .comment       0x00000000       0x72 src/ASF/sam/boards/arduino_due_x/init.o
 .comment       0x00000000       0x72 src/ASF/sam/drivers/pio/pio.o
 .comment       0x00000000       0x72 src/ASF/sam/drivers/pio/pio_handler.o
 .comment       0x00000000       0x72 src/ASF/sam/drivers/pmc/pmc.o
 .comment       0x00000000       0x72 src/ASF/sam/utils/cmsis/sam3x/source/templates/exceptions.o
 .comment       0x00000000       0x72 src/ASF/sam/utils/cmsis/sam3x/source/templates/gcc/startup_sam3x.o
 .comment       0x00000000       0x72 src/ASF/sam/utils/cmsis/sam3x/source/templates/system_sam3x.o
 .comment       0x00000000       0x72 src/ASF/sam/utils/syscalls/gcc/syscalls.o
 .comment       0x00000000       0x72 src/myADC.o
 .comment       0x00000000       0x72 c:/program files (x86)/atmel/atmel toolchain/arm gcc/native/4.7.3.1029/arm-gnu-toolchain/bin/../lib/gcc/arm-none-eabi/4.7.3/../../../../arm-none-eabi/lib/armv7-m\libc.a(lib_a-__atexit.o)
 .comment       0x00000000       0x72 c:/program files (x86)/atmel/atmel toolchain/arm gcc/native/4.7.3.1029/arm-gnu-toolchain/bin/../lib/gcc/arm-none-eabi/4.7.3/../../../../arm-none-eabi/lib/armv7-m\libc.a(lib_a-fini.o)
 .comment       0x00000000       0x72 c:/program files (x86)/atmel/atmel toolchain/arm gcc/native/4.7.3.1029/arm-gnu-toolchain/bin/../lib/gcc/arm-none-eabi/4.7.3/../../../../arm-none-eabi/lib/armv7-m\libc.a(lib_a-impure.o)
 .comment       0x00000000       0x72 c:/program files (x86)/atmel/atmel toolchain/arm gcc/native/4.7.3.1029/arm-gnu-toolchain/bin/../lib/gcc/arm-none-eabi/4.7.3/../../../../arm-none-eabi/lib/armv7-m\libc.a(lib_a-init.o)
 .comment       0x00000000       0x72 c:/program files (x86)/atmel/atmel toolchain/arm gcc/native/4.7.3.1029/arm-gnu-toolchain/bin/../lib/gcc/arm-none-eabi/4.7.3/../../../../arm-none-eabi/lib/armv7-m\libc.a(lib_a-sprintf.o)
 .comment       0x00000000       0x72 c:/program files (x86)/atmel/atmel toolchain/arm gcc/native/4.7.3.1029/arm-gnu-toolchain/bin/../lib/gcc/arm-none-eabi/4.7.3/../../../../arm-none-eabi/lib/armv7-m\libc.a(lib_a-strlen.o)
 .comment       0x00000000       0x72 c:/program files (x86)/atmel/atmel toolchain/arm gcc/native/4.7.3.1029/arm-gnu-toolchain/bin/../lib/gcc/arm-none-eabi/4.7.3/../../../../arm-none-eabi/lib/armv7-m\libc.a(lib_a-svfprintf.o)
 .comment       0x00000000       0x72 c:/program files (x86)/atmel/atmel toolchain/arm gcc/native/4.7.3.1029/arm-gnu-toolchain/bin/../lib/gcc/arm-none-eabi/4.7.3/../../../../arm-none-eabi/lib/armv7-m\libc.a(lib_a-__call_atexit.o)
 .comment       0x00000000       0x72 c:/program files (x86)/atmel/atmel toolchain/arm gcc/native/4.7.3.1029/arm-gnu-toolchain/bin/../lib/gcc/arm-none-eabi/4.7.3/../../../../arm-none-eabi/lib/armv7-m\libc.a(lib_a-atexit.o)
 .comment       0x00000000       0x72 c:/program files (x86)/atmel/atmel toolchain/arm gcc/native/4.7.3.1029/arm-gnu-toolchain/bin/../lib/gcc/arm-none-eabi/4.7.3/../../../../arm-none-eabi/lib/armv7-m\libc.a(lib_a-freer.o)
 .comment       0x00000000       0x72 c:/program files (x86)/atmel/atmel toolchain/arm gcc/native/4.7.3.1029/arm-gnu-toolchain/bin/../lib/gcc/arm-none-eabi/4.7.3/../../../../arm-none-eabi/lib/armv7-m\libc.a(lib_a-mallocr.o)
 .comment       0x00000000       0x72 c:/program files (x86)/atmel/atmel toolchain/arm gcc/native/4.7.3.1029/arm-gnu-toolchain/bin/../lib/gcc/arm-none-eabi/4.7.3/../../../../arm-none-eabi/lib/armv7-m\libc.a(lib_a-memchr.o)
 .comment       0x00000000       0x72 c:/program files (x86)/atmel/atmel toolchain/arm gcc/native/4.7.3.1029/arm-gnu-toolchain/bin/../lib/gcc/arm-none-eabi/4.7.3/../../../../arm-none-eabi/lib/armv7-m\libc.a(lib_a-memcpy.o)
 .comment       0x00000000       0x72 c:/program files (x86)/atmel/atmel toolchain/arm gcc/native/4.7.3.1029/arm-gnu-toolchain/bin/../lib/gcc/arm-none-eabi/4.7.3/../../../../arm-none-eabi/lib/armv7-m\libc.a(lib_a-memmove.o)
 .comment       0x00000000       0x72 c:/program files (x86)/atmel/atmel toolchain/arm gcc/native/4.7.3.1029/arm-gnu-toolchain/bin/../lib/gcc/arm-none-eabi/4.7.3/../../../../arm-none-eabi/lib/armv7-m\libc.a(lib_a-mlock.o)
 .comment       0x00000000       0x72 c:/program files (x86)/atmel/atmel toolchain/arm gcc/native/4.7.3.1029/arm-gnu-toolchain/bin/../lib/gcc/arm-none-eabi/4.7.3/../../../../arm-none-eabi/lib/armv7-m\libc.a(lib_a-reallocr.o)
 .comment       0x00000000       0x72 c:/program files (x86)/atmel/atmel toolchain/arm gcc/native/4.7.3.1029/arm-gnu-toolchain/bin/../lib/gcc/arm-none-eabi/4.7.3/../../../../arm-none-eabi/lib/armv7-m\libc.a(lib_a-sbrkr.o)
 .comment       0x00000000       0x72 c:/program files (x86)/atmel/atmel toolchain/arm gcc/native/4.7.3.1029/arm-gnu-toolchain/bin/../lib/gcc/arm-none-eabi/4.7.3/../../../../arm-none-eabi/lib/armv7-m\libc.a(lib_a-svfiprintf.o)
 .comment       0x00000000       0x72 c:/program files (x86)/atmel/atmel toolchain/arm gcc/native/4.7.3.1029/arm-gnu-toolchain/bin/../lib/gcc/arm-none-eabi/4.7.3/../../../../arm-none-eabi/lib/armv7-m\libc.a(lib_a-reent.o)
 .comment       0x00000000       0x72 c:/program files (x86)/atmel/atmel toolchain/arm gcc/native/4.7.3.1029/arm-gnu-toolchain/bin/../lib/gcc/arm-none-eabi/4.7.3/armv7-m\libgcc.a(bpabi.o)
 .comment       0x00000000       0x72 c:/program files (x86)/atmel/atmel toolchain/arm gcc/native/4.7.3.1029/arm-gnu-toolchain/bin/../lib/gcc/arm-none-eabi/4.7.3/armv7-m\libgcc.a(_divdi3.o)
 .comment       0x00000000       0x72 c:/program files (x86)/atmel/atmel toolchain/arm gcc/native/4.7.3.1029/arm-gnu-toolchain/bin/../lib/gcc/arm-none-eabi/4.7.3/armv7-m\libgcc.a(_udivdi3.o)
 .comment       0x00000000       0x72 c:/program files (x86)/atmel/atmel toolchain/arm gcc/native/4.7.3.1029/arm-gnu-toolchain/bin/../lib/gcc/arm-none-eabi/4.7.3/armv7-m/crtend.o

.debug_info     0x00000000    0x14bab
 .debug_info    0x00000000     0x1114 src/ASF/sam/drivers/adc/adc.o
 .debug_info    0x00001114      0x932 src/ASF/sam/drivers/tc/tc.o
 .debug_info    0x00001a46     0x21d8 src/LCDShield.o
 .debug_info    0x00003c1e      0xf20 src/main.o
 .debug_info    0x00004b3e      0x74e src/ASF/common/services/clock/sam3x/sysclk.o
 .debug_info    0x0000528c      0x729 src/ASF/sam/boards/arduino_due_x/init.o
 .debug_info    0x000059b5     0x11ab src/ASF/sam/drivers/pio/pio.o
 .debug_info    0x00006b60      0xdc8 src/ASF/sam/drivers/pio/pio_handler.o
 .debug_info    0x00007928     0x101b src/ASF/sam/drivers/pmc/pmc.o
 .debug_info    0x00008943       0xae src/ASF/sam/utils/cmsis/sam3x/source/templates/exceptions.o
 .debug_info    0x000089f1      0x344 src/ASF/sam/utils/cmsis/sam3x/source/templates/gcc/startup_sam3x.o
 .debug_info    0x00008d35      0x462 src/ASF/sam/utils/cmsis/sam3x/source/templates/system_sam3x.o
 .debug_info    0x00009197      0x427 src/ASF/sam/utils/syscalls/gcc/syscalls.o
 .debug_info    0x000095be      0xef5 src/myADC.o
 .debug_info    0x0000a4b3      0xa15 c:/program files (x86)/atmel/atmel toolchain/arm gcc/native/4.7.3.1029/arm-gnu-toolchain/bin/../lib/gcc/arm-none-eabi/4.7.3/../../../../arm-none-eabi/lib/armv7-m\libc.a(lib_a-__atexit.o)
 .debug_info    0x0000aec8       0xf7 c:/program files (x86)/atmel/atmel toolchain/arm gcc/native/4.7.3.1029/arm-gnu-toolchain/bin/../lib/gcc/arm-none-eabi/4.7.3/../../../../arm-none-eabi/lib/armv7-m\libc.a(lib_a-fini.o)
 .debug_info    0x0000afbf      0x961 c:/program files (x86)/atmel/atmel toolchain/arm gcc/native/4.7.3.1029/arm-gnu-toolchain/bin/../lib/gcc/arm-none-eabi/4.7.3/../../../../arm-none-eabi/lib/armv7-m\libc.a(lib_a-impure.o)
 .debug_info    0x0000b920      0x110 c:/program files (x86)/atmel/atmel toolchain/arm gcc/native/4.7.3.1029/arm-gnu-toolchain/bin/../lib/gcc/arm-none-eabi/4.7.3/../../../../arm-none-eabi/lib/armv7-m\libc.a(lib_a-init.o)
 .debug_info    0x0000ba30      0xacf c:/program files (x86)/atmel/atmel toolchain/arm gcc/native/4.7.3.1029/arm-gnu-toolchain/bin/../lib/gcc/arm-none-eabi/4.7.3/../../../../arm-none-eabi/lib/armv7-m\libc.a(lib_a-sprintf.o)
 .debug_info    0x0000c4ff       0xcd c:/program files (x86)/atmel/atmel toolchain/arm gcc/native/4.7.3.1029/arm-gnu-toolchain/bin/../lib/gcc/arm-none-eabi/4.7.3/../../../../arm-none-eabi/lib/armv7-m\libc.a(lib_a-strlen.o)
 .debug_info    0x0000c5cc      0xf5d c:/program files (x86)/atmel/atmel toolchain/arm gcc/native/4.7.3.1029/arm-gnu-toolchain/bin/../lib/gcc/arm-none-eabi/4.7.3/../../../../arm-none-eabi/lib/armv7-m\libc.a(lib_a-svfprintf.o)
 .debug_info    0x0000d529      0xa7c c:/program files (x86)/atmel/atmel toolchain/arm gcc/native/4.7.3.1029/arm-gnu-toolchain/bin/../lib/gcc/arm-none-eabi/4.7.3/../../../../arm-none-eabi/lib/armv7-m\libc.a(lib_a-__call_atexit.o)
 .debug_info    0x0000dfa5      0x10f c:/program files (x86)/atmel/atmel toolchain/arm gcc/native/4.7.3.1029/arm-gnu-toolchain/bin/../lib/gcc/arm-none-eabi/4.7.3/../../../../arm-none-eabi/lib/armv7-m\libc.a(lib_a-atexit.o)
 .debug_info    0x0000e0b4      0xd0f c:/program files (x86)/atmel/atmel toolchain/arm gcc/native/4.7.3.1029/arm-gnu-toolchain/bin/../lib/gcc/arm-none-eabi/4.7.3/../../../../arm-none-eabi/lib/armv7-m\libc.a(lib_a-freer.o)
 .debug_info    0x0000edc3      0xe25 c:/program files (x86)/atmel/atmel toolchain/arm gcc/native/4.7.3.1029/arm-gnu-toolchain/bin/../lib/gcc/arm-none-eabi/4.7.3/../../../../arm-none-eabi/lib/armv7-m\libc.a(lib_a-mallocr.o)
 .debug_info    0x0000fbe8       0xf9 c:/program files (x86)/atmel/atmel toolchain/arm gcc/native/4.7.3.1029/arm-gnu-toolchain/bin/../lib/gcc/arm-none-eabi/4.7.3/../../../../arm-none-eabi/lib/armv7-m\libc.a(lib_a-memchr.o)
 .debug_info    0x0000fce1      0x103 c:/program files (x86)/atmel/atmel toolchain/arm gcc/native/4.7.3.1029/arm-gnu-toolchain/bin/../lib/gcc/arm-none-eabi/4.7.3/../../../../arm-none-eabi/lib/armv7-m\libc.a(lib_a-memcpy.o)
 .debug_info    0x0000fde4      0x103 c:/program files (x86)/atmel/atmel toolchain/arm gcc/native/4.7.3.1029/arm-gnu-toolchain/bin/../lib/gcc/arm-none-eabi/4.7.3/../../../../arm-none-eabi/lib/armv7-m\libc.a(lib_a-memmove.o)
 .debug_info    0x0000fee7      0x985 c:/program files (x86)/atmel/atmel toolchain/arm gcc/native/4.7.3.1029/arm-gnu-toolchain/bin/../lib/gcc/arm-none-eabi/4.7.3/../../../../arm-none-eabi/lib/armv7-m\libc.a(lib_a-mlock.o)
 .debug_info    0x0001086c      0xd3c c:/program files (x86)/atmel/atmel toolchain/arm gcc/native/4.7.3.1029/arm-gnu-toolchain/bin/../lib/gcc/arm-none-eabi/4.7.3/../../../../arm-none-eabi/lib/armv7-m\libc.a(lib_a-reallocr.o)
 .debug_info    0x000115a8      0x9cc c:/program files (x86)/atmel/atmel toolchain/arm gcc/native/4.7.3.1029/arm-gnu-toolchain/bin/../lib/gcc/arm-none-eabi/4.7.3/../../../../arm-none-eabi/lib/armv7-m\libc.a(lib_a-sbrkr.o)
 .debug_info    0x00011f74     0x10df c:/program files (x86)/atmel/atmel toolchain/arm gcc/native/4.7.3.1029/arm-gnu-toolchain/bin/../lib/gcc/arm-none-eabi/4.7.3/../../../../arm-none-eabi/lib/armv7-m\libc.a(lib_a-svfiprintf.o)
 .debug_info    0x00013053      0xb23 c:/program files (x86)/atmel/atmel toolchain/arm gcc/native/4.7.3.1029/arm-gnu-toolchain/bin/../lib/gcc/arm-none-eabi/4.7.3/../../../../arm-none-eabi/lib/armv7-m\libc.a(lib_a-reent.o)
 .debug_info    0x00013b76       0xfd c:/program files (x86)/atmel/atmel toolchain/arm gcc/native/4.7.3.1029/arm-gnu-toolchain/bin/../lib/gcc/arm-none-eabi/4.7.3/armv7-m\libgcc.a(_aeabi_uldivmod.o)
 .debug_info    0x00013c73      0x170 c:/program files (x86)/atmel/atmel toolchain/arm gcc/native/4.7.3.1029/arm-gnu-toolchain/bin/../lib/gcc/arm-none-eabi/4.7.3/armv7-m\libgcc.a(bpabi.o)
 .debug_info    0x00013de3      0x101 c:/program files (x86)/atmel/atmel toolchain/arm gcc/native/4.7.3.1029/arm-gnu-toolchain/bin/../lib/gcc/arm-none-eabi/4.7.3/armv7-m\libgcc.a(_dvmd_tls.o)
 .debug_info    0x00013ee4      0x682 c:/program files (x86)/atmel/atmel toolchain/arm gcc/native/4.7.3.1029/arm-gnu-toolchain/bin/../lib/gcc/arm-none-eabi/4.7.3/armv7-m\libgcc.a(_divdi3.o)
 .debug_info    0x00014566      0x645 c:/program files (x86)/atmel/atmel toolchain/arm gcc/native/4.7.3.1029/arm-gnu-toolchain/bin/../lib/gcc/arm-none-eabi/4.7.3/armv7-m\libgcc.a(_udivdi3.o)

.debug_abbrev   0x00000000     0x3c0b
 .debug_abbrev  0x00000000      0x235 src/ASF/sam/drivers/adc/adc.o
 .debug_abbrev  0x00000235      0x1bb src/ASF/sam/drivers/tc/tc.o
 .debug_abbrev  0x000003f0      0x327 src/LCDShield.o
 .debug_abbrev  0x00000717      0x269 src/main.o
 .debug_abbrev  0x00000980      0x227 src/ASF/common/services/clock/sam3x/sysclk.o
 .debug_abbrev  0x00000ba7      0x16f src/ASF/sam/boards/arduino_due_x/init.o
 .debug_abbrev  0x00000d16      0x214 src/ASF/sam/drivers/pio/pio.o
 .debug_abbrev  0x00000f2a      0x266 src/ASF/sam/drivers/pio/pio_handler.o
 .debug_abbrev  0x00001190      0x246 src/ASF/sam/drivers/pmc/pmc.o
 .debug_abbrev  0x000013d6       0x6c src/ASF/sam/utils/cmsis/sam3x/source/templates/exceptions.o
 .debug_abbrev  0x00001442      0x107 src/ASF/sam/utils/cmsis/sam3x/source/templates/gcc/startup_sam3x.o
 .debug_abbrev  0x00001549       0xf5 src/ASF/sam/utils/cmsis/sam3x/source/templates/system_sam3x.o
 .debug_abbrev  0x0000163e      0x141 src/ASF/sam/utils/syscalls/gcc/syscalls.o
 .debug_abbrev  0x0000177f      0x244 src/myADC.o
 .debug_abbrev  0x000019c3      0x1fe c:/program files (x86)/atmel/atmel toolchain/arm gcc/native/4.7.3.1029/arm-gnu-toolchain/bin/../lib/gcc/arm-none-eabi/4.7.3/../../../../arm-none-eabi/lib/armv7-m\libc.a(lib_a-__atexit.o)
 .debug_abbrev  0x00001bc1       0xbb c:/program files (x86)/atmel/atmel toolchain/arm gcc/native/4.7.3.1029/arm-gnu-toolchain/bin/../lib/gcc/arm-none-eabi/4.7.3/../../../../arm-none-eabi/lib/armv7-m\libc.a(lib_a-fini.o)
 .debug_abbrev  0x00001c7c      0x160 c:/program files (x86)/atmel/atmel toolchain/arm gcc/native/4.7.3.1029/arm-gnu-toolchain/bin/../lib/gcc/arm-none-eabi/4.7.3/../../../../arm-none-eabi/lib/armv7-m\libc.a(lib_a-impure.o)
 .debug_abbrev  0x00001ddc       0xb8 c:/program files (x86)/atmel/atmel toolchain/arm gcc/native/4.7.3.1029/arm-gnu-toolchain/bin/../lib/gcc/arm-none-eabi/4.7.3/../../../../arm-none-eabi/lib/armv7-m\libc.a(lib_a-init.o)
 .debug_abbrev  0x00001e94      0x1fa c:/program files (x86)/atmel/atmel toolchain/arm gcc/native/4.7.3.1029/arm-gnu-toolchain/bin/../lib/gcc/arm-none-eabi/4.7.3/../../../../arm-none-eabi/lib/armv7-m\libc.a(lib_a-sprintf.o)
 .debug_abbrev  0x0000208e       0x8a c:/program files (x86)/atmel/atmel toolchain/arm gcc/native/4.7.3.1029/arm-gnu-toolchain/bin/../lib/gcc/arm-none-eabi/4.7.3/../../../../arm-none-eabi/lib/armv7-m\libc.a(lib_a-strlen.o)
 .debug_abbrev  0x00002118      0x28d c:/program files (x86)/atmel/atmel toolchain/arm gcc/native/4.7.3.1029/arm-gnu-toolchain/bin/../lib/gcc/arm-none-eabi/4.7.3/../../../../arm-none-eabi/lib/armv7-m\libc.a(lib_a-svfprintf.o)
 .debug_abbrev  0x000023a5      0x265 c:/program files (x86)/atmel/atmel toolchain/arm gcc/native/4.7.3.1029/arm-gnu-toolchain/bin/../lib/gcc/arm-none-eabi/4.7.3/../../../../arm-none-eabi/lib/armv7-m\libc.a(lib_a-__call_atexit.o)
 .debug_abbrev  0x0000260a       0xb6 c:/program files (x86)/atmel/atmel toolchain/arm gcc/native/4.7.3.1029/arm-gnu-toolchain/bin/../lib/gcc/arm-none-eabi/4.7.3/../../../../arm-none-eabi/lib/armv7-m\libc.a(lib_a-atexit.o)
 .debug_abbrev  0x000026c0      0x248 c:/program files (x86)/atmel/atmel toolchain/arm gcc/native/4.7.3.1029/arm-gnu-toolchain/bin/../lib/gcc/arm-none-eabi/4.7.3/../../../../arm-none-eabi/lib/armv7-m\libc.a(lib_a-freer.o)
 .debug_abbrev  0x00002908      0x286 c:/program files (x86)/atmel/atmel toolchain/arm gcc/native/4.7.3.1029/arm-gnu-toolchain/bin/../lib/gcc/arm-none-eabi/4.7.3/../../../../arm-none-eabi/lib/armv7-m\libc.a(lib_a-mallocr.o)
 .debug_abbrev  0x00002b8e       0xa9 c:/program files (x86)/atmel/atmel toolchain/arm gcc/native/4.7.3.1029/arm-gnu-toolchain/bin/../lib/gcc/arm-none-eabi/4.7.3/../../../../arm-none-eabi/lib/armv7-m\libc.a(lib_a-memchr.o)
 .debug_abbrev  0x00002c37       0xa2 c:/program files (x86)/atmel/atmel toolchain/arm gcc/native/4.7.3.1029/arm-gnu-toolchain/bin/../lib/gcc/arm-none-eabi/4.7.3/../../../../arm-none-eabi/lib/armv7-m\libc.a(lib_a-memcpy.o)
 .debug_abbrev  0x00002cd9       0x9a c:/program files (x86)/atmel/atmel toolchain/arm gcc/native/4.7.3.1029/arm-gnu-toolchain/bin/../lib/gcc/arm-none-eabi/4.7.3/../../../../arm-none-eabi/lib/armv7-m\libc.a(lib_a-memmove.o)
 .debug_abbrev  0x00002d73      0x17a c:/program files (x86)/atmel/atmel toolchain/arm gcc/native/4.7.3.1029/arm-gnu-toolchain/bin/../lib/gcc/arm-none-eabi/4.7.3/../../../../arm-none-eabi/lib/armv7-m\libc.a(lib_a-mlock.o)
 .debug_abbrev  0x00002eed      0x265 c:/program files (x86)/atmel/atmel toolchain/arm gcc/native/4.7.3.1029/arm-gnu-toolchain/bin/../lib/gcc/arm-none-eabi/4.7.3/../../../../arm-none-eabi/lib/armv7-m\libc.a(lib_a-reallocr.o)
 .debug_abbrev  0x00003152      0x1dd c:/program files (x86)/atmel/atmel toolchain/arm gcc/native/4.7.3.1029/arm-gnu-toolchain/bin/../lib/gcc/arm-none-eabi/4.7.3/../../../../arm-none-eabi/lib/armv7-m\libc.a(lib_a-sbrkr.o)
 .debug_abbrev  0x0000332f      0x2e3 c:/program files (x86)/atmel/atmel toolchain/arm gcc/native/4.7.3.1029/arm-gnu-toolchain/bin/../lib/gcc/arm-none-eabi/4.7.3/../../../../arm-none-eabi/lib/armv7-m\libc.a(lib_a-svfiprintf.o)
 .debug_abbrev  0x00003612      0x26e c:/program files (x86)/atmel/atmel toolchain/arm gcc/native/4.7.3.1029/arm-gnu-toolchain/bin/../lib/gcc/arm-none-eabi/4.7.3/../../../../arm-none-eabi/lib/armv7-m\libc.a(lib_a-reent.o)
 .debug_abbrev  0x00003880       0x14 c:/program files (x86)/atmel/atmel toolchain/arm gcc/native/4.7.3.1029/arm-gnu-toolchain/bin/../lib/gcc/arm-none-eabi/4.7.3/armv7-m\libgcc.a(_aeabi_uldivmod.o)
 .debug_abbrev  0x00003894       0xb5 c:/program files (x86)/atmel/atmel toolchain/arm gcc/native/4.7.3.1029/arm-gnu-toolchain/bin/../lib/gcc/arm-none-eabi/4.7.3/armv7-m\libgcc.a(bpabi.o)
 .debug_abbrev  0x00003949       0x14 c:/program files (x86)/atmel/atmel toolchain/arm gcc/native/4.7.3.1029/arm-gnu-toolchain/bin/../lib/gcc/arm-none-eabi/4.7.3/armv7-m\libgcc.a(_dvmd_tls.o)
 .debug_abbrev  0x0000395d      0x15a c:/program files (x86)/atmel/atmel toolchain/arm gcc/native/4.7.3.1029/arm-gnu-toolchain/bin/../lib/gcc/arm-none-eabi/4.7.3/armv7-m\libgcc.a(_divdi3.o)
 .debug_abbrev  0x00003ab7      0x154 c:/program files (x86)/atmel/atmel toolchain/arm gcc/native/4.7.3.1029/arm-gnu-toolchain/bin/../lib/gcc/arm-none-eabi/4.7.3/armv7-m\libgcc.a(_udivdi3.o)

.debug_loc      0x00000000     0x8d54
 .debug_loc     0x00000000      0x989 src/ASF/sam/drivers/adc/adc.o
 .debug_loc     0x00000989      0x717 src/ASF/sam/drivers/tc/tc.o
 .debug_loc     0x000010a0      0x634 src/LCDShield.o
 .debug_loc     0x000016d4       0x3e src/main.o
 .debug_loc     0x00001712      0x12d src/ASF/common/services/clock/sam3x/sysclk.o
 .debug_loc     0x0000183f       0x20 src/ASF/sam/boards/arduino_due_x/init.o
 .debug_loc     0x0000185f      0x8dc src/ASF/sam/drivers/pio/pio.o
 .debug_loc     0x0000213b      0x4a4 src/ASF/sam/drivers/pio/pio_handler.o
 .debug_loc     0x000025df      0xadd src/ASF/sam/drivers/pmc/pmc.o
 .debug_loc     0x000030bc       0x20 src/ASF/sam/utils/cmsis/sam3x/source/templates/gcc/startup_sam3x.o
 .debug_loc     0x000030dc       0x6c src/ASF/sam/utils/cmsis/sam3x/source/templates/system_sam3x.o
 .debug_loc     0x00003148      0x112 src/ASF/sam/utils/syscalls/gcc/syscalls.o
 .debug_loc     0x0000325a       0x72 src/myADC.o
 .debug_loc     0x000032cc       0xfc c:/program files (x86)/atmel/atmel toolchain/arm gcc/native/4.7.3.1029/arm-gnu-toolchain/bin/../lib/gcc/arm-none-eabi/4.7.3/../../../../arm-none-eabi/lib/armv7-m\libc.a(lib_a-__atexit.o)
 .debug_loc     0x000033c8       0x33 c:/program files (x86)/atmel/atmel toolchain/arm gcc/native/4.7.3.1029/arm-gnu-toolchain/bin/../lib/gcc/arm-none-eabi/4.7.3/../../../../arm-none-eabi/lib/armv7-m\libc.a(lib_a-fini.o)
 .debug_loc     0x000033fb       0x4a c:/program files (x86)/atmel/atmel toolchain/arm gcc/native/4.7.3.1029/arm-gnu-toolchain/bin/../lib/gcc/arm-none-eabi/4.7.3/../../../../arm-none-eabi/lib/armv7-m\libc.a(lib_a-init.o)
 .debug_loc     0x00003445      0x107 c:/program files (x86)/atmel/atmel toolchain/arm gcc/native/4.7.3.1029/arm-gnu-toolchain/bin/../lib/gcc/arm-none-eabi/4.7.3/../../../../arm-none-eabi/lib/armv7-m\libc.a(lib_a-sprintf.o)
 .debug_loc     0x0000354c       0x21 c:/program files (x86)/atmel/atmel toolchain/arm gcc/native/4.7.3.1029/arm-gnu-toolchain/bin/../lib/gcc/arm-none-eabi/4.7.3/../../../../arm-none-eabi/lib/armv7-m\libc.a(lib_a-strlen.o)
 .debug_loc     0x0000356d      0xe29 c:/program files (x86)/atmel/atmel toolchain/arm gcc/native/4.7.3.1029/arm-gnu-toolchain/bin/../lib/gcc/arm-none-eabi/4.7.3/../../../../arm-none-eabi/lib/armv7-m\libc.a(lib_a-svfprintf.o)
 .debug_loc     0x00004396      0x13b c:/program files (x86)/atmel/atmel toolchain/arm gcc/native/4.7.3.1029/arm-gnu-toolchain/bin/../lib/gcc/arm-none-eabi/4.7.3/../../../../arm-none-eabi/lib/armv7-m\libc.a(lib_a-__call_atexit.o)
 .debug_loc     0x000044d1       0x2c c:/program files (x86)/atmel/atmel toolchain/arm gcc/native/4.7.3.1029/arm-gnu-toolchain/bin/../lib/gcc/arm-none-eabi/4.7.3/../../../../arm-none-eabi/lib/armv7-m\libc.a(lib_a-atexit.o)
 .debug_loc     0x000044fd      0x407 c:/program files (x86)/atmel/atmel toolchain/arm gcc/native/4.7.3.1029/arm-gnu-toolchain/bin/../lib/gcc/arm-none-eabi/4.7.3/../../../../arm-none-eabi/lib/armv7-m\libc.a(lib_a-freer.o)
 .debug_loc     0x00004904      0x75e c:/program files (x86)/atmel/atmel toolchain/arm gcc/native/4.7.3.1029/arm-gnu-toolchain/bin/../lib/gcc/arm-none-eabi/4.7.3/../../../../arm-none-eabi/lib/armv7-m\libc.a(lib_a-mallocr.o)
 .debug_loc     0x00005062       0x88 c:/program files (x86)/atmel/atmel toolchain/arm gcc/native/4.7.3.1029/arm-gnu-toolchain/bin/../lib/gcc/arm-none-eabi/4.7.3/../../../../arm-none-eabi/lib/armv7-m\libc.a(lib_a-memchr.o)
 .debug_loc     0x000050ea       0x59 c:/program files (x86)/atmel/atmel toolchain/arm gcc/native/4.7.3.1029/arm-gnu-toolchain/bin/../lib/gcc/arm-none-eabi/4.7.3/../../../../arm-none-eabi/lib/armv7-m\libc.a(lib_a-memcpy.o)
 .debug_loc     0x00005143       0xd4 c:/program files (x86)/atmel/atmel toolchain/arm gcc/native/4.7.3.1029/arm-gnu-toolchain/bin/../lib/gcc/arm-none-eabi/4.7.3/../../../../arm-none-eabi/lib/armv7-m\libc.a(lib_a-memmove.o)
 .debug_loc     0x00005217      0xc4a c:/program files (x86)/atmel/atmel toolchain/arm gcc/native/4.7.3.1029/arm-gnu-toolchain/bin/../lib/gcc/arm-none-eabi/4.7.3/../../../../arm-none-eabi/lib/armv7-m\libc.a(lib_a-reallocr.o)
 .debug_loc     0x00005e61       0x5f c:/program files (x86)/atmel/atmel toolchain/arm gcc/native/4.7.3.1029/arm-gnu-toolchain/bin/../lib/gcc/arm-none-eabi/4.7.3/../../../../arm-none-eabi/lib/armv7-m\libc.a(lib_a-sbrkr.o)
 .debug_loc     0x00005ec0      0xfe3 c:/program files (x86)/atmel/atmel toolchain/arm gcc/native/4.7.3.1029/arm-gnu-toolchain/bin/../lib/gcc/arm-none-eabi/4.7.3/../../../../arm-none-eabi/lib/armv7-m\libc.a(lib_a-svfiprintf.o)
 .debug_loc     0x00006ea3      0x15a c:/program files (x86)/atmel/atmel toolchain/arm gcc/native/4.7.3.1029/arm-gnu-toolchain/bin/../lib/gcc/arm-none-eabi/4.7.3/../../../../arm-none-eabi/lib/armv7-m\libc.a(lib_a-reent.o)
 .debug_loc     0x00006ffd       0xe0 c:/program files (x86)/atmel/atmel toolchain/arm gcc/native/4.7.3.1029/arm-gnu-toolchain/bin/../lib/gcc/arm-none-eabi/4.7.3/armv7-m\libgcc.a(bpabi.o)
 .debug_loc     0x000070dd      0xdf1 c:/program files (x86)/atmel/atmel toolchain/arm gcc/native/4.7.3.1029/arm-gnu-toolchain/bin/../lib/gcc/arm-none-eabi/4.7.3/armv7-m\libgcc.a(_divdi3.o)
 .debug_loc     0x00007ece      0xe86 c:/program files (x86)/atmel/atmel toolchain/arm gcc/native/4.7.3.1029/arm-gnu-toolchain/bin/../lib/gcc/arm-none-eabi/4.7.3/armv7-m\libgcc.a(_udivdi3.o)

.debug_aranges  0x00000000      0xaa0
 .debug_aranges
                0x00000000      0x178 src/ASF/sam/drivers/adc/adc.o
 .debug_aranges
                0x00000178       0xd0 src/ASF/sam/drivers/tc/tc.o
 .debug_aranges
                0x00000248       0x50 src/LCDShield.o
 .debug_aranges
                0x00000298       0x20 src/main.o
 .debug_aranges
                0x000002b8       0x40 src/ASF/common/services/clock/sam3x/sysclk.o
 .debug_aranges
                0x000002f8       0x20 src/ASF/sam/boards/arduino_due_x/init.o
 .debug_aranges
                0x00000318      0x148 src/ASF/sam/drivers/pio/pio.o
 .debug_aranges
                0x00000460       0x58 src/ASF/sam/drivers/pio/pio_handler.o
 .debug_aranges
                0x000004b8      0x1f8 src/ASF/sam/drivers/pmc/pmc.o
 .debug_aranges
                0x000006b0       0x20 src/ASF/sam/utils/cmsis/sam3x/source/templates/exceptions.o
 .debug_aranges
                0x000006d0       0x20 src/ASF/sam/utils/cmsis/sam3x/source/templates/gcc/startup_sam3x.o
 .debug_aranges
                0x000006f0       0x30 src/ASF/sam/utils/cmsis/sam3x/source/templates/system_sam3x.o
 .debug_aranges
                0x00000720       0x60 src/ASF/sam/utils/syscalls/gcc/syscalls.o
 .debug_aranges
                0x00000780       0x20 src/myADC.o
 .debug_aranges
                0x000007a0       0x20 c:/program files (x86)/atmel/atmel toolchain/arm gcc/native/4.7.3.1029/arm-gnu-toolchain/bin/../lib/gcc/arm-none-eabi/4.7.3/../../../../arm-none-eabi/lib/armv7-m\libc.a(lib_a-__atexit.o)
 .debug_aranges
                0x000007c0       0x20 c:/program files (x86)/atmel/atmel toolchain/arm gcc/native/4.7.3.1029/arm-gnu-toolchain/bin/../lib/gcc/arm-none-eabi/4.7.3/../../../../arm-none-eabi/lib/armv7-m\libc.a(lib_a-fini.o)
 .debug_aranges
                0x000007e0       0x18 c:/program files (x86)/atmel/atmel toolchain/arm gcc/native/4.7.3.1029/arm-gnu-toolchain/bin/../lib/gcc/arm-none-eabi/4.7.3/../../../../arm-none-eabi/lib/armv7-m\libc.a(lib_a-impure.o)
 .debug_aranges
                0x000007f8       0x20 c:/program files (x86)/atmel/atmel toolchain/arm gcc/native/4.7.3.1029/arm-gnu-toolchain/bin/../lib/gcc/arm-none-eabi/4.7.3/../../../../arm-none-eabi/lib/armv7-m\libc.a(lib_a-init.o)
 .debug_aranges
                0x00000818       0x20 c:/program files (x86)/atmel/atmel toolchain/arm gcc/native/4.7.3.1029/arm-gnu-toolchain/bin/../lib/gcc/arm-none-eabi/4.7.3/../../../../arm-none-eabi/lib/armv7-m\libc.a(lib_a-sprintf.o)
 .debug_aranges
                0x00000838       0x20 c:/program files (x86)/atmel/atmel toolchain/arm gcc/native/4.7.3.1029/arm-gnu-toolchain/bin/../lib/gcc/arm-none-eabi/4.7.3/../../../../arm-none-eabi/lib/armv7-m\libc.a(lib_a-strlen.o)
 .debug_aranges
                0x00000858       0x20 c:/program files (x86)/atmel/atmel toolchain/arm gcc/native/4.7.3.1029/arm-gnu-toolchain/bin/../lib/gcc/arm-none-eabi/4.7.3/../../../../arm-none-eabi/lib/armv7-m\libc.a(lib_a-svfprintf.o)
 .debug_aranges
                0x00000878       0x28 c:/program files (x86)/atmel/atmel toolchain/arm gcc/native/4.7.3.1029/arm-gnu-toolchain/bin/../lib/gcc/arm-none-eabi/4.7.3/../../../../arm-none-eabi/lib/armv7-m\libc.a(lib_a-__call_atexit.o)
 .debug_aranges
                0x000008a0       0x20 c:/program files (x86)/atmel/atmel toolchain/arm gcc/native/4.7.3.1029/arm-gnu-toolchain/bin/../lib/gcc/arm-none-eabi/4.7.3/../../../../arm-none-eabi/lib/armv7-m\libc.a(lib_a-atexit.o)
 .debug_aranges
                0x000008c0       0x20 c:/program files (x86)/atmel/atmel toolchain/arm gcc/native/4.7.3.1029/arm-gnu-toolchain/bin/../lib/gcc/arm-none-eabi/4.7.3/../../../../arm-none-eabi/lib/armv7-m\libc.a(lib_a-freer.o)
 .debug_aranges
                0x000008e0       0x20 c:/program files (x86)/atmel/atmel toolchain/arm gcc/native/4.7.3.1029/arm-gnu-toolchain/bin/../lib/gcc/arm-none-eabi/4.7.3/../../../../arm-none-eabi/lib/armv7-m\libc.a(lib_a-mallocr.o)
 .debug_aranges
                0x00000900       0x20 c:/program files (x86)/atmel/atmel toolchain/arm gcc/native/4.7.3.1029/arm-gnu-toolchain/bin/../lib/gcc/arm-none-eabi/4.7.3/../../../../arm-none-eabi/lib/armv7-m\libc.a(lib_a-memchr.o)
 .debug_aranges
                0x00000920       0x20 c:/program files (x86)/atmel/atmel toolchain/arm gcc/native/4.7.3.1029/arm-gnu-toolchain/bin/../lib/gcc/arm-none-eabi/4.7.3/../../../../arm-none-eabi/lib/armv7-m\libc.a(lib_a-memcpy.o)
 .debug_aranges
                0x00000940       0x20 c:/program files (x86)/atmel/atmel toolchain/arm gcc/native/4.7.3.1029/arm-gnu-toolchain/bin/../lib/gcc/arm-none-eabi/4.7.3/../../../../arm-none-eabi/lib/armv7-m\libc.a(lib_a-memmove.o)
 .debug_aranges
                0x00000960       0x20 c:/program files (x86)/atmel/atmel toolchain/arm gcc/native/4.7.3.1029/arm-gnu-toolchain/bin/../lib/gcc/arm-none-eabi/4.7.3/../../../../arm-none-eabi/lib/armv7-m\libc.a(lib_a-mlock.o)
 .debug_aranges
                0x00000980       0x20 c:/program files (x86)/atmel/atmel toolchain/arm gcc/native/4.7.3.1029/arm-gnu-toolchain/bin/../lib/gcc/arm-none-eabi/4.7.3/../../../../arm-none-eabi/lib/armv7-m\libc.a(lib_a-reallocr.o)
 .debug_aranges
                0x000009a0       0x20 c:/program files (x86)/atmel/atmel toolchain/arm gcc/native/4.7.3.1029/arm-gnu-toolchain/bin/../lib/gcc/arm-none-eabi/4.7.3/../../../../arm-none-eabi/lib/armv7-m\libc.a(lib_a-sbrkr.o)
 .debug_aranges
                0x000009c0       0x20 c:/program files (x86)/atmel/atmel toolchain/arm gcc/native/4.7.3.1029/arm-gnu-toolchain/bin/../lib/gcc/arm-none-eabi/4.7.3/../../../../arm-none-eabi/lib/armv7-m\libc.a(lib_a-svfiprintf.o)
 .debug_aranges
                0x000009e0       0x20 c:/program files (x86)/atmel/atmel toolchain/arm gcc/native/4.7.3.1029/arm-gnu-toolchain/bin/../lib/gcc/arm-none-eabi/4.7.3/../../../../arm-none-eabi/lib/armv7-m\libc.a(lib_a-reent.o)
 .debug_aranges
                0x00000a00       0x20 c:/program files (x86)/atmel/atmel toolchain/arm gcc/native/4.7.3.1029/arm-gnu-toolchain/bin/../lib/gcc/arm-none-eabi/4.7.3/armv7-m\libgcc.a(_aeabi_uldivmod.o)
 .debug_aranges
                0x00000a20       0x20 c:/program files (x86)/atmel/atmel toolchain/arm gcc/native/4.7.3.1029/arm-gnu-toolchain/bin/../lib/gcc/arm-none-eabi/4.7.3/armv7-m\libgcc.a(bpabi.o)
 .debug_aranges
                0x00000a40       0x20 c:/program files (x86)/atmel/atmel toolchain/arm gcc/native/4.7.3.1029/arm-gnu-toolchain/bin/../lib/gcc/arm-none-eabi/4.7.3/armv7-m\libgcc.a(_dvmd_tls.o)
 .debug_aranges
                0x00000a60       0x20 c:/program files (x86)/atmel/atmel toolchain/arm gcc/native/4.7.3.1029/arm-gnu-toolchain/bin/../lib/gcc/arm-none-eabi/4.7.3/armv7-m\libgcc.a(_divdi3.o)
 .debug_aranges
                0x00000a80       0x20 c:/program files (x86)/atmel/atmel toolchain/arm gcc/native/4.7.3.1029/arm-gnu-toolchain/bin/../lib/gcc/arm-none-eabi/4.7.3/armv7-m\libgcc.a(_udivdi3.o)

.debug_ranges   0x00000000      0x9d8
 .debug_ranges  0x00000000      0x168 src/ASF/sam/drivers/adc/adc.o
 .debug_ranges  0x00000168       0xc0 src/ASF/sam/drivers/tc/tc.o
 .debug_ranges  0x00000228       0x40 src/LCDShield.o
 .debug_ranges  0x00000268       0x10 src/main.o
 .debug_ranges  0x00000278       0x30 src/ASF/common/services/clock/sam3x/sysclk.o
 .debug_ranges  0x000002a8       0x10 src/ASF/sam/boards/arduino_due_x/init.o
 .debug_ranges  0x000002b8      0x138 src/ASF/sam/drivers/pio/pio.o
 .debug_ranges  0x000003f0       0x48 src/ASF/sam/drivers/pio/pio_handler.o
 .debug_ranges  0x00000438      0x1e8 src/ASF/sam/drivers/pmc/pmc.o
 .debug_ranges  0x00000620       0x10 src/ASF/sam/utils/cmsis/sam3x/source/templates/exceptions.o
 .debug_ranges  0x00000630       0x10 src/ASF/sam/utils/cmsis/sam3x/source/templates/gcc/startup_sam3x.o
 .debug_ranges  0x00000640       0x20 src/ASF/sam/utils/cmsis/sam3x/source/templates/system_sam3x.o
 .debug_ranges  0x00000660       0x50 src/ASF/sam/utils/syscalls/gcc/syscalls.o
 .debug_ranges  0x000006b0       0x10 src/myADC.o
 .debug_ranges  0x000006c0       0x20 c:/program files (x86)/atmel/atmel toolchain/arm gcc/native/4.7.3.1029/arm-gnu-toolchain/bin/../lib/gcc/arm-none-eabi/4.7.3/../../../../arm-none-eabi/lib/armv7-m\libc.a(lib_a-svfprintf.o)
 .debug_ranges  0x000006e0       0x50 c:/program files (x86)/atmel/atmel toolchain/arm gcc/native/4.7.3.1029/arm-gnu-toolchain/bin/../lib/gcc/arm-none-eabi/4.7.3/../../../../arm-none-eabi/lib/armv7-m\libc.a(lib_a-__call_atexit.o)
 .debug_ranges  0x00000730       0x30 c:/program files (x86)/atmel/atmel toolchain/arm gcc/native/4.7.3.1029/arm-gnu-toolchain/bin/../lib/gcc/arm-none-eabi/4.7.3/../../../../arm-none-eabi/lib/armv7-m\libc.a(lib_a-reallocr.o)
 .debug_ranges  0x00000760       0x48 c:/program files (x86)/atmel/atmel toolchain/arm gcc/native/4.7.3.1029/arm-gnu-toolchain/bin/../lib/gcc/arm-none-eabi/4.7.3/../../../../arm-none-eabi/lib/armv7-m\libc.a(lib_a-svfiprintf.o)
 .debug_ranges  0x000007a8      0x120 c:/program files (x86)/atmel/atmel toolchain/arm gcc/native/4.7.3.1029/arm-gnu-toolchain/bin/../lib/gcc/arm-none-eabi/4.7.3/armv7-m\libgcc.a(_divdi3.o)
 .debug_ranges  0x000008c8      0x110 c:/program files (x86)/atmel/atmel toolchain/arm gcc/native/4.7.3.1029/arm-gnu-toolchain/bin/../lib/gcc/arm-none-eabi/4.7.3/armv7-m\libgcc.a(_udivdi3.o)

.debug_macro    0x00000000    0x1521e
 .debug_macro   0x00000000      0x4b3 src/ASF/sam/drivers/adc/adc.o
 .debug_macro   0x000004b3      0x826 src/ASF/sam/drivers/adc/adc.o
 .debug_macro   0x00000cd9      0x16c src/ASF/sam/drivers/adc/adc.o
 .debug_macro   0x00000e45      0x2ee src/ASF/sam/drivers/adc/adc.o
 .debug_macro   0x00001133       0x76 src/ASF/sam/drivers/adc/adc.o
 .debug_macro   0x000011a9       0x16 src/ASF/sam/drivers/adc/adc.o
 .debug_macro   0x000011bf      0x6e1 src/ASF/sam/drivers/adc/adc.o
 .debug_macro   0x000018a0       0x3a src/ASF/sam/drivers/adc/adc.o
 .debug_macro   0x000018da       0x10 src/ASF/sam/drivers/adc/adc.o
 .debug_macro   0x000018ea       0x2e src/ASF/sam/drivers/adc/adc.o
 .debug_macro   0x00001918       0xa3 src/ASF/sam/drivers/adc/adc.o
 .debug_macro   0x000019bb      0x20e src/ASF/sam/drivers/adc/adc.o
 .debug_macro   0x00001bc9       0x20 src/ASF/sam/drivers/adc/adc.o
 .debug_macro   0x00001be9       0x3a src/ASF/sam/drivers/adc/adc.o
 .debug_macro   0x00001c23       0x18 src/ASF/sam/drivers/adc/adc.o
 .debug_macro   0x00001c3b      0xb08 src/ASF/sam/drivers/adc/adc.o
 .debug_macro   0x00002743      0xab3 src/ASF/sam/drivers/adc/adc.o
 .debug_macro   0x000031f6      0x566 src/ASF/sam/drivers/adc/adc.o
 .debug_macro   0x0000375c      0x2b2 src/ASF/sam/drivers/adc/adc.o
 .debug_macro   0x00003a0e      0x317 src/ASF/sam/drivers/adc/adc.o
 .debug_macro   0x00003d25      0x74c src/ASF/sam/drivers/adc/adc.o
 .debug_macro   0x00004471       0x82 src/ASF/sam/drivers/adc/adc.o
 .debug_macro   0x000044f3      0x578 src/ASF/sam/drivers/adc/adc.o
 .debug_macro   0x00004a6b       0x1c src/ASF/sam/drivers/adc/adc.o
 .debug_macro   0x00004a87      0x6b5 src/ASF/sam/drivers/adc/adc.o
 .debug_macro   0x0000513c      0x52a src/ASF/sam/drivers/adc/adc.o
 .debug_macro   0x00005666       0xbe src/ASF/sam/drivers/adc/adc.o
 .debug_macro   0x00005724     0x233f src/ASF/sam/drivers/adc/adc.o
 .debug_macro   0x00007a63      0x85a src/ASF/sam/drivers/adc/adc.o
 .debug_macro   0x000082bd      0xdc6 src/ASF/sam/drivers/adc/adc.o
 .debug_macro   0x00009083       0x7c src/ASF/sam/drivers/adc/adc.o
 .debug_macro   0x000090ff      0x261 src/ASF/sam/drivers/adc/adc.o
 .debug_macro   0x00009360       0x58 src/ASF/sam/drivers/adc/adc.o
 .debug_macro   0x000093b8      0x9a5 src/ASF/sam/drivers/adc/adc.o
 .debug_macro   0x00009d5d      0x246 src/ASF/sam/drivers/adc/adc.o
 .debug_macro   0x00009fa3      0x4dc src/ASF/sam/drivers/adc/adc.o
 .debug_macro   0x0000a47f      0x6b0 src/ASF/sam/drivers/adc/adc.o
 .debug_macro   0x0000ab2f      0x59c src/ASF/sam/drivers/adc/adc.o
 .debug_macro   0x0000b0cb       0x46 src/ASF/sam/drivers/adc/adc.o
 .debug_macro   0x0000b111      0x34a src/ASF/sam/drivers/adc/adc.o
 .debug_macro   0x0000b45b      0x289 src/ASF/sam/drivers/adc/adc.o
 .debug_macro   0x0000b6e4     0x14d7 src/ASF/sam/drivers/adc/adc.o
 .debug_macro   0x0000cbbb      0x7b7 src/ASF/sam/drivers/adc/adc.o
 .debug_macro   0x0000d372       0x76 src/ASF/sam/drivers/adc/adc.o
 .debug_macro   0x0000d3e8       0x82 src/ASF/sam/drivers/adc/adc.o
 .debug_macro   0x0000d46a       0x76 src/ASF/sam/drivers/adc/adc.o
 .debug_macro   0x0000d4e0       0x4c src/ASF/sam/drivers/adc/adc.o
 .debug_macro   0x0000d52c      0x102 src/ASF/sam/drivers/adc/adc.o
 .debug_macro   0x0000d62e      0x102 src/ASF/sam/drivers/adc/adc.o
 .debug_macro   0x0000d730      0x102 src/ASF/sam/drivers/adc/adc.o
 .debug_macro   0x0000d832       0x88 src/ASF/sam/drivers/adc/adc.o
 .debug_macro   0x0000d8ba       0x88 src/ASF/sam/drivers/adc/adc.o
 .debug_macro   0x0000d942      0x3b4 src/ASF/sam/drivers/adc/adc.o
 .debug_macro   0x0000dcf6       0xb8 src/ASF/sam/drivers/adc/adc.o
 .debug_macro   0x0000ddae       0xb8 src/ASF/sam/drivers/adc/adc.o
 .debug_macro   0x0000de66       0xb8 src/ASF/sam/drivers/adc/adc.o
 .debug_macro   0x0000df1e       0xb8 src/ASF/sam/drivers/adc/adc.o
 .debug_macro   0x0000dfd6      0x2b8 src/ASF/sam/drivers/adc/adc.o
 .debug_macro   0x0000e28e      0x122 src/ASF/sam/drivers/adc/adc.o
 .debug_macro   0x0000e3b0      0x222 src/ASF/sam/drivers/adc/adc.o
 .debug_macro   0x0000e5d2      0x222 src/ASF/sam/drivers/adc/adc.o
 .debug_macro   0x0000e7f4       0x2e src/ASF/sam/drivers/adc/adc.o
 .debug_macro   0x0000e822       0xac src/ASF/sam/drivers/adc/adc.o
 .debug_macro   0x0000e8ce      0x14a src/ASF/sam/drivers/adc/adc.o
 .debug_macro   0x0000ea18       0x7c src/ASF/sam/drivers/adc/adc.o
 .debug_macro   0x0000ea94      0x202 src/ASF/sam/drivers/adc/adc.o
 .debug_macro   0x0000ec96       0x64 src/ASF/sam/drivers/adc/adc.o
 .debug_macro   0x0000ecfa       0xa6 src/ASF/sam/drivers/adc/adc.o
 .debug_macro   0x0000eda0       0x7c src/ASF/sam/drivers/adc/adc.o
 .debug_macro   0x0000ee1c       0x16 src/ASF/sam/drivers/adc/adc.o
 .debug_macro   0x0000ee32       0x22 src/ASF/sam/drivers/adc/adc.o
 .debug_macro   0x0000ee54       0x22 src/ASF/sam/drivers/adc/adc.o
 .debug_macro   0x0000ee76      0x112 src/ASF/sam/drivers/adc/adc.o
 .debug_macro   0x0000ef88      0x112 src/ASF/sam/drivers/adc/adc.o
 .debug_macro   0x0000f09a      0x112 src/ASF/sam/drivers/adc/adc.o
 .debug_macro   0x0000f1ac      0x112 src/ASF/sam/drivers/adc/adc.o
 .debug_macro   0x0000f2be       0x1c src/ASF/sam/drivers/adc/adc.o
 .debug_macro   0x0000f2da       0x2e src/ASF/sam/drivers/adc/adc.o
 .debug_macro   0x0000f308       0x22 src/ASF/sam/drivers/adc/adc.o
 .debug_macro   0x0000f32a       0x1c src/ASF/sam/drivers/adc/adc.o
 .debug_macro   0x0000f346       0x58 src/ASF/sam/drivers/adc/adc.o
 .debug_macro   0x0000f39e       0x10 src/ASF/sam/drivers/adc/adc.o
 .debug_macro   0x0000f3ae      0x273 src/ASF/sam/drivers/adc/adc.o
 .debug_macro   0x0000f621      0xd40 src/ASF/sam/drivers/adc/adc.o
 .debug_macro   0x00010361      0x131 src/ASF/sam/drivers/adc/adc.o
 .debug_macro   0x00010492       0x10 src/ASF/sam/drivers/adc/adc.o
 .debug_macro   0x000104a2       0x35 src/ASF/sam/drivers/adc/adc.o
 .debug_macro   0x000104d7       0x10 src/ASF/sam/drivers/adc/adc.o
 .debug_macro   0x000104e7       0x3a src/ASF/sam/drivers/adc/adc.o
 .debug_macro   0x00010521       0x52 src/ASF/sam/drivers/adc/adc.o
 .debug_macro   0x00010573       0x43 src/ASF/sam/drivers/adc/adc.o
 .debug_macro   0x000105b6      0x16d src/ASF/sam/drivers/adc/adc.o
 .debug_macro   0x00010723       0x10 src/ASF/sam/drivers/adc/adc.o
 .debug_macro   0x00010733       0x22 src/ASF/sam/drivers/adc/adc.o
 .debug_macro   0x00010755       0x91 src/ASF/sam/drivers/adc/adc.o
 .debug_macro   0x000107e6       0x16 src/ASF/sam/drivers/adc/adc.o
 .debug_macro   0x000107fc      0x16d src/ASF/sam/drivers/adc/adc.o
 .debug_macro   0x00010969       0x22 src/ASF/sam/drivers/adc/adc.o
 .debug_macro   0x0001098b       0x10 src/ASF/sam/drivers/adc/adc.o
 .debug_macro   0x0001099b       0x16 src/ASF/sam/drivers/adc/adc.o
 .debug_macro   0x000109b1       0x23 src/ASF/sam/drivers/adc/adc.o
 .debug_macro   0x000109d4       0x66 src/ASF/sam/drivers/adc/adc.o
 .debug_macro   0x00010a3a       0x3e src/ASF/sam/drivers/adc/adc.o
 .debug_macro   0x00010a78      0x3c3 src/ASF/sam/drivers/adc/adc.o
 .debug_macro   0x00010e3b       0x1c src/ASF/sam/drivers/adc/adc.o
 .debug_macro   0x00010e57      0x4c5 src/ASF/sam/drivers/tc/tc.o
 .debug_macro   0x0001131c       0x16 src/ASF/sam/drivers/tc/tc.o
 .debug_macro   0x00011332       0x16 src/ASF/sam/drivers/tc/tc.o
 .debug_macro   0x00011348      0x5fb src/LCDShield.o
 .debug_macro   0x00011943       0x89 src/LCDShield.o
 .debug_macro   0x000119cc       0x19 src/LCDShield.o
 .debug_macro   0x000119e5       0xf5 src/LCDShield.o
 .debug_macro   0x00011ada       0x10 src/LCDShield.o
 .debug_macro   0x00011aea       0x1c src/LCDShield.o
 .debug_macro   0x00011b06      0x214 src/LCDShield.o
 .debug_macro   0x00011d1a       0x34 src/LCDShield.o
 .debug_macro   0x00011d4e      0x5f9 src/main.o
 .debug_macro   0x00012347      0x524 src/ASF/common/services/clock/sam3x/sysclk.o
 .debug_macro   0x0001286b      0x1dd src/ASF/common/services/clock/sam3x/sysclk.o
 .debug_macro   0x00012a48      0x563 src/ASF/sam/boards/arduino_due_x/init.o
 .debug_macro   0x00012fab       0x16 src/ASF/sam/boards/arduino_due_x/init.o
 .debug_macro   0x00012fc1      0x4c0 src/ASF/sam/drivers/pio/pio.o
 .debug_macro   0x00013481       0x8e src/ASF/sam/drivers/pio/pio.o
 .debug_macro   0x0001350f      0x4cd src/ASF/sam/drivers/pio/pio_handler.o
 .debug_macro   0x000139dc      0x4b9 src/ASF/sam/drivers/pmc/pmc.o
 .debug_macro   0x00013e95       0x52 src/ASF/sam/drivers/pmc/pmc.o
 .debug_macro   0x00013ee7      0x35c src/ASF/sam/utils/cmsis/sam3x/source/templates/exceptions.o
 .debug_macro   0x00014243      0x36a src/ASF/sam/utils/cmsis/sam3x/source/templates/gcc/startup_sam3x.o
 .debug_macro   0x000145ad      0x36e src/ASF/sam/utils/cmsis/sam3x/source/templates/system_sam3x.o
 .debug_macro   0x0001491b       0x26 src/ASF/sam/utils/cmsis/sam3x/source/templates/system_sam3x.o
 .debug_macro   0x00014941      0x12c src/ASF/sam/utils/syscalls/gcc/syscalls.o
 .debug_macro   0x00014a6d       0x52 src/ASF/sam/utils/syscalls/gcc/syscalls.o
 .debug_macro   0x00014abf       0x10 src/ASF/sam/utils/syscalls/gcc/syscalls.o
 .debug_macro   0x00014acf       0x16 src/ASF/sam/utils/syscalls/gcc/syscalls.o
 .debug_macro   0x00014ae5       0x34 src/ASF/sam/utils/syscalls/gcc/syscalls.o
 .debug_macro   0x00014b19      0x120 src/ASF/sam/utils/syscalls/gcc/syscalls.o
 .debug_macro   0x00014c39      0x5e5 src/myADC.o

.debug_line     0x00000000     0xe2d2
 .debug_line    0x00000000      0xf05 src/ASF/sam/drivers/adc/adc.o
 .debug_line    0x00000f05      0xd20 src/ASF/sam/drivers/tc/tc.o
 .debug_line    0x00001c25     0x1053 src/LCDShield.o
 .debug_line    0x00002c78      0xf3d src/main.o
 .debug_line    0x00003bb5      0xce5 src/ASF/common/services/clock/sam3x/sysclk.o
 .debug_line    0x0000489a      0xd7b src/ASF/sam/boards/arduino_due_x/init.o
 .debug_line    0x00005615      0xe92 src/ASF/sam/drivers/pio/pio.o
 .debug_line    0x000064a7      0xc38 src/ASF/sam/drivers/pio/pio_handler.o
 .debug_line    0x000070df     0x10fd src/ASF/sam/drivers/pmc/pmc.o
 .debug_line    0x000081dc      0x988 src/ASF/sam/utils/cmsis/sam3x/source/templates/exceptions.o
 .debug_line    0x00008b64      0x9e9 src/ASF/sam/utils/cmsis/sam3x/source/templates/gcc/startup_sam3x.o
 .debug_line    0x0000954d      0xa00 src/ASF/sam/utils/cmsis/sam3x/source/templates/system_sam3x.o
 .debug_line    0x00009f4d      0x434 src/ASF/sam/utils/syscalls/gcc/syscalls.o
 .debug_line    0x0000a381      0xefa src/myADC.o
 .debug_line    0x0000b27b      0x235 c:/program files (x86)/atmel/atmel toolchain/arm gcc/native/4.7.3.1029/arm-gnu-toolchain/bin/../lib/gcc/arm-none-eabi/4.7.3/../../../../arm-none-eabi/lib/armv7-m\libc.a(lib_a-__atexit.o)
 .debug_line    0x0000b4b0      0x123 c:/program files (x86)/atmel/atmel toolchain/arm gcc/native/4.7.3.1029/arm-gnu-toolchain/bin/../lib/gcc/arm-none-eabi/4.7.3/../../../../arm-none-eabi/lib/armv7-m\libc.a(lib_a-fini.o)
 .debug_line    0x0000b5d3      0x183 c:/program files (x86)/atmel/atmel toolchain/arm gcc/native/4.7.3.1029/arm-gnu-toolchain/bin/../lib/gcc/arm-none-eabi/4.7.3/../../../../arm-none-eabi/lib/armv7-m\libc.a(lib_a-impure.o)
 .debug_line    0x0000b756      0x135 c:/program files (x86)/atmel/atmel toolchain/arm gcc/native/4.7.3.1029/arm-gnu-toolchain/bin/../lib/gcc/arm-none-eabi/4.7.3/../../../../arm-none-eabi/lib/armv7-m\libc.a(lib_a-init.o)
 .debug_line    0x0000b88b      0x24a c:/program files (x86)/atmel/atmel toolchain/arm gcc/native/4.7.3.1029/arm-gnu-toolchain/bin/../lib/gcc/arm-none-eabi/4.7.3/../../../../arm-none-eabi/lib/armv7-m\libc.a(lib_a-sprintf.o)
 .debug_line    0x0000bad5      0x184 c:/program files (x86)/atmel/atmel toolchain/arm gcc/native/4.7.3.1029/arm-gnu-toolchain/bin/../lib/gcc/arm-none-eabi/4.7.3/../../../../arm-none-eabi/lib/armv7-m\libc.a(lib_a-strlen.o)
 .debug_line    0x0000bc59      0x58b c:/program files (x86)/atmel/atmel toolchain/arm gcc/native/4.7.3.1029/arm-gnu-toolchain/bin/../lib/gcc/arm-none-eabi/4.7.3/../../../../arm-none-eabi/lib/armv7-m\libc.a(lib_a-svfprintf.o)
 .debug_line    0x0000c1e4      0x270 c:/program files (x86)/atmel/atmel toolchain/arm gcc/native/4.7.3.1029/arm-gnu-toolchain/bin/../lib/gcc/arm-none-eabi/4.7.3/../../../../arm-none-eabi/lib/armv7-m\libc.a(lib_a-__call_atexit.o)
 .debug_line    0x0000c454      0x10b c:/program files (x86)/atmel/atmel toolchain/arm gcc/native/4.7.3.1029/arm-gnu-toolchain/bin/../lib/gcc/arm-none-eabi/4.7.3/../../../../arm-none-eabi/lib/armv7-m\libc.a(lib_a-atexit.o)
 .debug_line    0x0000c55f      0x2c3 c:/program files (x86)/atmel/atmel toolchain/arm gcc/native/4.7.3.1029/arm-gnu-toolchain/bin/../lib/gcc/arm-none-eabi/4.7.3/../../../../arm-none-eabi/lib/armv7-m\libc.a(lib_a-freer.o)
 .debug_line    0x0000c822      0x3ac c:/program files (x86)/atmel/atmel toolchain/arm gcc/native/4.7.3.1029/arm-gnu-toolchain/bin/../lib/gcc/arm-none-eabi/4.7.3/../../../../arm-none-eabi/lib/armv7-m\libc.a(lib_a-mallocr.o)
 .debug_line    0x0000cbce      0x18e c:/program files (x86)/atmel/atmel toolchain/arm gcc/native/4.7.3.1029/arm-gnu-toolchain/bin/../lib/gcc/arm-none-eabi/4.7.3/../../../../arm-none-eabi/lib/armv7-m\libc.a(lib_a-memchr.o)
 .debug_line    0x0000cd5c      0x186 c:/program files (x86)/atmel/atmel toolchain/arm gcc/native/4.7.3.1029/arm-gnu-toolchain/bin/../lib/gcc/arm-none-eabi/4.7.3/../../../../arm-none-eabi/lib/armv7-m\libc.a(lib_a-memcpy.o)
 .debug_line    0x0000cee2      0x1b0 c:/program files (x86)/atmel/atmel toolchain/arm gcc/native/4.7.3.1029/arm-gnu-toolchain/bin/../lib/gcc/arm-none-eabi/4.7.3/../../../../arm-none-eabi/lib/armv7-m\libc.a(lib_a-memmove.o)
 .debug_line    0x0000d092      0x195 c:/program files (x86)/atmel/atmel toolchain/arm gcc/native/4.7.3.1029/arm-gnu-toolchain/bin/../lib/gcc/arm-none-eabi/4.7.3/../../../../arm-none-eabi/lib/armv7-m\libc.a(lib_a-mlock.o)
 .debug_line    0x0000d227      0x28e c:/program files (x86)/atmel/atmel toolchain/arm gcc/native/4.7.3.1029/arm-gnu-toolchain/bin/../lib/gcc/arm-none-eabi/4.7.3/../../../../arm-none-eabi/lib/armv7-m\libc.a(lib_a-reallocr.o)
 .debug_line    0x0000d4b5      0x206 c:/program files (x86)/atmel/atmel toolchain/arm gcc/native/4.7.3.1029/arm-gnu-toolchain/bin/../lib/gcc/arm-none-eabi/4.7.3/../../../../arm-none-eabi/lib/armv7-m\libc.a(lib_a-sbrkr.o)
 .debug_line    0x0000d6bb      0x5ef c:/program files (x86)/atmel/atmel toolchain/arm gcc/native/4.7.3.1029/arm-gnu-toolchain/bin/../lib/gcc/arm-none-eabi/4.7.3/../../../../arm-none-eabi/lib/armv7-m\libc.a(lib_a-svfiprintf.o)
 .debug_line    0x0000dcaa      0x251 c:/program files (x86)/atmel/atmel toolchain/arm gcc/native/4.7.3.1029/arm-gnu-toolchain/bin/../lib/gcc/arm-none-eabi/4.7.3/../../../../arm-none-eabi/lib/armv7-m\libc.a(lib_a-reent.o)
 .debug_line    0x0000defb       0x97 c:/program files (x86)/atmel/atmel toolchain/arm gcc/native/4.7.3.1029/arm-gnu-toolchain/bin/../lib/gcc/arm-none-eabi/4.7.3/armv7-m\libgcc.a(_aeabi_uldivmod.o)
 .debug_line    0x0000df92       0x97 c:/program files (x86)/atmel/atmel toolchain/arm gcc/native/4.7.3.1029/arm-gnu-toolchain/bin/../lib/gcc/arm-none-eabi/4.7.3/armv7-m\libgcc.a(bpabi.o)
 .debug_line    0x0000e029       0x93 c:/program files (x86)/atmel/atmel toolchain/arm gcc/native/4.7.3.1029/arm-gnu-toolchain/bin/../lib/gcc/arm-none-eabi/4.7.3/armv7-m\libgcc.a(_dvmd_tls.o)
 .debug_line    0x0000e0bc      0x114 c:/program files (x86)/atmel/atmel toolchain/arm gcc/native/4.7.3.1029/arm-gnu-toolchain/bin/../lib/gcc/arm-none-eabi/4.7.3/armv7-m\libgcc.a(_divdi3.o)
 .debug_line    0x0000e1d0      0x102 c:/program files (x86)/atmel/atmel toolchain/arm gcc/native/4.7.3.1029/arm-gnu-toolchain/bin/../lib/gcc/arm-none-eabi/4.7.3/armv7-m\libgcc.a(_udivdi3.o)

.debug_str      0x00000000    0x5fcbf
 .debug_str     0x00000000    0x5820b src/ASF/sam/drivers/adc/adc.o
                              0x58508 (size before relaxing)
 .debug_str     0x0005820b      0x3bb src/ASF/sam/drivers/tc/tc.o
                              0x57e4e (size before relaxing)
 .debug_str     0x000585c6     0x4b66 src/LCDShield.o
                              0x5c83c (size before relaxing)
 .debug_str     0x0005d12c       0x67 src/main.o
                              0x5c48f (size before relaxing)
 .debug_str     0x0005d193      0x2dc src/ASF/common/services/clock/sam3x/sysclk.o
                              0x5b730 (size before relaxing)
 .debug_str     0x0005d46f       0x9f src/ASF/sam/boards/arduino_due_x/init.o
                              0x5bef4 (size before relaxing)
 .debug_str     0x0005d50e      0x40d src/ASF/sam/drivers/pio/pio.o
                              0x5844a (size before relaxing)
 .debug_str     0x0005d91b      0x44e src/ASF/sam/drivers/pio/pio_handler.o
                              0x5848c (size before relaxing)
 .debug_str     0x0005dd69      0x672 src/ASF/sam/drivers/pmc/pmc.o
                              0x58483 (size before relaxing)
 .debug_str     0x0005e3db       0x4d src/ASF/sam/utils/cmsis/sam3x/source/templates/exceptions.o
                              0x4c4d0 (size before relaxing)
 .debug_str     0x0005e428       0xb2 src/ASF/sam/utils/cmsis/sam3x/source/templates/gcc/startup_sam3x.o
                              0x4c5a4 (size before relaxing)
 .debug_str     0x0005e4da      0x1cd src/ASF/sam/utils/cmsis/sam3x/source/templates/system_sam3x.o
                              0x4c7c1 (size before relaxing)
 .debug_str     0x0005e6a7      0x72e src/ASF/sam/utils/syscalls/gcc/syscalls.o
                               0x52a3 (size before relaxing)
 .debug_str     0x0005edd5       0x2e src/myADC.o
                              0x5c62f (size before relaxing)
 .debug_str     0x0005ee03       0xb8 c:/program files (x86)/atmel/atmel toolchain/arm gcc/native/4.7.3.1029/arm-gnu-toolchain/bin/../lib/gcc/arm-none-eabi/4.7.3/../../../../arm-none-eabi/lib/armv7-m\libc.a(lib_a-__atexit.o)
                                0x56d (size before relaxing)
 .debug_str     0x0005eebb       0x96 c:/program files (x86)/atmel/atmel toolchain/arm gcc/native/4.7.3.1029/arm-gnu-toolchain/bin/../lib/gcc/arm-none-eabi/4.7.3/../../../../arm-none-eabi/lib/armv7-m\libc.a(lib_a-fini.o)
                                0x184 (size before relaxing)
 .debug_str     0x0005ef51       0x6f c:/program files (x86)/atmel/atmel toolchain/arm gcc/native/4.7.3.1029/arm-gnu-toolchain/bin/../lib/gcc/arm-none-eabi/4.7.3/../../../../arm-none-eabi/lib/armv7-m\libc.a(lib_a-impure.o)
                                0x518 (size before relaxing)
 .debug_str     0x0005efc0       0xc0 c:/program files (x86)/atmel/atmel toolchain/arm gcc/native/4.7.3.1029/arm-gnu-toolchain/bin/../lib/gcc/arm-none-eabi/4.7.3/../../../../arm-none-eabi/lib/armv7-m\libc.a(lib_a-init.o)
                                0x1ae (size before relaxing)
 .debug_str     0x0005f080      0x10c c:/program files (x86)/atmel/atmel toolchain/arm gcc/native/4.7.3.1029/arm-gnu-toolchain/bin/../lib/gcc/arm-none-eabi/4.7.3/../../../../arm-none-eabi/lib/armv7-m\libc.a(lib_a-sprintf.o)
                                0x5c8 (size before relaxing)
 .debug_str     0x0005f18c       0x78 c:/program files (x86)/atmel/atmel toolchain/arm gcc/native/4.7.3.1029/arm-gnu-toolchain/bin/../lib/gcc/arm-none-eabi/4.7.3/../../../../arm-none-eabi/lib/armv7-m\libc.a(lib_a-strlen.o)
                                0x15a (size before relaxing)
 .debug_str     0x0005f204      0x145 c:/program files (x86)/atmel/atmel toolchain/arm gcc/native/4.7.3.1029/arm-gnu-toolchain/bin/../lib/gcc/arm-none-eabi/4.7.3/../../../../arm-none-eabi/lib/armv7-m\libc.a(lib_a-svfprintf.o)
                                0x6e1 (size before relaxing)
 .debug_str     0x0005f349       0xae c:/program files (x86)/atmel/atmel toolchain/arm gcc/native/4.7.3.1029/arm-gnu-toolchain/bin/../lib/gcc/arm-none-eabi/4.7.3/../../../../arm-none-eabi/lib/armv7-m\libc.a(lib_a-__call_atexit.o)
                                0x569 (size before relaxing)
 .debug_str     0x0005f3f7       0x64 c:/program files (x86)/atmel/atmel toolchain/arm gcc/native/4.7.3.1029/arm-gnu-toolchain/bin/../lib/gcc/arm-none-eabi/4.7.3/../../../../arm-none-eabi/lib/armv7-m\libc.a(lib_a-atexit.o)
                                0x18a (size before relaxing)
 .debug_str     0x0005f45b      0x22e c:/program files (x86)/atmel/atmel toolchain/arm gcc/native/4.7.3.1029/arm-gnu-toolchain/bin/../lib/gcc/arm-none-eabi/4.7.3/../../../../arm-none-eabi/lib/armv7-m\libc.a(lib_a-freer.o)
                                0x6f4 (size before relaxing)
 .debug_str     0x0005f689       0xe5 c:/program files (x86)/atmel/atmel toolchain/arm gcc/native/4.7.3.1029/arm-gnu-toolchain/bin/../lib/gcc/arm-none-eabi/4.7.3/../../../../arm-none-eabi/lib/armv7-m\libc.a(lib_a-mallocr.o)
                                0x7aa (size before relaxing)
 .debug_str     0x0005f76e       0x74 c:/program files (x86)/atmel/atmel toolchain/arm gcc/native/4.7.3.1029/arm-gnu-toolchain/bin/../lib/gcc/arm-none-eabi/4.7.3/../../../../arm-none-eabi/lib/armv7-m\libc.a(lib_a-memchr.o)
                                0x15d (size before relaxing)
 .debug_str     0x0005f7e2       0x78 c:/program files (x86)/atmel/atmel toolchain/arm gcc/native/4.7.3.1029/arm-gnu-toolchain/bin/../lib/gcc/arm-none-eabi/4.7.3/../../../../arm-none-eabi/lib/armv7-m\libc.a(lib_a-memcpy.o)
                                0x161 (size before relaxing)
 .debug_str     0x0005f85a       0x76 c:/program files (x86)/atmel/atmel toolchain/arm gcc/native/4.7.3.1029/arm-gnu-toolchain/bin/../lib/gcc/arm-none-eabi/4.7.3/../../../../arm-none-eabi/lib/armv7-m\libc.a(lib_a-memmove.o)
                                0x168 (size before relaxing)
 .debug_str     0x0005f8d0       0x78 c:/program files (x86)/atmel/atmel toolchain/arm gcc/native/4.7.3.1029/arm-gnu-toolchain/bin/../lib/gcc/arm-none-eabi/4.7.3/../../../../arm-none-eabi/lib/armv7-m\libc.a(lib_a-mlock.o)
                                0x520 (size before relaxing)
 .debug_str     0x0005f948       0x61 c:/program files (x86)/atmel/atmel toolchain/arm gcc/native/4.7.3.1029/arm-gnu-toolchain/bin/../lib/gcc/arm-none-eabi/4.7.3/../../../../arm-none-eabi/lib/armv7-m\libc.a(lib_a-reallocr.o)
                                0x67c (size before relaxing)
 .debug_str     0x0005f9a9       0x62 c:/program files (x86)/atmel/atmel toolchain/arm gcc/native/4.7.3.1029/arm-gnu-toolchain/bin/../lib/gcc/arm-none-eabi/4.7.3/../../../../arm-none-eabi/lib/armv7-m\libc.a(lib_a-sbrkr.o)
                                0x50f (size before relaxing)
 .debug_str     0x0005fa0b       0x15 c:/program files (x86)/atmel/atmel toolchain/arm gcc/native/4.7.3.1029/arm-gnu-toolchain/bin/../lib/gcc/arm-none-eabi/4.7.3/../../../../arm-none-eabi/lib/armv7-m\libc.a(lib_a-svfiprintf.o)
                                0x713 (size before relaxing)
 .debug_str     0x0005fa20       0x9c c:/program files (x86)/atmel/atmel toolchain/arm gcc/native/4.7.3.1029/arm-gnu-toolchain/bin/../lib/gcc/arm-none-eabi/4.7.3/../../../../arm-none-eabi/lib/armv7-m\libc.a(lib_a-reent.o)
                                0x545 (size before relaxing)
 .debug_str     0x0005fabc       0xa6 c:/program files (x86)/atmel/atmel toolchain/arm gcc/native/4.7.3.1029/arm-gnu-toolchain/bin/../lib/gcc/arm-none-eabi/4.7.3/armv7-m\libgcc.a(bpabi.o)
                                0x11e (size before relaxing)
 .debug_str     0x0005fb62      0x15d c:/program files (x86)/atmel/atmel toolchain/arm gcc/native/4.7.3.1029/arm-gnu-toolchain/bin/../lib/gcc/arm-none-eabi/4.7.3/armv7-m\libgcc.a(_divdi3.o)
                                0x258 (size before relaxing)
 .debug_str     0x00000000      0x259 c:/program files (x86)/atmel/atmel toolchain/arm gcc/native/4.7.3.1029/arm-gnu-toolchain/bin/../lib/gcc/arm-none-eabi/4.7.3/armv7-m\libgcc.a(_udivdi3.o)

.debug_frame    0x00000000     0x1418
 .debug_frame   0x00000000      0x308 src/ASF/sam/drivers/adc/adc.o
 .debug_frame   0x00000308      0x194 src/ASF/sam/drivers/tc/tc.o
 .debug_frame   0x0000049c       0xdc src/LCDShield.o