Archive member included because of file (symbol)

c:/program files (x86)/atmel/atmel toolchain/arm gcc/native/4.7.3.1029/arm-gnu-toolchain/bin/../lib/gcc/arm-none-eabi/4.7.3/armv7-m\libgcc.a(_arm_addsubsf3.o)
                              test/unity.o (__aeabi_fsub)
c:/program files (x86)/atmel/atmel toolchain/arm gcc/native/4.7.3.1029/arm-gnu-toolchain/bin/../lib/gcc/arm-none-eabi/4.7.3/armv7-m\libgcc.a(_arm_muldivsf3.o)
                              test/unity.o (__aeabi_fmul)
c:/program files (x86)/atmel/atmel toolchain/arm gcc/native/4.7.3.1029/arm-gnu-toolchain/bin/../lib/gcc/arm-none-eabi/4.7.3/armv7-m\libgcc.a(_arm_cmpsf2.o)
                              test/unity.o (__aeabi_fcmpeq)
c:/program files (x86)/atmel/atmel toolchain/arm gcc/native/4.7.3.1029/arm-gnu-toolchain/bin/../lib/gcc/arm-none-eabi/4.7.3/../../../../arm-none-eabi/lib/armv7-m\libc.a(lib_a-__atexit.o)
                              c:/program files (x86)/atmel/atmel toolchain/arm gcc/native/4.7.3.1029/arm-gnu-toolchain/bin/../lib/gcc/arm-none-eabi/4.7.3/../../../../arm-none-eabi/lib/armv7-m/crt0.o (__register_exitproc)
c:/program files (x86)/atmel/atmel toolchain/arm gcc/native/4.7.3.1029/arm-gnu-toolchain/bin/../lib/gcc/arm-none-eabi/4.7.3/../../../../arm-none-eabi/lib/armv7-m\libc.a(lib_a-exit.o)
                              c:/program files (x86)/atmel/atmel toolchain/arm gcc/native/4.7.3.1029/arm-gnu-toolchain/bin/../lib/gcc/arm-none-eabi/4.7.3/../../../../arm-none-eabi/lib/armv7-m/crt0.o (exit)
c:/program files (x86)/atmel/atmel toolchain/arm gcc/native/4.7.3.1029/arm-gnu-toolchain/bin/../lib/gcc/arm-none-eabi/4.7.3/../../../../arm-none-eabi/lib/armv7-m\libc.a(lib_a-fini.o)
                              c:/program files (x86)/atmel/atmel toolchain/arm gcc/native/4.7.3.1029/arm-gnu-toolchain/bin/../lib/gcc/arm-none-eabi/4.7.3/../../../../arm-none-eabi/lib/armv7-m/crt0.o (__libc_fini_array)
c:/program files (x86)/atmel/atmel toolchain/arm gcc/native/4.7.3.1029/arm-gnu-toolchain/bin/../lib/gcc/arm-none-eabi/4.7.3/../../../../arm-none-eabi/lib/armv7-m\libc.a(lib_a-impure.o)
                              c:/program files (x86)/atmel/atmel toolchain/arm gcc/native/4.7.3.1029/arm-gnu-toolchain/bin/../lib/gcc/arm-none-eabi/4.7.3/../../../../arm-none-eabi/lib/armv7-m\libc.a(lib_a-__atexit.o) (_global_impure_ptr)
c:/program files (x86)/atmel/atmel toolchain/arm gcc/native/4.7.3.1029/arm-gnu-toolchain/bin/../lib/gcc/arm-none-eabi/4.7.3/../../../../arm-none-eabi/lib/armv7-m\libc.a(lib_a-init.o)
                              c:/program files (x86)/atmel/atmel toolchain/arm gcc/native/4.7.3.1029/arm-gnu-toolchain/bin/../lib/gcc/arm-none-eabi/4.7.3/../../../../arm-none-eabi/lib/armv7-m/crt0.o (__libc_init_array)
c:/program files (x86)/atmel/atmel toolchain/arm gcc/native/4.7.3.1029/arm-gnu-toolchain/bin/../lib/gcc/arm-none-eabi/4.7.3/../../../../arm-none-eabi/lib/armv7-m\libc.a(lib_a-iprintf.o)
                              src/ASF/sam/drivers/adc/adc.o (iprintf)
c:/program files (x86)/atmel/atmel toolchain/arm gcc/native/4.7.3.1029/arm-gnu-toolchain/bin/../lib/gcc/arm-none-eabi/4.7.3/../../../../arm-none-eabi/lib/armv7-m\libc.a(lib_a-memset.o)
                              c:/program files (x86)/atmel/atmel toolchain/arm gcc/native/4.7.3.1029/arm-gnu-toolchain/bin/../lib/gcc/arm-none-eabi/4.7.3/../../../../arm-none-eabi/lib/armv7-m/crt0.o (memset)
c:/program files (x86)/atmel/atmel toolchain/arm gcc/native/4.7.3.1029/arm-gnu-toolchain/bin/../lib/gcc/arm-none-eabi/4.7.3/../../../../arm-none-eabi/lib/armv7-m\libc.a(lib_a-puts.o)
                              src/ASF/sam/drivers/adc/adc.o (puts)
c:/program files (x86)/atmel/atmel toolchain/arm gcc/native/4.7.3.1029/arm-gnu-toolchain/bin/../lib/gcc/arm-none-eabi/4.7.3/../../../../arm-none-eabi/lib/armv7-m\libc.a(lib_a-setjmp.o)
                              test/unity.o (setjmp)
c:/program files (x86)/atmel/atmel toolchain/arm gcc/native/4.7.3.1029/arm-gnu-toolchain/bin/../lib/gcc/arm-none-eabi/4.7.3/../../../../arm-none-eabi/lib/armv7-m\libc.a(lib_a-sprintf.o)
                              src/LCDShield.o (sprintf)
c:/program files (x86)/atmel/atmel toolchain/arm gcc/native/4.7.3.1029/arm-gnu-toolchain/bin/../lib/gcc/arm-none-eabi/4.7.3/../../../../arm-none-eabi/lib/armv7-m\libc.a(lib_a-strlen.o)
                              c:/program files (x86)/atmel/atmel toolchain/arm gcc/native/4.7.3.1029/arm-gnu-toolchain/bin/../lib/gcc/arm-none-eabi/4.7.3/../../../../arm-none-eabi/lib/armv7-m\libc.a(lib_a-puts.o) (strlen)
c:/program files (x86)/atmel/atmel toolchain/arm gcc/native/4.7.3.1029/arm-gnu-toolchain/bin/../lib/gcc/arm-none-eabi/4.7.3/../../../../arm-none-eabi/lib/armv7-m\libc.a(lib_a-svfprintf.o)
                              c:/program files (x86)/atmel/atmel toolchain/arm gcc/native/4.7.3.1029/arm-gnu-toolchain/bin/../lib/gcc/arm-none-eabi/4.7.3/../../../../arm-none-eabi/lib/armv7-m\libc.a(lib_a-sprintf.o) (_svfprintf_r)
[...]
Memory Configuration

Name             Origin             Length             Attributes
rom              0x00080000         0x00080000         xr
sram0            0x20000000         0x00010000         xrw
sram1            0x20080000         0x00008000         xrw
ram              0x20070000         0x00018000         xrw
*default*        0x00000000         0xffffffff

Linker script and memory map

LOAD c:/program files (x86)/atmel/atmel toolchain/arm gcc/native/4.7.3.1029/arm-gnu-toolchain/bin/../lib/gcc/arm-none-eabi/4.7.3/armv7-m/crti.o
LOAD c:/program files (x86)/atmel/atmel toolchain/arm gcc/native/4.7.3.1029/arm-gnu-toolchain/bin/../lib/gcc/arm-none-eabi/4.7.3/armv7-m/crtbegin.o
LOAD c:/program files (x86)/atmel/atmel toolchain/arm gcc/native/4.7.3.1029/arm-gnu-toolchain/bin/../lib/gcc/arm-none-eabi/4.7.3/../../../../arm-none-eabi/lib/armv7-m/crt0.o
LOAD src/ASF/sam/drivers/adc/adc.o
LOAD src/ASF/sam/drivers/adc/adc_sam3u.o
LOAD src/ASF/sam/drivers/tc/tc.o
LOAD src/Delay.o
LOAD src/LCDShield.o
LOAD src/main.o
LOAD src/ASF/common/services/clock/sam3x/sysclk.o
LOAD src/ASF/common/services/serial/usart_serial.o
LOAD src/ASF/common/utils/interrupt/interrupt_sam_nvic.o
LOAD src/ASF/common/utils/stdio/read.o
LOAD src/ASF/common/utils/stdio/write.o
LOAD src/ASF/sam/boards/arduino_due_x/init.o
LOAD src/ASF/sam/drivers/pio/pio.o
LOAD src/ASF/sam/drivers/pio/pio_handler.o
LOAD src/ASF/sam/drivers/pmc/pmc.o
LOAD src/ASF/sam/drivers/pmc/sleep.o
LOAD src/ASF/sam/drivers/uart/uart.o
LOAD src/ASF/sam/drivers/usart/usart.o
LOAD src/ASF/sam/utils/cmsis/sam3x/source/templates/exceptions.o
LOAD src/ASF/sam/utils/cmsis/sam3x/source/templates/gcc/startup_sam3x.o
LOAD src/ASF/sam/utils/cmsis/sam3x/source/templates/system_sam3x.o
LOAD src/ASF/sam/utils/syscalls/gcc/syscalls.o
LOAD src/myADC.o
LOAD test/testmyADC.o
LOAD test/testmyADC_Runner.o
LOAD test/unity.o
START GROUP
LOAD ../src/ASF/thirdparty/CMSIS/Lib/GCC\libarm_cortexM3l_math.a
LOAD c:/program files (x86)/atmel/atmel toolchain/arm gcc/native/4.7.3.1029/arm-gnu-toolchain/bin/../lib/gcc/arm-none-eabi/4.7.3/../../../../arm-none-eabi/lib/armv7-m\libm.a
END GROUP
START GROUP
LOAD c:/program files (x86)/atmel/atmel toolchain/arm gcc/native/4.7.3.1029/arm-gnu-toolchain/bin/../lib/gcc/arm-none-eabi/4.7.3/armv7-m\libgcc.a
LOAD c:/program files (x86)/atmel/atmel toolchain/arm gcc/native/4.7.3.1029/arm-gnu-toolchain/bin/../lib/gcc/arm-none-eabi/4.7.3/../../../../arm-none-eabi/lib/armv7-m\libc.a
END GROUP
LOAD c:/program files (x86)/atmel/atmel toolchain/arm gcc/native/4.7.3.1029/arm-gnu-toolchain/bin/../lib/gcc/arm-none-eabi/4.7.3/armv7-m/crtend.o
LOAD c:/program files (x86)/atmel/atmel toolchain/arm gcc/native/4.7.3.1029/arm-gnu-toolchain/bin/../lib/gcc/arm-none-eabi/4.7.3/armv7-m/crtn.o
                [0x00002000]                __stack_size__ = DEFINED (__stack_size__)?__stack_size__:0x2000

.text           0x00080000     0x133c
                0x00080000                . = ALIGN (0x4)
                0x00080000                _sfixed = .
 *(.vectors .vectors.*)
 .vectors       0x00080000       0xf4 src/ASF/sam/utils/cmsis/sam3x/source/templates/gcc/startup_sam3x.o
                0x00080000                exception_table
 *(.text .text.* .gnu.linkonce.t.*)
 .text          0x000800f4       0xb0 c:/program files (x86)/atmel/atmel toolchain/arm gcc/native/4.7.3.1029/arm-gnu-toolchain/bin/../lib/gcc/arm-none-eabi/4.7.3/armv7-m/crtbegin.o
 .text.adc_init
                0x000801a4       0x40 src/ASF/sam/drivers/adc/adc.o
                0x000801a4                adc_init
 .text.adc_set_resolution
                0x000801e4       0x10 src/ASF/sam/drivers/adc/adc.o
                0x000801e4                adc_set_resolution
 .text.adc_configure_trigger
                0x000801f4       0x10 src/ASF/sam/drivers/adc/adc.o
                0x000801f4                adc_configure_trigger
 .text.adc_configure_timing
                0x00080204       0x20 src/ASF/sam/drivers/adc/adc.o
                0x00080204                adc_configure_timing
 .text.adc_start
                0x00080224        0x8 src/ASF/sam/drivers/adc/adc.o
                0x00080224                adc_start
 .text.adc_enable_channel
                0x0008022c        0xc src/ASF/sam/drivers/adc/adc.o
                0x0008022c                adc_enable_channel
 .text.adc_get_latest_value
                0x00080238        0x4 src/ASF/sam/drivers/adc/adc.o
                0x00080238                adc_get_latest_value
 .text.tc_init  0x0008023c       0x1c src/ASF/sam/drivers/tc/tc.o
                0x0008023c                tc_init
 .text.tc_set_block_mode
                0x00080258        0x8 src/ASF/sam/drivers/tc/tc.o
                0x00080258                tc_set_block_mode
 .text.tc_start
                0x00080260        0xc src/ASF/sam/drivers/tc/tc.o
                0x00080260                tc_start
 .text.tc_stop  0x0008026c        0xc src/ASF/sam/drivers/tc/tc.o
                0x0008026c                tc_stop
 .text.tc_read_cv
                0x00080278        0x8 src/ASF/sam/drivers/tc/tc.o
                0x00080278                tc_read_cv
 .text.delay_init
                0x00080280       0x4c src/LCDShield.o
                0x00080280                delay_init
 .text.delay    0x000802cc       0x58 src/LCDShield.o
                0x000802cc                delay
 .text.LCDwrite
                0x00080324       0xc4 src/LCDShield.o
                0x00080324                LCDwrite
 .text.LCDInit  0x000803e8      0x10c src/LCDShield.o
                0x000803e8                LCDInit
 .text.LCDClear
                0x000804f4       0x28 src/LCDShield.o
                0x000804f4                LCDClear
 .text.LCDwriteChar
                0x0008051c       0x28 src/LCDShield.o
                0x0008051c                LCDwriteChar
 .text.main     0x00080544      0x150 src/main.o
                0x00080544                main
 .text.sysclk_init
                0x00080694       0x78 src/ASF/common/services/clock/sam3x/sysclk.o
                0x00080694                sysclk_init
 .text.board_init
                0x0008070c       0xa4 src/ASF/sam/boards/arduino_due_x/init.o
                0x0008070c                board_init
 .text.pio_pull_up
                0x000807b0        0xc src/ASF/sam/drivers/pio/pio.o
                0x000807b0                pio_pull_up
 .text.pio_set_peripheral
                0x000807bc       0x44 src/ASF/sam/drivers/pio/pio.o
                0x000807bc                pio_set_peripheral
 .text.pio_disable_interrupt
                0x00080800        0x4 src/ASF/sam/drivers/pio/pio.o
                0x00080800                pio_disable_interrupt
 .text.pio_set_output
                0x00080804       0x3c src/ASF/sam/drivers/pio/pio.o
                0x00080804                pio_set_output
 .text.pio_set_input
                0x00080840       0x4c src/ASF/sam/drivers/pio/pio.o
                0x00080840                pio_set_input
 .text.pio_get_interrupt_status
                0x0008088c        0x4 src/ASF/sam/drivers/pio/pio.o
                0x0008088c                pio_get_interrupt_status
 .text.pio_get_interrupt_mask
                0x00080890        0x4 src/ASF/sam/drivers/pio/pio.o
                0x00080890                pio_get_interrupt_mask
 .text.pio_configure_pin
                0x00080894      0x100 src/ASF/sam/drivers/pio/pio.o
                0x00080894                pio_configure_pin
 .text.pio_configure_pin_group
                0x00080994       0xc8 src/ASF/sam/drivers/pio/pio.o
                0x00080994                pio_configure_pin_group
 .text.pio_handler_process
                0x00080a5c       0x54 src/ASF/sam/drivers/pio/pio_handler.o
                0x00080a5c                pio_handler_process
 .text.PIOA_Handler
                0x00080ab0       0x1c src/ASF/sam/drivers/pio/pio_handler.o
                0x00080ab0                PIOA_Handler
 .text.PIOB_Handler
                0x00080acc       0x1c src/ASF/sam/drivers/pio/pio_handler.o
                0x00080acc                PIOB_Handler
 .text.PIOC_Handler
                0x00080ae8       0x1c src/ASF/sam/drivers/pio/pio_handler.o
                0x00080ae8                PIOC_Handler
 .text.PIOD_Handler
                0x00080b04       0x1c src/ASF/sam/drivers/pio/pio_handler.o
                0x00080b04                PIOD_Handler
 .text.pmc_switch_mck_to_pllack
                0x00080b20       0xa0 src/ASF/sam/drivers/pmc/pmc.o
                0x00080b20                pmc_switch_mck_to_pllack
 .text.pmc_switch_mainck_to_xtal
                0x00080bc0       0x70 src/ASF/sam/drivers/pmc/pmc.o
                0x00080bc0                pmc_switch_mainck_to_xtal
 .text.pmc_osc_is_ready_mainck
                0x00080c30       0x10 src/ASF/sam/drivers/pmc/pmc.o
                0x00080c30                pmc_osc_is_ready_mainck
 .text.pmc_disable_pllack
                0x00080c40       0x10 src/ASF/sam/drivers/pmc/pmc.o
                0x00080c40                pmc_disable_pllack
 .text.pmc_is_locked_pllack
                0x00080c50       0x10 src/ASF/sam/drivers/pmc/pmc.o
                0x00080c50                pmc_is_locked_pllack
 .text.pmc_enable_periph_clk
                0x00080c60       0x84 src/ASF/sam/drivers/pmc/pmc.o
                0x00080c60                pmc_enable_periph_clk
 .text.Dummy_Handler
                0x00080ce4        0x4 src/ASF/sam/utils/cmsis/sam3x/source/templates/exceptions.o
                0x00080ce4                DACC_Handler
                0x00080ce4                DebugMon_Handler
                0x00080ce4                DMAC_Handler
                0x00080ce4                TRNG_Handler
                0x00080ce4                HardFault_Handler
                0x00080ce4                TC2_Handler
                0x00080ce4                SysTick_Handler
                0x00080ce4                USART3_Handler
                0x00080ce4                TWI1_Handler
                0x00080ce4                PendSV_Handler
                0x00080ce4                NMI_Handler
                0x00080ce4                TC7_Handler
                0x00080ce4                ADC_Handler
                0x00080ce4                SMC_Handler
                0x00080ce4                USART0_Handler
                0x00080ce4                RTT_Handler
                0x00080ce4                EFC1_Handler
                0x00080ce4                RTC_Handler
                0x00080ce4                UsageFault_Handler
                0x00080ce4                TC6_Handler
                0x00080ce4                WDT_Handler
                0x00080ce4                CAN0_Handler
                0x00080ce4                TC4_Handler
                0x00080ce4                TC1_Handler
                0x00080ce4                HSMCI_Handler
                0x00080ce4                TC3_Handler
                0x00080ce4                Dummy_Handler
                0x00080ce4                TWI0_Handler
                0x00080ce4                USART1_Handler
                0x00080ce4                SSC_Handler
                0x00080ce4                EFC0_Handler
                0x00080ce4                PMC_Handler
                0x00080ce4                PWM_Handler
                0x00080ce4                CAN1_Handler
                0x00080ce4                MemManage_Handler
                0x00080ce4                SUPC_Handler
                0x00080ce4                SVC_Handler
                0x00080ce4                TC8_Handler
                0x00080ce4                USART2_Handler
                0x00080ce4                EMAC_Handler
                0x00080ce4                UART_Handler
                0x00080ce4                BusFault_Handler
                0x00080ce4                RSTC_Handler
                0x00080ce4                TC0_Handler
                0x00080ce4                TC5_Handler
                0x00080ce4                UOTGHS_Handler
                0x00080ce4                SPI0_Handler
 .text.Reset_Handler
                0x00080ce8      0x138 src/ASF/sam/utils/cmsis/sam3x/source/templates/gcc/startup_sam3x.o
                0x00080ce8                Reset_Handler
 .text.SystemCoreClockUpdate
                0x00080e20      0x1c8 src/ASF/sam/utils/cmsis/sam3x/source/templates/system_sam3x.o
                0x00080e20                SystemCoreClockUpdate
 .text.system_init_flash
                0x00080fe8       0xc4 src/ASF/sam/utils/cmsis/sam3x/source/templates/system_sam3x.o
                0x00080fe8                system_init_flash
 .text.ADCSetup
                0x000810ac       0xb8 src/myADC.o
                0x000810ac                ADCSetup
 .text          0x00081164       0x9c c:/program files (x86)/atmel/atmel toolchain/arm gcc/native/4.7.3.1029/arm-gnu-toolchain/bin/../lib/gcc/arm-none-eabi/4.7.3/../../../../arm-none-eabi/lib/armv7-m\libc.a(lib_a-__atexit.o)
                0x00081164                __register_exitproc
 .text          0x00081200       0x2c c:/program files (x86)/atmel/atmel toolchain/arm gcc/native/4.7.3.1029/arm-gnu-toolchain/bin/../lib/gcc/arm-none-eabi/4.7.3/../../../../arm-none-eabi/lib/armv7-m\libc.a(lib_a-fini.o)
                0x00081200                __libc_fini_array
 .text          0x0008122c       0x4c c:/program files (x86)/atmel/atmel toolchain/arm gcc/native/4.7.3.1029/arm-gnu-toolchain/bin/../lib/gcc/arm-none-eabi/4.7.3/../../../../arm-none-eabi/lib/armv7-m\libc.a(lib_a-init.o)
                0x0008122c                __libc_init_array
 .text.startup  0x00081278       0x14 c:/program files (x86)/atmel/atmel toolchain/arm gcc/native/4.7.3.1029/arm-gnu-toolchain/bin/../lib/gcc/arm-none-eabi/4.7.3/../../../../arm-none-eabi/lib/armv7-m\libc.a(lib_a-__call_atexit.o)
 .text          0x0008128c        0xc c:/program files (x86)/atmel/atmel toolchain/arm gcc/native/4.7.3.1029/arm-gnu-toolchain/bin/../lib/gcc/arm-none-eabi/4.7.3/../../../../arm-none-eabi/lib/armv7-m\libc.a(lib_a-atexit.o)
                0x0008128c                atexit
 *(.glue_7t)
 .glue_7t       0x00000000        0x0 linker stubs
 *(.glue_7)
 .glue_7        0x00000000        0x0 linker stubs
 *(.rodata .rodata* .gnu.linkonce.r.*)
 .rodata        0x00081298       0x10 src/LCDShield.o
 .rodata.str1.4
                0x000812a8       0x38 src/main.o
 .rodata        0x000812e0       0x30 src/myADC.o
 .rodata        0x00081310        0x4 c:/program files (x86)/atmel/atmel toolchain/arm gcc/native/4.7.3.1029/arm-gnu-toolchain/bin/../lib/gcc/arm-none-eabi/4.7.3/../../../../arm-none-eabi/lib/armv7-m\libc.a(lib_a-impure.o)
                0x00081310                _global_impure_ptr
 .rodata.str1.1
                0x00081314        0x2 c:/program files (x86)/atmel/atmel toolchain/arm gcc/native/4.7.3.1029/arm-gnu-toolchain/bin/../lib/gcc/arm-none-eabi/4.7.3/../../../../arm-none-eabi/lib/armv7-m\libc.a(lib_a-impure.o)
 *(.ARM.extab* .gnu.linkonce.armextab.*)
                0x00081318                . = ALIGN (0x4)
 *fill*         0x00081316        0x2 00
 *(.init)
 .init          0x00081318        0x4 c:/program files (x86)/atmel/atmel toolchain/arm gcc/native/4.7.3.1029/arm-gnu-toolchain/bin/../lib/gcc/arm-none-eabi/4.7.3/armv7-m/crti.o
                0x00081318                _init
 .init          0x0008131c        0x8 c:/program files (x86)/atmel/atmel toolchain/arm gcc/native/4.7.3.1029/arm-gnu-toolchain/bin/../lib/gcc/arm-none-eabi/4.7.3/armv7-m/crtn.o
                0x00081324                . = ALIGN (0x4)
                0x00081324                __preinit_array_start = .
 *(.preinit_array)
                0x00081324                __preinit_array_end = .
                0x00081324                . = ALIGN (0x4)
                0x00081324                __init_array_start = .
 *(SORT(.init_array.*))
 .init_array.00000
                0x00081324        0x4 c:/program files (x86)/atmel/atmel toolchain/arm gcc/native/4.7.3.1029/arm-gnu-toolchain/bin/../lib/gcc/arm-none-eabi/4.7.3/../../../../arm-none-eabi/lib/armv7-m\libc.a(lib_a-__call_atexit.o)
 *(.init_array)
 .init_array    0x00081328        0x4 c:/program files (x86)/atmel/atmel toolchain/arm gcc/native/4.7.3.1029/arm-gnu-toolchain/bin/../lib/gcc/arm-none-eabi/4.7.3/armv7-m/crtbegin.o
                0x0008132c                __init_array_end = .
                0x0008132c                . = ALIGN (0x4)
 *crtbegin.o(.ctors)
 *(EXCLUDE_FILE(*crtend.o) .ctors)
 *(SORT(.ctors.*))
 *crtend.o(.ctors)
                0x0008132c                . = ALIGN (0x4)
 *(.fini)
 .fini          0x0008132c        0x4 c:/program files (x86)/atmel/atmel toolchain/arm gcc/native/4.7.3.1029/arm-gnu-toolchain/bin/../lib/gcc/arm-none-eabi/4.7.3/armv7-m/crti.o
                0x0008132c                _fini
 .fini          0x00081330        0x8 c:/program files (x86)/atmel/atmel toolchain/arm gcc/native/4.7.3.1029/arm-gnu-toolchain/bin/../lib/gcc/arm-none-eabi/4.7.3/armv7-m/crtn.o
                0x00081338                . = ALIGN (0x4)
                0x00081338                __fini_array_start = .
 *(.fini_array)
 .fini_array    0x00081338        0x4 c:/program files (x86)/atmel/atmel toolchain/arm gcc/native/4.7.3.1029/arm-gnu-toolchain/bin/../lib/gcc/arm-none-eabi/4.7.3/armv7-m/crtbegin.o
 *(SORT(.fini_array.*))
                0x0008133c                __fini_array_end = .
 *crtbegin.o(.dtors)
 *(EXCLUDE_FILE(*crtend.o) .dtors)
 *(SORT(.dtors.*))
 *crtend.o(.dtors)
                0x0008133c                . = ALIGN (0x4)
                0x0008133c                _efixed = .
                0x0008133c                PROVIDE (__exidx_start, .)

.vfp11_veneer   0x0008133c        0x0
 .vfp11_veneer  0x00000000        0x0 linker stubs

.v4_bx          0x0008133c        0x0
 .v4_bx         0x00000000        0x0 linker stubs

.iplt           0x0008133c        0x0
 .iplt          0x00000000        0x0 c:/program files (x86)/atmel/atmel toolchain/arm gcc/native/4.7.3.1029/arm-gnu-toolchain/bin/../lib/gcc/arm-none-eabi/4.7.3/armv7-m/crtbegin.o

.eh_frame       0x0008133c        0x0
 .eh_frame      0x0008133c        0x0 c:/program files (x86)/atmel/atmel toolchain/arm gcc/native/4.7.3.1029/arm-gnu-toolchain/bin/../lib/gcc/arm-none-eabi/4.7.3/armv7-m/crtbegin.o

.rel.dyn        0x0008133c        0x0
 .rel.iplt      0x00000000        0x0 c:/program files (x86)/atmel/atmel toolchain/arm gcc/native/4.7.3.1029/arm-gnu-toolchain/bin/../lib/gcc/arm-none-eabi/4.7.3/armv7-m/crtbegin.o

.jcr            0x0008133c        0x0
 .jcr           0x0008133c        0x0 c:/program files (x86)/atmel/atmel toolchain/arm gcc/native/4.7.3.1029/arm-gnu-toolchain/bin/../lib/gcc/arm-none-eabi/4.7.3/armv7-m/crtbegin.o

.tm_clone_table
                0x0008133c        0x0
 .tm_clone_table
                0x0008133c        0x0 c:/program files (x86)/atmel/atmel toolchain/arm gcc/native/4.7.3.1029/arm-gnu-toolchain/bin/../lib/gcc/arm-none-eabi/4.7.3/armv7-m/crtbegin.o
 .tm_clone_table
                0x0008133c        0x0 c:/program files (x86)/atmel/atmel toolchain/arm gcc/native/4.7.3.1029/arm-gnu-toolchain/bin/../lib/gcc/arm-none-eabi/4.7.3/armv7-m/crtend.o

.igot.plt       0x0008133c        0x0
 .igot.plt      0x00000000        0x0 c:/program files (x86)/atmel/atmel toolchain/arm gcc/native/4.7.3.1029/arm-gnu-toolchain/bin/../lib/gcc/arm-none-eabi/4.7.3/armv7-m/crtbegin.o

.ARM.exidx
 *(.ARM.exidx* .gnu.linkonce.armexidx.*)
                0x0008133c                PROVIDE (__exidx_end, .)
                0x0008133c                . = ALIGN (0x4)
                0x0008133c                _etext = .

.relocate       0x20070000      0x438 load address 0x0008133c
                0x20070000                . = ALIGN (0x4)
                0x20070000                _srelocate = .
 *(.ramfunc .ramfunc.*)
 *(.data .data.*)
 .data.SystemCoreClock
                0x20070000        0x4 src/ASF/sam/utils/cmsis/sam3x/source/templates/system_sam3x.o
                0x20070000                SystemCoreClock
 *fill*         0x20070004        0x4 00
 .data          0x20070008      0x430 c:/program files (x86)/atmel/atmel toolchain/arm gcc/native/4.7.3.1029/arm-gnu-toolchain/bin/../lib/gcc/arm-none-eabi/4.7.3/../../../../arm-none-eabi/lib/armv7-m\libc.a(lib_a-impure.o)
                0x20070008                _impure_ptr
                0x20070438                . = ALIGN (0x4)
                0x20070438                _erelocate = .

.bss            0x20070438       0x8c load address 0x00081774
                0x20070438                . = ALIGN (0x4)
                0x20070438                _sbss = .
                0x20070438                _szero = .
 *(.bss .bss.*)
 .bss           0x20070438       0x1c c:/program files (x86)/atmel/atmel toolchain/arm gcc/native/4.7.3.1029/arm-gnu-toolchain/bin/../lib/gcc/arm-none-eabi/4.7.3/armv7-m/crtbegin.o
 .bss.gs_interrupt_sources
                0x20070454       0x70 src/ASF/sam/drivers/pio/pio_handler.o
 *(COMMON)
                0x200704c4                . = ALIGN (0x4)
                0x200704c4                _ebss = .
                0x200704c4                _ezero = .

.stack          0x200704c4     0x2004 load address 0x00081800
                0x200704c8                . = ALIGN (0x8)
 *fill*         0x200704c4        0x4 00
                0x200704c8                _sstack = .
                0x200724c8                . = (. + __stack_size__)
 *fill*         0x200704c8     0x2000 00
                0x200724c8                . = ALIGN (0x8)
                0x200724c8                _estack = .
                0x200724c8                . = ALIGN (0x4)
                0x200724c8                _end = .
OUTPUT(Lab1c_project.elf elf32-littlearm)

.ARM.attributes
                0x00000000       0x29
 .ARM.attributes
                0x00000000       0x1d c:/program files (x86)/atmel/atmel toolchain/arm gcc/native/4.7.3.1029/arm-gnu-toolchain/bin/../lib/gcc/arm-none-eabi/4.7.3/armv7-m/crti.o
 .ARM.attributes
                0x0000001d       0x2d c:/program files (x86)/atmel/atmel toolchain/arm gcc/native/4.7.3.1029/arm-gnu-toolchain/bin/../lib/gcc/arm-none-eabi/4.7.3/armv7-m/crtbegin.o
 .ARM.attributes
                0x0000004a       0x33 src/ASF/sam/drivers/adc/adc.o
 .ARM.attributes
                0x0000007d       0x33 src/ASF/sam/drivers/tc/tc.o
 .ARM.attributes
                0x000000b0       0x33 src/LCDShield.o
 .ARM.attributes
                0x000000e3       0x33 src/main.o
 .ARM.attributes
                0x00000116       0x33 src/ASF/common/services/clock/sam3x/sysclk.o
 .ARM.attributes
                0x00000149       0x33 src/ASF/sam/boards/arduino_due_x/init.o
 .ARM.attributes
                0x0000017c       0x33 src/ASF/sam/drivers/pio/pio.o
 .ARM.attributes
                0x000001af       0x33 src/ASF/sam/drivers/pio/pio_handler.o
 .ARM.attributes
                0x000001e2       0x33 src/ASF/sam/drivers/pmc/pmc.o
 .ARM.attributes
                0x00000215       0x33 src/ASF/sam/utils/cmsis/sam3x/source/templates/exceptions.o
 .ARM.attributes
                0x00000248       0x33 src/ASF/sam/utils/cmsis/sam3x/source/templates/gcc/startup_sam3x.o
 .ARM.attributes
                0x0000027b       0x33 src/ASF/sam/utils/cmsis/sam3x/source/templates/system_sam3x.o
 .ARM.attributes
                0x000002ae       0x33 src/myADC.o
 .ARM.attributes
                0x000002e1       0x2d c:/program files (x86)/atmel/atmel toolchain/arm gcc/native/4.7.3.1029/arm-gnu-toolchain/bin/../lib/gcc/arm-none-eabi/4.7.3/../../../../arm-none-eabi/lib/armv7-m\libc.a(lib_a-__atexit.o)
 .ARM.attributes
                0x0000030e       0x2d c:/program files (x86)/atmel/atmel toolchain/arm gcc/native/4.7.3.1029/arm-gnu-toolchain/bin/../lib/gcc/arm-none-eabi/4.7.3/../../../../arm-none-eabi/lib/armv7-m\libc.a(lib_a-fini.o)
 .ARM.attributes
                0x0000033b       0x2d c:/program files (x86)/atmel/atmel toolchain/arm gcc/native/4.7.3.1029/arm-gnu-toolchain/bin/../lib/gcc/arm-none-eabi/4.7.3/../../../../arm-none-eabi/lib/armv7-m\libc.a(lib_a-impure.o)
 .ARM.attributes
                0x00000368       0x2d c:/program files (x86)/atmel/atmel toolchain/arm gcc/native/4.7.3.1029/arm-gnu-toolchain/bin/../lib/gcc/arm-none-eabi/4.7.3/../../../../arm-none-eabi/lib/armv7-m\libc.a(lib_a-init.o)
 .ARM.attributes
                0x00000395       0x2d c:/program files (x86)/atmel/atmel toolchain/arm gcc/native/4.7.3.1029/arm-gnu-toolchain/bin/../lib/gcc/arm-none-eabi/4.7.3/../../../../arm-none-eabi/lib/armv7-m\libc.a(lib_a-__call_atexit.o)
 .ARM.attributes
                0x000003c2       0x2d c:/program files (x86)/atmel/atmel toolchain/arm gcc/native/4.7.3.1029/arm-gnu-toolchain/bin/../lib/gcc/arm-none-eabi/4.7.3/../../../../arm-none-eabi/lib/armv7-m\libc.a(lib_a-atexit.o)
 .ARM.attributes
                0x000003ef       0x2d c:/program files (x86)/atmel/atmel toolchain/arm gcc/native/4.7.3.1029/arm-gnu-toolchain/bin/../lib/gcc/arm-none-eabi/4.7.3/armv7-m/crtend.o
 .ARM.attributes
                0x0000041c       0x1d c:/program files (x86)/atmel/atmel toolchain/arm gcc/native/4.7.3.1029/arm-gnu-toolchain/bin/../lib/gcc/arm-none-eabi/4.7.3/armv7-m/crtn.o

.comment        0x00000000       0x71
 .comment       0x00000000       0x71 c:/program files (x86)/atmel/atmel toolchain/arm gcc/native/4.7.3.1029/arm-gnu-toolchain/bin/../lib/gcc/arm-none-eabi/4.7.3/armv7-m/crtbegin.o
                                 0x72 (size before relaxing)
 .comment       0x00000000       0x72 src/ASF/sam/drivers/adc/adc.o
 .comment       0x00000000       0x72 src/ASF/sam/drivers/tc/tc.o
 .comment       0x00000000       0x72 src/LCDShield.o
 .comment       0x00000000       0x72 src/main.o
 .comment       0x00000000       0x72 src/ASF/common/services/clock/sam3x/sysclk.o
 .comment       0x00000000       0x72 src/ASF/sam/boards/arduino_due_x/init.o
 .comment       0x00000000       0x72 src/ASF/sam/drivers/pio/pio.o
 .comment       0x00000000       0x72 src/ASF/sam/drivers/pio/pio_handler.o
 .comment       0x00000000       0x72 src/ASF/sam/drivers/pmc/pmc.o
 .comment       0x00000000       0x72 src/ASF/sam/utils/cmsis/sam3x/source/templates/exceptions.o
 .comment       0x00000000       0x72 src/ASF/sam/utils/cmsis/sam3x/source/templates/gcc/startup_sam3x.o
 .comment       0x00000000       0x72 src/ASF/sam/utils/cmsis/sam3x/source/templates/system_sam3x.o
 .comment       0x00000000       0x72 src/myADC.o
 .comment       0x00000000       0x72 c:/program files (x86)/atmel/atmel toolchain/arm gcc/native/4.7.3.1029/arm-gnu-toolchain/bin/../lib/gcc/arm-none-eabi/4.7.3/../../../../arm-none-eabi/lib/armv7-m\libc.a(lib_a-__atexit.o)
 .comment       0x00000000       0x72 c:/program files (x86)/atmel/atmel toolchain/arm gcc/native/4.7.3.1029/arm-gnu-toolchain/bin/../lib/gcc/arm-none-eabi/4.7.3/../../../../arm-none-eabi/lib/armv7-m\libc.a(lib_a-fini.o)
 .comment       0x00000000       0x72 c:/program files (x86)/atmel/atmel toolchain/arm gcc/native/4.7.3.1029/arm-gnu-toolchain/bin/../lib/gcc/arm-none-eabi/4.7.3/../../../../arm-none-eabi/lib/armv7-m\libc.a(lib_a-impure.o)
 .comment       0x00000000       0x72 c:/program files (x86)/atmel/atmel toolchain/arm gcc/native/4.7.3.1029/arm-gnu-toolchain/bin/../lib/gcc/arm-none-eabi/4.7.3/../../../../arm-none-eabi/lib/armv7-m\libc.a(lib_a-init.o)
 .comment       0x00000000       0x72 c:/program files (x86)/atmel/atmel toolchain/arm gcc/native/4.7.3.1029/arm-gnu-toolchain/bin/../lib/gcc/arm-none-eabi/4.7.3/../../../../arm-none-eabi/lib/armv7-m\libc.a(lib_a-__call_atexit.o)
 .comment       0x00000000       0x72 c:/program files (x86)/atmel/atmel toolchain/arm gcc/native/4.7.3.1029/arm-gnu-toolchain/bin/../lib/gcc/arm-none-eabi/4.7.3/../../../../arm-none-eabi/lib/armv7-m\libc.a(lib_a-atexit.o)
 .comment       0x00000000       0x72 c:/program files (x86)/atmel/atmel toolchain/arm gcc/native/4.7.3.1029/arm-gnu-toolchain/bin/../lib/gcc/arm-none-eabi/4.7.3/armv7-m/crtend.o

.debug_info     0x00000000     0xc14f
 .debug_info    0x00000000     0x1114 src/ASF/sam/drivers/adc/adc.o
 .debug_info    0x00001114      0x932 src/ASF/sam/drivers/tc/tc.o
 .debug_info    0x00001a46     0x21d8 src/LCDShield.o
 .debug_info    0x00003c1e      0xedb src/main.o
 .debug_info    0x00004af9      0x74e src/ASF/common/services/clock/sam3x/sysclk.o
 .debug_info    0x00005247      0x729 src/ASF/sam/boards/arduino_due_x/init.o
 .debug_info    0x00005970     0x11ab src/ASF/sam/drivers/pio/pio.o
 .debug_info    0x00006b1b      0xdc8 src/ASF/sam/drivers/pio/pio_handler.o
 .debug_info    0x000078e3     0x101b src/ASF/sam/drivers/pmc/pmc.o
 .debug_info    0x000088fe       0xae src/ASF/sam/utils/cmsis/sam3x/source/templates/exceptions.o
 .debug_info    0x000089ac      0x344 src/ASF/sam/utils/cmsis/sam3x/source/templates/gcc/startup_sam3x.o
 .debug_info    0x00008cf0      0x462 src/ASF/sam/utils/cmsis/sam3x/source/templates/system_sam3x.o
 .debug_info    0x00009152      0xef5 src/myADC.o
 .debug_info    0x0000a047      0xa15 c:/program files (x86)/atmel/atmel toolchain/arm gcc/native/4.7.3.1029/arm-gnu-toolchain/bin/../lib/gcc/arm-none-eabi/4.7.3/../../../../arm-none-eabi/lib/armv7-m\libc.a(lib_a-__atexit.o)
 .debug_info    0x0000aa5c       0xf7 c:/program files (x86)/atmel/atmel toolchain/arm gcc/native/4.7.3.1029/arm-gnu-toolchain/bin/../lib/gcc/arm-none-eabi/4.7.3/../../../../arm-none-eabi/lib/armv7-m\libc.a(lib_a-fini.o)
 .debug_info    0x0000ab53      0x961 c:/program files (x86)/atmel/atmel toolchain/arm gcc/native/4.7.3.1029/arm-gnu-toolchain/bin/../lib/gcc/arm-none-eabi/4.7.3/../../../../arm-none-eabi/lib/armv7-m\libc.a(lib_a-impure.o)
 .debug_info    0x0000b4b4      0x110 c:/program files (x86)/atmel/atmel toolchain/arm gcc/native/4.7.3.1029/arm-gnu-toolchain/bin/../lib/gcc/arm-none-eabi/4.7.3/../../../../arm-none-eabi/lib/armv7-m\libc.a(lib_a-init.o)
 .debug_info    0x0000b5c4      0xa7c c:/program files (x86)/atmel/atmel toolchain/arm gcc/native/4.7.3.1029/arm-gnu-toolchain/bin/../lib/gcc/arm-none-eabi/4.7.3/../../../../arm-none-eabi/lib/armv7-m\libc.a(lib_a-__call_atexit.o)
 .debug_info    0x0000c040      0x10f c:/program files (x86)/atmel/atmel toolchain/arm gcc/native/4.7.3.1029/arm-gnu-toolchain/bin/../lib/gcc/arm-none-eabi/4.7.3/../../../../arm-none-eabi/lib/armv7-m\libc.a(lib_a-atexit.o)

.debug_abbrev   0x00000000     0x2062
 .debug_abbrev  0x00000000      0x235 src/ASF/sam/drivers/adc/adc.o
 .debug_abbrev  0x00000235      0x1bb src/ASF/sam/drivers/tc/tc.o
 .debug_abbrev  0x000003f0      0x327 src/LCDShield.o
 .debug_abbrev  0x00000717      0x25d src/main.o
 .debug_abbrev  0x00000974      0x227 src/ASF/common/services/clock/sam3x/sysclk.o
 .debug_abbrev  0x00000b9b      0x16f src/ASF/sam/boards/arduino_due_x/init.o
 .debug_abbrev  0x00000d0a      0x214 src/ASF/sam/drivers/pio/pio.o
 .debug_abbrev  0x00000f1e      0x266 src/ASF/sam/drivers/pio/pio_handler.o
 .debug_abbrev  0x00001184      0x246 src/ASF/sam/drivers/pmc/pmc.o
 .debug_abbrev  0x000013ca       0x6c src/ASF/sam/utils/cmsis/sam3x/source/templates/exceptions.o
 .debug_abbrev  0x00001436      0x107 src/ASF/sam/utils/cmsis/sam3x/source/templates/gcc/startup_sam3x.o
 .debug_abbrev  0x0000153d       0xf5 src/ASF/sam/utils/cmsis/sam3x/source/templates/system_sam3x.o
 .debug_abbrev  0x00001632      0x244 src/myADC.o
 .debug_abbrev  0x00001876      0x1fe c:/program files (x86)/atmel/atmel toolchain/arm gcc/native/4.7.3.1029/arm-gnu-toolchain/bin/../lib/gcc/arm-none-eabi/4.7.3/../../../../arm-none-eabi/lib/armv7-m\libc.a(lib_a-__atexit.o)
 .debug_abbrev  0x00001a74       0xbb c:/program files (x86)/atmel/atmel toolchain/arm gcc/native/4.7.3.1029/arm-gnu-toolchain/bin/../lib/gcc/arm-none-eabi/4.7.3/../../../../arm-none-eabi/lib/armv7-m\libc.a(lib_a-fini.o)
 .debug_abbrev  0x00001b2f      0x160 c:/program files (x86)/atmel/atmel toolchain/arm gcc/native/4.7.3.1029/arm-gnu-toolchain/bin/../lib/gcc/arm-none-eabi/4.7.3/../../../../arm-none-eabi/lib/armv7-m\libc.a(lib_a-impure.o)
 .debug_abbrev  0x00001c8f       0xb8 c:/program files (x86)/atmel/atmel toolchain/arm gcc/native/4.7.3.1029/arm-gnu-toolchain/bin/../lib/gcc/arm-none-eabi/4.7.3/../../../../arm-none-eabi/lib/armv7-m\libc.a(lib_a-init.o)
 .debug_abbrev  0x00001d47      0x265 c:/program files (x86)/atmel/atmel toolchain/arm gcc/native/4.7.3.1029/arm-gnu-toolchain/bin/../lib/gcc/arm-none-eabi/4.7.3/../../../../arm-none-eabi/lib/armv7-m\libc.a(lib_a-__call_atexit.o)
 .debug_abbrev  0x00001fac       0xb6 c:/program files (x86)/atmel/atmel toolchain/arm gcc/native/4.7.3.1029/arm-gnu-toolchain/bin/../lib/gcc/arm-none-eabi/4.7.3/../../../../arm-none-eabi/lib/armv7-m\libc.a(lib_a-atexit.o)

.debug_loc      0x00000000     0x34bb
 .debug_loc     0x00000000      0x989 src/ASF/sam/drivers/adc/adc.o
 .debug_loc     0x00000989      0x717 src/ASF/sam/drivers/tc/tc.o
 .debug_loc     0x000010a0      0x634 src/LCDShield.o
 .debug_loc     0x000016d4       0x5f src/main.o
 .debug_loc     0x00001733      0x12d src/ASF/common/services/clock/sam3x/sysclk.o
 .debug_loc     0x00001860       0x20 src/ASF/sam/boards/arduino_due_x/init.o
 .debug_loc     0x00001880      0x8dc src/ASF/sam/drivers/pio/pio.o
 .debug_loc     0x0000215c      0x4a4 src/ASF/sam/drivers/pio/pio_handler.o
 .debug_loc     0x00002600      0xadd src/ASF/sam/drivers/pmc/pmc.o
 .debug_loc     0x000030dd       0x20 src/ASF/sam/utils/cmsis/sam3x/source/templates/gcc/startup_sam3x.o
 .debug_loc     0x000030fd       0x6c src/ASF/sam/utils/cmsis/sam3x/source/templates/system_sam3x.o
 .debug_loc     0x00003169       0x72 src/myADC.o
 .debug_loc     0x000031db       0xfc c:/program files (x86)/atmel/atmel toolchain/arm gcc/native/4.7.3.1029/arm-gnu-toolchain/bin/../lib/gcc/arm-none-eabi/4.7.3/../../../../arm-none-eabi/lib/armv7-m\libc.a(lib_a-__atexit.o)
 .debug_loc     0x000032d7       0x33 c:/program files (x86)/atmel/atmel toolchain/arm gcc/native/4.7.3.1029/arm-gnu-toolchain/bin/../lib/gcc/arm-none-eabi/4.7.3/../../../../arm-none-eabi/lib/armv7-m\libc.a(lib_a-fini.o)
 .debug_loc     0x0000330a       0x4a c:/program files (x86)/atmel/atmel toolchain/arm gcc/native/4.7.3.1029/arm-gnu-toolchain/bin/../lib/gcc/arm-none-eabi/4.7.3/../../../../arm-none-eabi/lib/armv7-m\libc.a(lib_a-init.o)
 .debug_loc     0x00003354      0x13b c:/program files (x86)/atmel/atmel toolchain/arm gcc/native/4.7.3.1029/arm-gnu-toolchain/bin/../lib/gcc/arm-none-eabi/4.7.3/../../../../arm-none-eabi/lib/armv7-m\libc.a(lib_a-__call_atexit.o)
 .debug_loc     0x0000348f       0x2c c:/program files (x86)/atmel/atmel toolchain/arm gcc/native/4.7.3.1029/arm-gnu-toolchain/bin/../lib/gcc/arm-none-eabi/4.7.3/../../../../arm-none-eabi/lib/armv7-m\libc.a(lib_a-atexit.o)

.debug_aranges  0x00000000      0x800
 .debug_aranges
                0x00000000      0x178 src/ASF/sam/drivers/adc/adc.o
 .debug_aranges
                0x00000178       0xd0 src/ASF/sam/drivers/tc/tc.o
 .debug_aranges
                0x00000248       0x50 src/LCDShield.o
 .debug_aranges
                0x00000298       0x20 src/main.o
 .debug_aranges
                0x000002b8       0x40 src/ASF/common/services/clock/sam3x/sysclk.o
 .debug_aranges
                0x000002f8       0x20 src/ASF/sam/boards/arduino_due_x/init.o
 .debug_aranges
                0x00000318      0x148 src/ASF/sam/drivers/pio/pio.o
 .debug_aranges
                0x00000460       0x58 src/ASF/sam/drivers/pio/pio_handler.o
 .debug_aranges
                0x000004b8      0x1f8 src/ASF/sam/drivers/pmc/pmc.o
 .debug_aranges
                0x000006b0       0x20 src/ASF/sam/utils/cmsis/sam3x/source/templates/exceptions.o
 .debug_aranges
                0x000006d0       0x20 src/ASF/sam/utils/cmsis/sam3x/source/templates/gcc/startup_sam3x.o
 .debug_aranges
                0x000006f0       0x30 src/ASF/sam/utils/cmsis/sam3x/source/templates/system_sam3x.o
 .debug_aranges
                0x00000720       0x20 src/myADC.o
 .debug_aranges
                0x00000740       0x20 c:/program files (x86)/atmel/atmel toolchain/arm gcc/native/4.7.3.1029/arm-gnu-toolchain/bin/../lib/gcc/arm-none-eabi/4.7.3/../../../../arm-none-eabi/lib/armv7-m\libc.a(lib_a-__atexit.o)
 .debug_aranges
                0x00000760       0x20 c:/program files (x86)/atmel/atmel toolchain/arm gcc/native/4.7.3.1029/arm-gnu-toolchain/bin/../lib/gcc/arm-none-eabi/4.7.3/../../../../arm-none-eabi/lib/armv7-m\libc.a(lib_a-fini.o)
 .debug_aranges
                0x00000780       0x18 c:/program files (x86)/atmel/atmel toolchain/arm gcc/native/4.7.3.1029/arm-gnu-toolchain/bin/../lib/gcc/arm-none-eabi/4.7.3/../../../../arm-none-eabi/lib/armv7-m\libc.a(lib_a-impure.o)
 .debug_aranges
                0x00000798       0x20 c:/program files (x86)/atmel/atmel toolchain/arm gcc/native/4.7.3.1029/arm-gnu-toolchain/bin/../lib/gcc/arm-none-eabi/4.7.3/../../../../arm-none-eabi/lib/armv7-m\libc.a(lib_a-init.o)
 .debug_aranges
                0x000007b8       0x28 c:/program files (x86)/atmel/atmel toolchain/arm gcc/native/4.7.3.1029/arm-gnu-toolchain/bin/../lib/gcc/arm-none-eabi/4.7.3/../../../../arm-none-eabi/lib/armv7-m\libc.a(lib_a-__call_atexit.o)
 .debug_aranges
                0x000007e0       0x20 c:/program files (x86)/atmel/atmel toolchain/arm gcc/native/4.7.3.1029/arm-gnu-toolchain/bin/../lib/gcc/arm-none-eabi/4.7.3/../../../../arm-none-eabi/lib/armv7-m\libc.a(lib_a-atexit.o)

.debug_ranges   0x00000000      0x6c0
 .debug_ranges  0x00000000      0x168 src/ASF/sam/drivers/adc/adc.o
 .debug_ranges  0x00000168       0xc0 src/ASF/sam/drivers/tc/tc.o
 .debug_ranges  0x00000228       0x40 src/LCDShield.o
 .debug_ranges  0x00000268       0x10 src/main.o
 .debug_ranges  0x00000278       0x30 src/ASF/common/services/clock/sam3x/sysclk.o
 .debug_ranges  0x000002a8       0x10 src/ASF/sam/boards/arduino_due_x/init.o
 .debug_ranges  0x000002b8      0x138 src/ASF/sam/drivers/pio/pio.o
 .debug_ranges  0x000003f0       0x48 src/ASF/sam/drivers/pio/pio_handler.o
 .debug_ranges  0x00000438      0x1e8 src/ASF/sam/drivers/pmc/pmc.o
 .debug_ranges  0x00000620       0x10 src/ASF/sam/utils/cmsis/sam3x/source/templates/exceptions.o
 .debug_ranges  0x00000630       0x10 src/ASF/sam/utils/cmsis/sam3x/source/templates/gcc/startup_sam3x.o
 .debug_ranges  0x00000640       0x20 src/ASF/sam/utils/cmsis/sam3x/source/templates/system_sam3x.o
 .debug_ranges  0x00000660       0x10 src/myADC.o
 .debug_ranges  0x00000670       0x50 c:/program files (x86)/atmel/atmel toolchain/arm gcc/native/4.7.3.1029/arm-gnu-toolchain/bin/../lib/gcc/arm-none-eabi/4.7.3/../../../../arm-none-eabi/lib/armv7-m\libc.a(lib_a-__call_atexit.o)

.debug_macro    0x00000000    0x14f29
 .debug_macro   0x00000000      0x4b3 src/ASF/sam/drivers/adc/adc.o
 .debug_macro   0x000004b3      0x826 src/ASF/sam/drivers/adc/adc.o
 .debug_macro   0x00000cd9      0x16c src/ASF/sam/drivers/adc/adc.o
 .debug_macro   0x00000e45      0x2ee src/ASF/sam/drivers/adc/adc.o
 .debug_macro   0x00001133       0x76 src/ASF/sam/drivers/adc/adc.o
 .debug_macro   0x000011a9       0x16 src/ASF/sam/drivers/adc/adc.o
 .debug_macro   0x000011bf      0x6e1 src/ASF/sam/drivers/adc/adc.o
 .debug_macro   0x000018a0       0x3a src/ASF/sam/drivers/adc/adc.o
 .debug_macro   0x000018da       0x10 src/ASF/sam/drivers/adc/adc.o
 .debug_macro   0x000018ea       0x2e src/ASF/sam/drivers/adc/adc.o
 .debug_macro   0x00001918       0xa3 src/ASF/sam/drivers/adc/adc.o
 .debug_macro   0x000019bb      0x20e src/ASF/sam/drivers/adc/adc.o
 .debug_macro   0x00001bc9       0x20 src/ASF/sam/drivers/adc/adc.o
 .debug_macro   0x00001be9       0x3a src/ASF/sam/drivers/adc/adc.o
 .debug_macro   0x00001c23       0x18 src/ASF/sam/drivers/adc/adc.o
 .debug_macro   0x00001c3b      0xb08 src/ASF/sam/drivers/adc/adc.o
 .debug_macro   0x00002743      0xab3 src/ASF/sam/drivers/adc/adc.o
 .debug_macro   0x000031f6      0x566 src/ASF/sam/drivers/adc/adc.o
 .debug_macro   0x0000375c      0x2b2 src/ASF/sam/drivers/adc/adc.o
 .debug_macro   0x00003a0e      0x317 src/ASF/sam/drivers/adc/adc.o
 .debug_macro   0x00003d25      0x74c src/ASF/sam/drivers/adc/adc.o
 .debug_macro   0x00004471       0x82 src/ASF/sam/drivers/adc/adc.o
 .debug_macro   0x000044f3      0x578 src/ASF/sam/drivers/adc/adc.o
 .debug_macro   0x00004a6b       0x1c src/ASF/sam/drivers/adc/adc.o
 .debug_macro   0x00004a87      0x6b5 src/ASF/sam/drivers/adc/adc.o
 .debug_macro   0x0000513c      0x52a src/ASF/sam/drivers/adc/adc.o
 .debug_macro   0x00005666       0xbe src/ASF/sam/drivers/adc/adc.o
 .debug_macro   0x00005724     0x233f src/ASF/sam/drivers/adc/adc.o
 .debug_macro   0x00007a63      0x85a src/ASF/sam/drivers/adc/adc.o
 .debug_macro   0x000082bd      0xdc6 src/ASF/sam/drivers/adc/adc.o
 .debug_macro   0x00009083       0x7c src/ASF/sam/drivers/adc/adc.o
 .debug_macro   0x000090ff      0x261 src/ASF/sam/drivers/adc/adc.o
 .debug_macro   0x00009360       0x58 src/ASF/sam/drivers/adc/adc.o
 .debug_macro   0x000093b8      0x9a5 src/ASF/sam/drivers/adc/adc.o
 .debug_macro   0x00009d5d      0x246 src/ASF/sam/drivers/adc/adc.o
 .debug_macro   0x00009fa3      0x4dc src/ASF/sam/drivers/adc/adc.o
 .debug_macro   0x0000a47f      0x6b0 src/ASF/sam/drivers/adc/adc.o
 .debug_macro   0x0000ab2f      0x59c src/ASF/sam/drivers/adc/adc.o
 .debug_macro   0x0000b0cb       0x46 src/ASF/sam/drivers/adc/adc.o
 .debug_macro   0x0000b111      0x34a src/ASF/sam/drivers/adc/adc.o
 .debug_macro   0x0000b45b      0x289 src/ASF/sam/drivers/adc/adc.o
 .debug_macro   0x0000b6e4     0x14d7 src/ASF/sam/drivers/adc/adc.o
 .debug_macro   0x0000cbbb      0x7b7 src/ASF/sam/drivers/adc/adc.o
 .debug_macro   0x0000d372       0x76 src/ASF/sam/drivers/adc/adc.o
 .debug_macro   0x0000d3e8       0x82 src/ASF/sam/drivers/adc/adc.o
 .debug_macro   0x0000d46a       0x76 src/ASF/sam/drivers/adc/adc.o
 .debug_macro   0x0000d4e0       0x4c src/ASF/sam/drivers/adc/adc.o
 .debug_macro   0x0000d52c      0x102 src/ASF/sam/drivers/adc/adc.o
 .debug_macro   0x0000d62e      0x102 src/ASF/sam/drivers/adc/adc.o
 .debug_macro   0x0000d730      0x102 src/ASF/sam/drivers/adc/adc.o
 .debug_macro   0x0000d832       0x88 src/ASF/sam/drivers/adc/adc.o
 .debug_macro   0x0000d8ba       0x88 src/ASF/sam/drivers/adc/adc.o
 .debug_macro   0x0000d942      0x3b4 src/ASF/sam/drivers/adc/adc.o
 .debug_macro   0x0000dcf6       0xb8 src/ASF/sam/drivers/adc/adc.o
 .debug_macro   0x0000ddae       0xb8 src/ASF/sam/drivers/adc/adc.o
 .debug_macro   0x0000de66       0xb8 src/ASF/sam/drivers/adc/adc.o
 .debug_macro   0x0000df1e       0xb8 src/ASF/sam/drivers/adc/adc.o
 .debug_macro   0x0000dfd6      0x2b8 src/ASF/sam/drivers/adc/adc.o
 .debug_macro   0x0000e28e      0x122 src/ASF/sam/drivers/adc/adc.o
 .debug_macro   0x0000e3b0      0x222 src/ASF/sam/drivers/adc/adc.o
 .debug_macro   0x0000e5d2      0x222 src/ASF/sam/drivers/adc/adc.o
 .debug_macro   0x0000e7f4       0x2e src/ASF/sam/drivers/adc/adc.o
 .debug_macro   0x0000e822       0xac src/ASF/sam/drivers/adc/adc.o
 .debug_macro   0x0000e8ce      0x14a src/ASF/sam/drivers/adc/adc.o
 .debug_macro   0x0000ea18       0x7c src/ASF/sam/drivers/adc/adc.o
 .debug_macro   0x0000ea94      0x202 src/ASF/sam/drivers/adc/adc.o
 .debug_macro   0x0000ec96       0x64 src/ASF/sam/drivers/adc/adc.o
 .debug_macro   0x0000ecfa       0xa6 src/ASF/sam/drivers/adc/adc.o
 .debug_macro   0x0000eda0       0x7c src/ASF/sam/drivers/adc/adc.o
 .debug_macro   0x0000ee1c       0x16 src/ASF/sam/drivers/adc/adc.o
 .debug_macro   0x0000ee32       0x22 src/ASF/sam/drivers/adc/adc.o
 .debug_macro   0x0000ee54       0x22 src/ASF/sam/drivers/adc/adc.o
 .debug_macro   0x0000ee76      0x112 src/ASF/sam/drivers/adc/adc.o
 .debug_macro   0x0000ef88      0x112 src/ASF/sam/drivers/adc/adc.o
 .debug_macro   0x0000f09a      0x112 src/ASF/sam/drivers/adc/adc.o
 .debug_macro   0x0000f1ac      0x112 src/ASF/sam/drivers/adc/adc.o
 .debug_macro   0x0000f2be       0x1c src/ASF/sam/drivers/adc/adc.o
 .debug_macro   0x0000f2da       0x2e src/ASF/sam/drivers/adc/adc.o
 .debug_macro   0x0000f308       0x22 src/ASF/sam/drivers/adc/adc.o
 .debug_macro   0x0000f32a       0x1c src/ASF/sam/drivers/adc/adc.o
 .debug_macro   0x0000f346       0x58 src/ASF/sam/drivers/adc/adc.o
 .debug_macro   0x0000f39e       0x10 src/ASF/sam/drivers/adc/adc.o
 .debug_macro   0x0000f3ae      0x273 src/ASF/sam/drivers/adc/adc.o
 .debug_macro   0x0000f621      0xd40 src/ASF/sam/drivers/adc/adc.o
 .debug_macro   0x00010361      0x131 src/ASF/sam/drivers/adc/adc.o
 .debug_macro   0x00010492       0x10 src/ASF/sam/drivers/adc/adc.o
 .debug_macro   0x000104a2       0x35 src/ASF/sam/drivers/adc/adc.o
 .debug_macro   0x000104d7       0x10 src/ASF/sam/drivers/adc/adc.o
 .debug_macro   0x000104e7       0x3a src/ASF/sam/drivers/adc/adc.o
 .debug_macro   0x00010521       0x52 src/ASF/sam/drivers/adc/adc.o
 .debug_macro   0x00010573       0x43 src/ASF/sam/drivers/adc/adc.o
 .debug_macro   0x000105b6      0x16d src/ASF/sam/drivers/adc/adc.o
 .debug_macro   0x00010723       0x10 src/ASF/sam/drivers/adc/adc.o
 .debug_macro   0x00010733       0x22 src/ASF/sam/drivers/adc/adc.o
 .debug_macro   0x00010755       0x91 src/ASF/sam/drivers/adc/adc.o
 .debug_macro   0x000107e6       0x16 src/ASF/sam/drivers/adc/adc.o
 .debug_macro   0x000107fc      0x16d src/ASF/sam/drivers/adc/adc.o
 .debug_macro   0x00010969       0x22 src/ASF/sam/drivers/adc/adc.o
 .debug_macro   0x0001098b       0x10 src/ASF/sam/drivers/adc/adc.o
 .debug_macro   0x0001099b       0x16 src/ASF/sam/drivers/adc/adc.o
 .debug_macro   0x000109b1       0x23 src/ASF/sam/drivers/adc/adc.o
 .debug_macro   0x000109d4       0x66 src/ASF/sam/drivers/adc/adc.o
 .debug_macro   0x00010a3a       0x3e src/ASF/sam/drivers/adc/adc.o
 .debug_macro   0x00010a78      0x3c3 src/ASF/sam/drivers/adc/adc.o
 .debug_macro   0x00010e3b       0x1c src/ASF/sam/drivers/adc/adc.o
 .debug_macro   0x00010e57      0x4c5 src/ASF/sam/drivers/tc/tc.o
 .debug_macro   0x0001131c       0x16 src/ASF/sam/drivers/tc/tc.o
 .debug_macro   0x00011332       0x16 src/ASF/sam/drivers/tc/tc.o
 .debug_macro   0x00011348      0x5fc src/LCDShield.o
 .debug_macro   0x00011944       0x89 src/LCDShield.o
 .debug_macro   0x000119cd       0x19 src/LCDShield.o
 .debug_macro   0x000119e6       0xf5 src/LCDShield.o
 .debug_macro   0x00011adb       0x10 src/LCDShield.o
 .debug_macro   0x00011aeb       0x1c src/LCDShield.o
 .debug_macro   0x00011b07      0x214 src/LCDShield.o
 .debug_macro   0x00011d1b       0x34 src/LCDShield.o
 .debug_macro   0x00011d4f      0x5fa src/main.o
 .debug_macro   0x00012349      0x524 src/ASF/common/services/clock/sam3x/sysclk.o
 .debug_macro   0x0001286d      0x1dd src/ASF/common/services/clock/sam3x/sysclk.o
 .debug_macro   0x00012a4a      0x563 src/ASF/sam/boards/arduino_due_x/init.o
 .debug_macro   0x00012fad       0x16 src/ASF/sam/boards/arduino_due_x/init.o
 .debug_macro   0x00012fc3      0x4c0 src/ASF/sam/drivers/pio/pio.o
 .debug_macro   0x00013483       0x8e src/ASF/sam/drivers/pio/pio.o
 .debug_macro   0x00013511      0x4cd src/ASF/sam/drivers/pio/pio_handler.o
 .debug_macro   0x000139de      0x4b9 src/ASF/sam/drivers/pmc/pmc.o
 .debug_macro   0x00013e97       0x52 src/ASF/sam/drivers/pmc/pmc.o
 .debug_macro   0x00013ee9      0x35c src/ASF/sam/utils/cmsis/sam3x/source/templates/exceptions.o
 .debug_macro   0x00014245      0x36a src/ASF/sam/utils/cmsis/sam3x/source/templates/gcc/startup_sam3x.o
 .debug_macro   0x000145af      0x36e src/ASF/sam/utils/cmsis/sam3x/source/templates/system_sam3x.o
 .debug_macro   0x0001491d       0x26 src/ASF/sam/utils/cmsis/sam3x/source/templates/system_sam3x.o
 .debug_macro   0x00014943      0x5e6 src/myADC.o

.debug_line     0x00000000     0xb7d1
 .debug_line    0x00000000      0xf05 src/ASF/sam/drivers/adc/adc.o
 .debug_line    0x00000f05      0xd20 src/ASF/sam/drivers/tc/tc.o
 .debug_line    0x00001c25     0x1055 src/LCDShield.o
 .debug_line    0x00002c7a      0xf3a src/main.o
 .debug_line    0x00003bb4      0xce5 src/ASF/common/services/clock/sam3x/sysclk.o
 .debug_line    0x00004899      0xd7b src/ASF/sam/boards/arduino_due_x/init.o
 .debug_line    0x00005614      0xe92 src/ASF/sam/drivers/pio/pio.o
 .debug_line    0x000064a6      0xc38 src/ASF/sam/drivers/pio/pio_handler.o
 .debug_line    0x000070de     0x10fd src/ASF/sam/drivers/pmc/pmc.o
 .debug_line    0x000081db      0x988 src/ASF/sam/utils/cmsis/sam3x/source/templates/exceptions.o
 .debug_line    0x00008b63      0x9e9 src/ASF/sam/utils/cmsis/sam3x/source/templates/gcc/startup_sam3x.o
 .debug_line    0x0000954c      0xa00 src/ASF/sam/utils/cmsis/sam3x/source/templates/system_sam3x.o
 .debug_line    0x00009f4c      0xefa src/myADC.o
 .debug_line    0x0000ae46      0x235 c:/program files (x86)/atmel/atmel toolchain/arm gcc/native/4.7.3.1029/arm-gnu-toolchain/bin/../lib/gcc/arm-none-eabi/4.7.3/../../../../arm-none-eabi/lib/armv7-m\libc.a(lib_a-__atexit.o)
 .debug_line    0x0000b07b      0x123 c:/program files (x86)/atmel/atmel toolchain/arm gcc/native/4.7.3.1029/arm-gnu-toolchain/bin/../lib/gcc/arm-none-eabi/4.7.3/../../../../arm-none-eabi/lib/armv7-m\libc.a(lib_a-fini.o)
 .debug_line    0x0000b19e      0x183 c:/program files (x86)/atmel/atmel toolchain/arm gcc/native/4.7.3.1029/arm-gnu-toolchain/bin/../lib/gcc/arm-none-eabi/4.7.3/../../../../arm-none-eabi/lib/armv7-m\libc.a(lib_a-impure.o)
 .debug_line    0x0000b321      0x135 c:/program files (x86)/atmel/atmel toolchain/arm gcc/native/4.7.3.1029/arm-gnu-toolchain/bin/../lib/gcc/arm-none-eabi/4.7.3/../../../../arm-none-eabi/lib/armv7-m\libc.a(lib_a-init.o)
 .debug_line    0x0000b456      0x270 c:/program files (x86)/atmel/atmel toolchain/arm gcc/native/4.7.3.1029/arm-gnu-toolchain/bin/../lib/gcc/arm-none-eabi/4.7.3/../../../../arm-none-eabi/lib/armv7-m\libc.a(lib_a-__call_atexit.o)
 .debug_line    0x0000b6c6      0x10b c:/program files (x86)/atmel/atmel toolchain/arm gcc/native/4.7.3.1029/arm-gnu-toolchain/bin/../lib/gcc/arm-none-eabi/4.7.3/../../../../arm-none-eabi/lib/armv7-m\libc.a(lib_a-atexit.o)

.debug_str      0x00000000    0x5ea2d
 .debug_str     0x00000000    0x58211 src/ASF/sam/drivers/adc/adc.o
                              0x58508 (size before relaxing)
 .debug_str     0x00058211      0x3bb src/ASF/sam/drivers/tc/tc.o
                              0x57e4e (size before relaxing)
 .debug_str     0x000585cc     0x4b29 src/LCDShield.o
                              0x5c7e3 (size before relaxing)
 .debug_str     0x0005d0f5       0x67 src/main.o
                              0x5c43e (size before relaxing)
 .debug_str     0x0005d15c      0x2dc src/ASF/common/services/clock/sam3x/sysclk.o
                              0x5b730 (size before relaxing)
 .debug_str     0x0005d438       0x9f src/ASF/sam/boards/arduino_due_x/init.o
                              0x5bef4 (size before relaxing)
 .debug_str     0x0005d4d7      0x40d src/ASF/sam/drivers/pio/pio.o
                              0x5844a (size before relaxing)
 .debug_str     0x0005d8e4      0x44e src/ASF/sam/drivers/pio/pio_handler.o
                              0x5848c (size before relaxing)
 .debug_str     0x0005dd32      0x672 src/ASF/sam/drivers/pmc/pmc.o
                              0x58483 (size before relaxing)
 .debug_str     0x0005e3a4       0x4d src/ASF/sam/utils/cmsis/sam3x/source/templates/exceptions.o
                              0x4c4d0 (size before relaxing)
 .debug_str     0x0005e3f1       0xb2 src/ASF/sam/utils/cmsis/sam3x/source/templates/gcc/startup_sam3x.o
                              0x4c5a4 (size before relaxing)
 .debug_str     0x0005e4a3      0x1cd src/ASF/sam/utils/cmsis/sam3x/source/templates/system_sam3x.o
                              0x4c7c1 (size before relaxing)
 .debug_str     0x0005e670       0x2e src/myADC.o
                              0x5c5de (size before relaxing)
 .debug_str     0x0005e69e       0xb8 c:/program files (x86)/atmel/atmel toolchain/arm gcc/native/4.7.3.1029/arm-gnu-toolchain/bin/../lib/gcc/arm-none-eabi/4.7.3/../../../../arm-none-eabi/lib/armv7-m\libc.a(lib_a-__atexit.o)
                                0x56d (size before relaxing)
 .debug_str     0x0005e756       0x96 c:/program files (x86)/atmel/atmel toolchain/arm gcc/native/4.7.3.1029/arm-gnu-toolchain/bin/../lib/gcc/arm-none-eabi/4.7.3/../../../../arm-none-eabi/lib/armv7-m\libc.a(lib_a-fini.o)
                                0x184 (size before relaxing)
 .debug_str     0x0005e7ec       0x6f c:/program files (x86)/atmel/atmel toolchain/arm gcc/native/4.7.3.1029/arm-gnu-toolchain/bin/../lib/gcc/arm-none-eabi/4.7.3/../../../../arm-none-eabi/lib/armv7-m\libc.a(lib_a-impure.o)
                                0x518 (size before relaxing)
 .debug_str     0x0005e85b       0xc0 c:/program files (x86)/atmel/atmel toolchain/arm gcc/native/4.7.3.1029/arm-gnu-toolchain/bin/../lib/gcc/arm-none-eabi/4.7.3/../../../../arm-none-eabi/lib/armv7-m\libc.a(lib_a-init.o)
                                0x1ae (size before relaxing)
 .debug_str     0x0005e91b       0xae c:/program files (x86)/atmel/atmel toolchain/arm gcc/native/4.7.3.1029/arm-gnu-toolchain/bin/../lib/gcc/arm-none-eabi/4.7.3/../../../../arm-none-eabi/lib/armv7-m\libc.a(lib_a-__call_atexit.o)
                                0x569 (size before relaxing)
 .debug_str     0x0005e9c9       0x64 c:/program files (x86)/atmel/atmel toolchain/arm gcc/native/4.7.3.1029/arm-gnu-toolchain/bin/../lib/gcc/arm-none-eabi/4.7.3/../../../../arm-none-eabi/lib/armv7-m\libc.a(lib_a-atexit.o)
                                0x18a (size before relaxing)

.debug_frame    0x00000000      0xfa0
 .debug_frame   0x00000000      0x308 src/ASF/sam/drivers/adc/adc.o
 .debug_frame   0x00000308      0x194 src/ASF/sam/drivers/tc/tc.o
 .debug_frame   0x0000049c       0xdc src/LCDShield.o
 .debug_frame   0x00000578       0x34 src/main.o
 .debug_frame   0x000005ac       0x88 src/ASF/common/services/clock/sam3x/sysclk.o
 .debug_frame   0x00000634       0x28 src/ASF/sam/boards/arduino_due_x/init.o
 .debug_frame   0x0000065c      0x2bc src/ASF/sam/drivers/pio/pio.o
 .debug_frame   0x00000918       0xf0 src/ASF/sam/drivers/pio/pio_handler.o
 .debug_frame   0x00000a08      0x3ec src/ASF/sam/drivers/pmc/pmc.o
 .debug_frame   0x00000df4       0x20 src/ASF/sam/utils/cmsis/sam3x/source/templates/exceptions.o
 .debug_frame   0x00000e14       0x2c src/ASF/sam/utils/cmsis/sam3x/source/templates/gcc/startup_sam3x.o
 .debug_frame   0x00000e40       0x40 src/ASF/sam/utils/cmsis/sam3x/source/templates/system_sam3x.o
 .debug_frame   0x00000e80       0x30 src/myADC.o
 .debug_frame   0x00000eb0       0x34 c:/program files (x86)/atmel/atmel toolchain/arm gcc/native/4.7.3.1029/arm-gnu-toolchain/bin/../lib/gcc/arm-none-eabi/4.7.3/../../../../arm-none-eabi/lib/armv7-m\libc.a(lib_a-__atexit.o)
 .debug_frame   0x00000ee4       0x2c c:/program files (x86)/atmel/atmel toolchain/arm gcc/native/4.7.3.1029/arm-gnu-toolchain/bin/../lib/gcc/arm-none-eabi/4.7.3/../../../../arm-none-eabi/lib/armv7-m\libc.a(lib_a-fini.o)
 .debug_frame   0x00000f10       0x2c c:/program files (x86)/atmel/atmel toolchain/arm gcc/native/4.7.3.1029/arm-gnu-toolchain/bin/../lib/gcc/arm-none-eabi/4.7.3/../../../../arm-none-eabi/lib/armv7-m\libc.a(lib_a-init.o)
 .debug_frame   0x00000f3c       0x44 c:/program files (x86)/atmel/atmel toolchain/arm gcc/native/4.7.3.1029/arm-gnu-toolchain/bin/../lib/gcc/arm-none-eabi/4.7.3/../../../../arm-none-eabi/lib/armv7-m\libc.a(lib_a-__call_atexit.o)
 .debug_frame   0x00000f80       0x20 c:/program files (x86)/atmel/atmel toolchain/arm gcc/native/4.7.3.1029/arm-gnu-toolchain/bin/../lib/gcc/arm-none-eabi/4.7.3/../../../../arm-none-eabi/lib/armv7-m\libc.a(lib_a-atexit.o)

Cross Reference Table

Symbol                                            File
ADCSetup                                          src/myADC.o
                                                  test/testmyADC.o
                                                  src/main.o
ADC_Handler                                       src/ASF/sam/utils/cmsis/sam3x/source/templates/exceptions.o
                                                  src/ASF/sam/utils/cmsis/sam3x/source/templates/gcc/startup_sam3x.o
BusFault_Handler                                  src/ASF/sam/utils/cmsis/sam3x/source/templates/exceptions.o
                                                  src/ASF/sam/utils/cmsis/sam3x/source/templates/gcc/startup_sam3x.o
CAN0_Handler                                      src/ASF/sam/utils/cmsis/sam3x/source/templates/exceptions.o
                                                  src/ASF/sam/utils/cmsis/sam3x/source/templates/gcc/startup_sam3x.o
CAN1_Handler                                      src/ASF/sam/utils/cmsis/sam3x/source/templates/exceptions.o
                                                  src/ASF/sam/utils/cmsis/sam3x/source/templates/gcc/startup_sam3x.o
DACC_Handler                                      src/ASF/sam/utils/cmsis/sam3x/source/templates/exceptions.o
                                                  src/ASF/sam/utils/cmsis/sam3x/source/templates/gcc/startup_sam3x.o
DMAC_Handler                                      src/ASF/sam/utils/cmsis/sam3x/source/templates/exceptions.o
                                                  src/ASF/sam/utils/cmsis/sam3x/source/templates/gcc/startup_sam3x.o
DebugMon_Handler                                  src/ASF/sam/utils/cmsis/sam3x/source/templates/exceptions.o
                                                  src/ASF/sam/utils/cmsis/sam3x/source/templates/gcc/startup_sam3x.o
Delay                                             src/Delay.o
DelayInit                                         src/Delay.o
Dummy_Handler                                     src/ASF/sam/utils/cmsis/sam3x/source/templates/exceptions.o
EFC0_Handler                                      src/ASF/sam/utils/cmsis/sam3x/source/templates/exceptions.o
                                                  src/ASF/sam/utils/cmsis/sam3x/source/templates/gcc/startup_sam3x.o
EFC1_Handler                                      src/ASF/sam/utils/cmsis/sam3x/source/templates/exceptions.o
                                                  src/ASF/sam/utils/cmsis/sam3x/source/templates/gcc/startup_sam3x.o
EMAC_Handler                                      src/ASF/sam/utils/cmsis/sam3x/source/templates/exceptions.o
                                                  src/ASF/sam/utils/cmsis/sam3x/source/templates/gcc/startup_sam3x.o
HSMCI_Handler                                     src/ASF/sam/utils/cmsis/sam3x/source/templates/exceptions.o
                                                  src/ASF/sam/utils/cmsis/sam3x/source/templates/gcc/startup_sam3x.o
HardFault_Handler                                 src/ASF/sam/utils/cmsis/sam3x/source/templates/exceptions.o
                                                  src/ASF/sam/utils/cmsis/sam3x/source/templates/gcc/startup_sam3x.o
LCDClear                                          src/LCDShield.o
                                                  src/main.o
LCDInit                                           src/LCDShield.o
                                                  src/main.o
LCDwrite                                          src/LCDShield.o
LCDwrite4                                         src/LCDShield.o
LCDwriteChar                                      src/LCDShield.o
                                                  src/main.o
MemManage_Handler                                 src/ASF/sam/utils/cmsis/sam3x/source/templates/exceptions.o
                                                  src/ASF/sam/utils/cmsis/sam3x/source/templates/gcc/startup_sam3x.o
NMI_Handler                                       src/ASF/sam/utils/cmsis/sam3x/source/templates/exceptions.o
                                                  src/ASF/sam/utils/cmsis/sam3x/source/templates/gcc/startup_sam3x.o
PIOA_Handler                                      src/ASF/sam/drivers/pio/pio_handler.o
                                                  src/ASF/sam/utils/cmsis/sam3x/source/templates/gcc/startup_sam3x.o
PIOB_Handler                                      src/ASF/sam/drivers/pio/pio_handler.o
                                                  src/ASF/sam/utils/cmsis/sam3x/source/templates/gcc/startup_sam3x.o
PIOC_Handler                                      src/ASF/sam/drivers/pio/pio_handler.o
                                                  src/ASF/sam/utils/cmsis/sam3x/source/templates/gcc/startup_sam3x.o
PIOD_Handler                                      src/ASF/sam/drivers/pio/pio_handler.o
                                                  src/ASF/sam/utils/cmsis/sam3x/source/templates/gcc/startup_sam3x.o
PMC_Handler                                       src/ASF/sam/utils/cmsis/sam3x/source/templates/exceptions.o
                                                  src/ASF/sam/utils/cmsis/sam3x/source/templates/gcc/startup_sam3x.o
PWM_Handler                                       src/ASF/sam/utils/cmsis/sam3x/source/templates/exceptions.o
                                                  src/ASF/sam/utils/cmsis/sam3x/source/templates/gcc/startup_sam3x.o
PendSV_Handler                                    src/ASF/sam/utils/cmsis/sam3x/source/templates/exceptions.o
                                                  src/ASF/sam/utils/cmsis/sam3x/source/templates/gcc/startup_sam3x.o
RSTC_Handler                                      src/ASF/sam/utils/cmsis/sam3x/source/templates/exceptions.o
                                                  src/ASF/sam/utils/cmsis/sam3x/source/templates/gcc/startup_sam3x.o
RTC_Handler                                       src/ASF/sam/utils/cmsis/sam3x/source/templates/exceptions.o
                                                  src/ASF/sam/utils/cmsis/sam3x/source/templates/gcc/startup_sam3x.o
RTT_Handler                                       src/ASF/sam/utils/cmsis/sam3x/source/templates/exceptions.o
                                                  src/ASF/sam/utils/cmsis/sam3x/source/templates/gcc/startup_sam3x.o
Reset_Handler                                     src/ASF/sam/utils/cmsis/sam3x/source/templates/gcc/startup_sam3x.o
SMC_Handler                                       src/ASF/sam/utils/cmsis/sam3x/source/templates/exceptions.o
                                                  src/ASF/sam/utils/cmsis/sam3x/source/templates/gcc/startup_sam3x.o
SPI0_Handler                                      src/ASF/sam/utils/cmsis/sam3x/source/templates/exceptions.o
                                                  src/ASF/sam/utils/cmsis/sam3x/source/templates/gcc/startup_sam3x.o
SSC_Handler                                       src/ASF/sam/utils/cmsis/sam3x/source/templates/exceptions.o
                                                  src/ASF/sam/utils/cmsis/sam3x/source/templates/gcc/startup_sam3x.o
SUPC_Handler                                      src/ASF/sam/utils/cmsis/sam3x/source/templates/exceptions.o
                                                  src/ASF/sam/utils/cmsis/sam3x/source/templates/gcc/startup_sam3x.o
SVC_Handler                                       src/ASF/sam/utils/cmsis/sam3x/source/templates/exceptions.o
                                                  src/ASF/sam/utils/cmsis/sam3x/source/templates/gcc/startup_sam3x.o
SysTick_Handler                                   src/ASF/sam/utils/cmsis/sam3x/source/templates/exceptions.o
                                                  src/ASF/sam/utils/cmsis/sam3x/source/templates/gcc/startup_sam3x.o
SystemCoreClock                                   src/ASF/sam/utils/cmsis/sam3x/source/templates/system_sam3x.o
SystemCoreClockUpdate                             src/ASF/sam/utils/cmsis/sam3x/source/templates/system_sam3x.o
                                                  src/ASF/common/services/clock/sam3x/sysclk.o
SystemInit                                        src/ASF/sam/utils/cmsis/sam3x/source/templates/system_sam3x.o
TC0_Handler                                       src/ASF/sam/utils/cmsis/sam3x/source/templates/exceptions.o
                                                  src/ASF/sam/utils/cmsis/sam3x/source/templates/gcc/startup_sam3x.o
TC1_Handler                                       src/ASF/sam/utils/cmsis/sam3x/source/templates/exceptions.o
                                                  src/ASF/sam/utils/cmsis/sam3x/source/templates/gcc/startup_sam3x.o
TC2_Handler                                       src/ASF/sam/utils/cmsis/sam3x/source/templates/exceptions.o
                                                  src/ASF/sam/utils/cmsis/sam3x/source/templates/gcc/startup_sam3x.o
TC3_Handler                                       src/ASF/sam/utils/cmsis/sam3x/source/templates/exceptions.o
                                                  src/ASF/sam/utils/cmsis/sam3x/source/templates/gcc/startup_sam3x.o
TC4_Handler                                       src/ASF/sam/utils/cmsis/sam3x/source/templates/exceptions.o
                                                  src/ASF/sam/utils/cmsis/sam3x/source/templates/gcc/startup_sam3x.o
TC5_Handler                                       src/ASF/sam/utils/cmsis/sam3x/source/templates/exceptions.o
                                                  src/ASF/sam/utils/cmsis/sam3x/source/templates/gcc/startup_sam3x.o
TC6_Handler                                       src/ASF/sam/utils/cmsis/sam3x/source/templates/exceptions.o
                                                  src/ASF/sam/utils/cmsis/sam3x/source/templates/gcc/startup_sam3x.o
TC7_Handler                                       src/ASF/sam/utils/cmsis/sam3x/source/templates/exceptions.o
                                                  src/ASF/sam/utils/cmsis/sam3x/source/templates/gcc/startup_sam3x.o
TC8_Handler                                       src/ASF/sam/utils/cmsis/sam3x/source/templates/exceptions.o
                                                  src/ASF/sam/utils/cmsis/sam3x/source/templates/gcc/startup_sam3x.o
TRNG_Handler                                      src/ASF/sam/utils/cmsis/sam3x/source/templates/exceptions.o
                                                  src/ASF/sam/utils/cmsis/sam3x/source/templates/gcc/startup_sam3x.o
TWI0_Handler                                      src/ASF/sam/utils/cmsis/sam3x/source/templates/exceptions.o
                                                  src/ASF/sam/utils/cmsis/sam3x/source/templates/gcc/startup_sam3x.o
TWI1_Handler                                      src/ASF/sam/utils/cmsis/sam3x/source/templates/exceptions.o
                                                  src/ASF/sam/utils/cmsis/sam3x/source/templates/gcc/startup_sam3x.o
UART_Handler                                      src/ASF/sam/utils/cmsis/sam3x/source/templates/exceptions.o
                                                  src/ASF/sam/utils/cmsis/sam3x/source/templates/gcc/startup_sam3x.o
UOTGHS_Handler                                    src/ASF/sam/utils/cmsis/sam3x/source/templates/exceptions.o
                                                  src/ASF/sam/utils/cmsis/sam3x/source/templates/gcc/startup_sam3x.o
USART0_Handler                                    src/ASF/sam/utils/cmsis/sam3x/source/templates/exceptions.o
                                                  src/ASF/sam/utils/cmsis/sam3x/source/templates/gcc/startup_sam3x.o
USART1_Handler                                    src/ASF/sam/utils/cmsis/sam3x/source/templates/exceptions.o
                                                  src/ASF/sam/utils/cmsis/sam3x/source/templates/gcc/startup_sam3x.o
USART2_Handler                                    src/ASF/sam/utils/cmsis/sam3x/source/templates/exceptions.o
                                                  src/ASF/sam/utils/cmsis/sam3x/source/templates/gcc/startup_sam3x.o
USART3_Handler                                    src/ASF/sam/utils/cmsis/sam3x/source/templates/exceptions.o
                                                  src/ASF/sam/utils/cmsis/sam3x/source/templates/gcc/startup_sam3x.o
Unity                                             test/unity.o
UnityAddMsgIfSpecified                            test/unity.o
UnityAssertBits                                   test/unity.o
                                                  test/testmyADC.o
UnityAssertEqualFloatArray                        test/unity.o
UnityAssertEqualIntArray                          test/unity.o
UnityAssertEqualMemory                            test/unity.o
UnityAssertEqualNumber                            test/unity.o
UnityAssertEqualString                            test/unity.o
UnityAssertEqualStringArray                       test/unity.o
UnityAssertFloatIsInf                             test/unity.o
UnityAssertFloatIsNaN                             test/unity.o
UnityAssertFloatIsNegInf                          test/unity.o
UnityAssertFloatsWithin                           test/unity.o
UnityAssertNumbersWithin                          test/unity.o
UnityBegin                                        test/unity.o
UnityCheckArraysForNull                           test/unity.o
UnityConcludeTest                                 test/unity.o
UnityDefaultTestRun                               test/unity.o
UnityEnd                                          test/unity.o
UnityFail                                         test/unity.o
UnityIgnore                                       test/unity.o
UnityPrint                                        test/unity.o
UnityPrintExpectedAndActualStrings                test/unity.o
UnityPrintFail                                    test/unity.o
UnityPrintMask                                    test/unity.o
UnityPrintNumber                                  test/unity.o
UnityPrintNumberByStyle                           test/unity.o
UnityPrintNumberHex                               test/unity.o
UnityPrintNumberUnsigned                          test/unity.o
UnityPrintOk                                      test/unity.o
UnitySizeMask                                     test/unity.o
UnityStrByte                                      test/unity.o
UnityStrDelta                                     test/unity.o
UnityStrElement                                   test/unity.o
UnityStrExpected                                  test/unity.o
UnityStrInf                                       test/unity.o
UnityStrMemory                                    test/unity.o
UnityStrNaN                                       test/unity.o
UnityStrNegInf                                    test/unity.o
UnityStrNull                                      test/unity.o
UnityStrNullPointerForActual                      test/unity.o
UnityStrNullPointerForExpected                    test/unity.o
UnityStrPointless                                 test/unity.o
UnityStrSpacer                                    test/unity.o
UnityStrTo                                        test/unity.o
UnityStrWas                                       test/unity.o
UnityTestResultsBegin                             test/unity.o
UnityTestResultsFailBegin                         test/unity.o
UsageFault_Handler                                src/ASF/sam/utils/cmsis/sam3x/source/templates/exceptions.o
                                                  src/ASF/sam/utils/cmsis/sam3x/source/templates/gcc/startup_sam3x.o
WDT_Handler                                       src/ASF/sam/utils/cmsis/sam3x/source/templates/exceptions.o
                                                  src/ASF/sam/utils/cmsis/sam3x/source/templates/gcc/startup_sam3x.o
_ITM_deregisterTMCloneTable                       c:/program files (x86)/atmel/atmel toolchain/arm gcc/native/4.7.3.1029/arm-gnu-toolchain/bin/../lib/gcc/arm-none-eabi/4.7.3/armv7-m/crtbegin.o
_ITM_registerTMCloneTable                         c:/program files (x86)/atmel/atmel toolchain/arm gcc/native/4.7.3.1029/arm-gnu-toolchain/bin/../lib/gcc/arm-none-eabi/4.7.3/armv7-m/crtbegin.o
_Jv_RegisterClasses                               c:/program files (x86)/atmel/atmel toolchain/arm gcc/native/4.7.3.1029/arm-gnu-toolchain/bin/../lib/gcc/arm-none-eabi/4.7.3/armv7-m/crtbegin.o
_PathLocale                                       c:/program files (x86)/atmel/atmel toolchain/arm gcc/native/4.7.3.1029/arm-gnu-toolchain/bin/../lib/gcc/arm-none-eabi/4.7.3/../../../../arm-none-eabi/lib/armv7-m\libc.a(lib_a-locale.o)
__TMC_END__                                       c:/program files (x86)/atmel/atmel toolchain/arm gcc/native/4.7.3.1029/arm-gnu-toolchain/bin/../lib/gcc/arm-none-eabi/4.7.3/armv7-m/crtend.o
                                                  c:/program files (x86)/atmel/atmel toolchain/arm gcc/native/4.7.3.1029/arm-gnu-toolchain/bin/../lib/gcc/arm-none-eabi/4.7.3/armv7-m/crtbegin.o
__addsf3                                          c:/program files (x86)/atmel/atmel toolchain/arm gcc/native/4.7.3.1029/arm-gnu-toolchain/bin/../lib/gcc/arm-none-eabi/4.7.3/armv7-m\libgcc.a(_arm_addsubsf3.o)
__aeabi_cfcmpeq                                   c:/program files (x86)/atmel/atmel toolchain/arm gcc/native/4.7.3.1029/arm-gnu-toolchain/bin/../lib/gcc/arm-none-eabi/4.7.3/armv7-m\libgcc.a(_arm_cmpsf2.o)
__aeabi_cfcmple                                   c:/program files (x86)/atmel/atmel toolchain/arm gcc/native/4.7.3.1029/arm-gnu-toolchain/bin/../lib/gcc/arm-none-eabi/4.7.3/armv7-m\libgcc.a(_arm_cmpsf2.o)
__aeabi_cfrcmple                                  c:/program files (x86)/atmel/atmel toolchain/arm gcc/native/4.7.3.1029/arm-gnu-toolchain/bin/../lib/gcc/arm-none-eabi/4.7.3/armv7-m\libgcc.a(_arm_cmpsf2.o)
__aeabi_fadd                                      c:/program files (x86)/atmel/atmel toolchain/arm gcc/native/4.7.3.1029/arm-gnu-toolchain/bin/../lib/gcc/arm-none-eabi/4.7.3/armv7-m\libgcc.a(_arm_addsubsf3.o)
__aeabi_fcmpeq                                    c:/program files (x86)/atmel/atmel toolchain/arm gcc/native/4.7.3.1029/arm-gnu-toolchain/bin/../lib/gcc/arm-none-eabi/4.7.3/armv7-m\libgcc.a(_arm_cmpsf2.o)
                                                  test/unity.o
__aeabi_fcmpge                                    c:/program files (x86)/atmel/atmel toolchain/arm gcc/native/4.7.3.1029/arm-gnu-toolchain/bin/../lib/gcc/arm-none-eabi/4.7.3/armv7-m\libgcc.a(_arm_cmpsf2.o)
__aeabi_fcmpgt                                    c:/program files (x86)/atmel/atmel toolchain/arm gcc/native/4.7.3.1029/arm-gnu-toolchain/bin/../lib/gcc/arm-none-eabi/4.7.3/armv7-m\libgcc.a(_arm_cmpsf2.o)
                                                  test/unity.o
__aeabi_fcmple                                    c:/program files (x86)/atmel/atmel toolchain/arm gcc/native/4.7.3.1029/arm-gnu-toolchain/bin/../lib/gcc/arm-none-eabi/4.7.3/armv7-m\libgcc.a(_arm_cmpsf2.o)
__aeabi_fcmplt                                    c:/program files (x86)/atmel/atmel toolchain/arm gcc/native/4.7.3.1029/arm-gnu-toolchain/bin/../lib/gcc/arm-none-eabi/4.7.3/armv7-m\libgcc.a(_arm_cmpsf2.o)
                                                  test/unity.o
__aeabi_fdiv                                      c:/program files (x86)/atmel/atmel toolchain/arm gcc/native/4.7.3.1029/arm-gnu-toolchain/bin/../lib/gcc/arm-none-eabi/4.7.3/armv7-m\libgcc.a(_arm_muldivsf3.o)
                                                  test/unity.o
__aeabi_fmul                                      c:/program files (x86)/atmel/atmel toolchain/arm gcc/native/4.7.3.1029/arm-gnu-toolchain/bin/../lib/gcc/arm-none-eabi/4.7.3/armv7-m\libgcc.a(_arm_muldivsf3.o)
                                                  test/unity.o
__aeabi_frsub                                     c:/program files (x86)/atmel/atmel toolchain/arm gcc/native/4.7.3.1029/arm-gnu-toolchain/bin/../lib/gcc/arm-none-eabi/4.7.3/armv7-m\libgcc.a(_arm_addsubsf3.o)
__aeabi_fsub                                      c:/program files (x86)/atmel/atmel toolchain/arm gcc/native/4.7.3.1029/arm-gnu-toolchain/bin/../lib/gcc/arm-none-eabi/4.7.3/armv7-m\libgcc.a(_arm_addsubsf3.o)
                                                  test/unity.o
__aeabi_i2f                                       c:/program files (x86)/atmel/atmel toolchain/arm gcc/native/4.7.3.1029/arm-gnu-toolchain/bin/../lib/gcc/arm-none-eabi/4.7.3/armv7-m\libgcc.a(_arm_addsubsf3.o)
__aeabi_idiv0                                     c:/program files (x86)/atmel/atmel toolchain/arm gcc/native/4.7.3.1029/arm-gnu-toolchain/bin/../lib/gcc/arm-none-eabi/4.7.3/armv7-m\libgcc.a(_dvmd_tls.o)
__aeabi_l2f                                       c:/program files (x86)/atmel/atmel toolchain/arm gcc/native/4.7.3.1029/arm-gnu-toolchain/bin/../lib/gcc/arm-none-eabi/4.7.3/armv7-m\libgcc.a(_arm_addsubsf3.o)
__aeabi_ldiv0                                     c:/program files (x86)/atmel/atmel toolchain/arm gcc/native/4.7.3.1029/arm-gnu-toolchain/bin/../lib/gcc/arm-none-eabi/4.7.3/armv7-m\libgcc.a(_dvmd_tls.o)
                                                  c:/program files (x86)/atmel/atmel toolchain/arm gcc/native/4.7.3.1029/arm-gnu-toolchain/bin/../lib/gcc/arm-none-eabi/4.7.3/armv7-m\libgcc.a(_aeabi_uldivmod.o)
__aeabi_ui2f                                      c:/program files (x86)/atmel/atmel toolchain/arm gcc/native/4.7.3.1029/arm-gnu-toolchain/bin/../lib/gcc/arm-none-eabi/4.7.3/armv7-m\libgcc.a(_arm_addsubsf3.o)
__aeabi_ul2f                                      c:/program files (x86)/atmel/atmel toolchain/arm gcc/native/4.7.3.1029/arm-gnu-toolchain/bin/../lib/gcc/arm-none-eabi/4.7.3/armv7-m\libgcc.a(_arm_addsubsf3.o)
__aeabi_uldivmod                                  c:/program files (x86)/atmel/atmel toolchain/arm gcc/native/4.7.3.1029/arm-gnu-toolchain/bin/../lib/gcc/arm-none-eabi/4.7.3/armv7-m\libgcc.a(_aeabi_uldivmod.o)
                                                  c:/program files (x86)/atmel/atmel toolchain/arm gcc/native/4.7.3.1029/arm-gnu-toolchain/bin/../lib/gcc/arm-none-eabi/4.7.3/../../../../arm-none-eabi/lib/armv7-m\libc.a(lib_a-svfiprintf.o)
                                                  c:/program files (x86)/atmel/atmel toolchain/arm gcc/native/4.7.3.1029/arm-gnu-toolchain/bin/../lib/gcc/arm-none-eabi/4.7.3/../../../../arm-none-eabi/lib/armv7-m\libc.a(lib_a-vfiprintf.o)
                                                  c:/program files (x86)/atmel/atmel toolchain/arm gcc/native/4.7.3.1029/arm-gnu-toolchain/bin/../lib/gcc/arm-none-eabi/4.7.3/../../../../arm-none-eabi/lib/armv7-m\libc.a(lib_a-svfprintf.o)
__ascii_wctomb                                    c:/program files (x86)/atmel/atmel toolchain/arm gcc/native/4.7.3.1029/arm-gnu-toolchain/bin/../lib/gcc/arm-none-eabi/4.7.3/../../../../arm-none-eabi/lib/armv7-m\libc.a(lib_a-wctomb_r.o)
__bss_end__                                       c:/program files (x86)/atmel/atmel toolchain/arm gcc/native/4.7.3.1029/arm-gnu-toolchain/bin/../lib/gcc/arm-none-eabi/4.7.3/../../../../arm-none-eabi/lib/armv7-m/crt0.o
__bss_start__                                     c:/program files (x86)/atmel/atmel toolchain/arm gcc/native/4.7.3.1029/arm-gnu-toolchain/bin/../lib/gcc/arm-none-eabi/4.7.3/../../../../arm-none-eabi/lib/armv7-m/crt0.o
__call_exitprocs                                  c:/program files (x86)/atmel/atmel toolchain/arm gcc/native/4.7.3.1029/arm-gnu-toolchain/bin/../lib/gcc/arm-none-eabi/4.7.3/../../../../arm-none-eabi/lib/armv7-m\libc.a(lib_a-__call_atexit.o)
                                                  c:/program files (x86)/atmel/atmel toolchain/arm gcc/native/4.7.3.1029/arm-gnu-toolchain/bin/../lib/gcc/arm-none-eabi/4.7.3/../../../../arm-none-eabi/lib/armv7-m\libc.a(lib_a-exit.o)
__cmpsf2                                          c:/program files (x86)/atmel/atmel toolchain/arm gcc/native/4.7.3.1029/arm-gnu-toolchain/bin/../lib/gcc/arm-none-eabi/4.7.3/armv7-m\libgcc.a(_arm_cmpsf2.o)
__deregister_frame_info                           c:/program files (x86)/atmel/atmel toolchain/arm gcc/native/4.7.3.1029/arm-gnu-toolchain/bin/../lib/gcc/arm-none-eabi/4.7.3/armv7-m/crtbegin.o
__divdi3                                          c:/program files (x86)/atmel/atmel toolchain/arm gcc/native/4.7.3.1029/arm-gnu-toolchain/bin/../lib/gcc/arm-none-eabi/4.7.3/armv7-m\libgcc.a(_divdi3.o)
                                                  c:/program files (x86)/atmel/atmel toolchain/arm gcc/native/4.7.3.1029/arm-gnu-toolchain/bin/../lib/gcc/arm-none-eabi/4.7.3/armv7-m\libgcc.a(bpabi.o)
__divsf3                                          c:/program files (x86)/atmel/atmel toolchain/arm gcc/native/4.7.3.1029/arm-gnu-toolchain/bin/../lib/gcc/arm-none-eabi/4.7.3/armv7-m\libgcc.a(_arm_muldivsf3.o)
__dso_handle                                      c:/program files (x86)/atmel/atmel toolchain/arm gcc/native/4.7.3.1029/arm-gnu-toolchain/bin/../lib/gcc/arm-none-eabi/4.7.3/armv7-m/crtbegin.o
__eqsf2                                           c:/program files (x86)/atmel/atmel toolchain/arm gcc/native/4.7.3.1029/arm-gnu-toolchain/bin/../lib/gcc/arm-none-eabi/4.7.3/armv7-m\libgcc.a(_arm_cmpsf2.o)
__fini_array_end                                  c:/program files (x86)/atmel/atmel toolchain/arm gcc/native/4.7.3.1029/arm-gnu-toolchain/bin/../lib/gcc/arm-none-eabi/4.7.3/../../../../arm-none-eabi/lib/armv7-m\libc.a(lib_a-fini.o)
__fini_array_start                                c:/program files (x86)/atmel/atmel toolchain/arm gcc/native/4.7.3.1029/arm-gnu-toolchain/bin/../lib/gcc/arm-none-eabi/4.7.3/../../../../arm-none-eabi/lib/armv7-m\libc.a(lib_a-fini.o)
__floatdisf                                       c:/program files (x86)/atmel/atmel toolchain/arm gcc/native/4.7.3.1029/arm-gnu-toolchain/bin/../lib/gcc/arm-none-eabi/4.7.3/armv7-m\libgcc.a(_arm_addsubsf3.o)
__floatsisf                                       c:/program files (x86)/atmel/atmel toolchain/arm gcc/native/4.7.3.1029/arm-gnu-toolchain/bin/../lib/gcc/arm-none-eabi/4.7.3/armv7-m\libgcc.a(_arm_addsubsf3.o)
__floatundisf                                     c:/program files (x86)/atmel/atmel toolchain/arm gcc/native/4.7.3.1029/arm-gnu-toolchain/bin/../lib/gcc/arm-none-eabi/4.7.3/armv7-m\libgcc.a(_arm_addsubsf3.o)
__floatunsisf                                     c:/program files (x86)/atmel/atmel toolchain/arm gcc/native/4.7.3.1029/arm-gnu-toolchain/bin/../lib/gcc/arm-none-eabi/4.7.3/armv7-m\libgcc.a(_arm_addsubsf3.o)
__fp_lock_all                                     c:/program files (x86)/atmel/atmel toolchain/arm gcc/native/4.7.3.1029/arm-gnu-toolchain/bin/../lib/gcc/arm-none-eabi/4.7.3/../../../../arm-none-eabi/lib/armv7-m\libc.a(lib_a-findfp.o)
__fp_unlock_all                                   c:/program files (x86)/atmel/atmel toolchain/arm gcc/native/4.7.3.1029/arm-gnu-toolchain/bin/../lib/gcc/arm-none-eabi/4.7.3/../../../../arm-none-eabi/lib/armv7-m\libc.a(lib_a-findfp.o)
__gesf2                                           c:/program files (x86)/atmel/atmel toolchain/arm gcc/native/4.7.3.1029/arm-gnu-toolchain/bin/../lib/gcc/arm-none-eabi/4.7.3/armv7-m\libgcc.a(_arm_cmpsf2.o)
__gnu_ldivmod_helper                              c:/program files (x86)/atmel/atmel toolchain/arm gcc/native/4.7.3.1029/arm-gnu-toolchain/bin/../lib/gcc/arm-none-eabi/4.7.3/armv7-m\libgcc.a(bpabi.o)
__gnu_uldivmod_helper                             c:/program files (x86)/atmel/atmel toolchain/arm gcc/native/4.7.3.1029/arm-gnu-toolchain/bin/../lib/gcc/arm-none-eabi/4.7.3/armv7-m\libgcc.a(bpabi.o)
                                                  c:/program files (x86)/atmel/atmel toolchain/arm gcc/native/4.7.3.1029/arm-gnu-toolchain/bin/../lib/gcc/arm-none-eabi/4.7.3/armv7-m\libgcc.a(_aeabi_uldivmod.o)
__gtsf2                                           c:/program files (x86)/atmel/atmel toolchain/arm gcc/native/4.7.3.1029/arm-gnu-toolchain/bin/../lib/gcc/arm-none-eabi/4.7.3/armv7-m\libgcc.a(_arm_cmpsf2.o)
__init_array_end                                  c:/program files (x86)/atmel/atmel toolchain/arm gcc/native/4.7.3.1029/arm-gnu-toolchain/bin/../lib/gcc/arm-none-eabi/4.7.3/../../../../arm-none-eabi/lib/armv7-m\libc.a(lib_a-init.o)
__init_array_start                                c:/program files (x86)/atmel/atmel toolchain/arm gcc/native/4.7.3.1029/arm-gnu-toolchain/bin/../lib/gcc/arm-none-eabi/4.7.3/../../../../arm-none-eabi/lib/armv7-m\libc.a(lib_a-init.o)
__lesf2                                           c:/program files (x86)/atmel/atmel toolchain/arm gcc/native/4.7.3.1029/arm-gnu-toolchain/bin/../lib/gcc/arm-none-eabi/4.7.3/armv7-m\libgcc.a(_arm_cmpsf2.o)
__libc_fini                                       c:/program files (x86)/atmel/atmel toolchain/arm gcc/native/4.7.3.1029/arm-gnu-toolchain/bin/../lib/gcc/arm-none-eabi/4.7.3/../../../../arm-none-eabi/lib/armv7-m\libc.a(lib_a-__call_atexit.o)
__libc_fini_array                                 c:/program files (x86)/atmel/atmel toolchain/arm gcc/native/4.7.3.1029/arm-gnu-toolchain/bin/../lib/gcc/arm-none-eabi/4.7.3/../../../../arm-none-eabi/lib/armv7-m\libc.a(lib_a-fini.o)
                                                  c:/program files (x86)/atmel/atmel toolchain/arm gcc/native/4.7.3.1029/arm-gnu-toolchain/bin/../lib/gcc/arm-none-eabi/4.7.3/../../../../arm-none-eabi/lib/armv7-m\libc.a(lib_a-__call_atexit.o)
                                                  c:/program files (x86)/atmel/atmel toolchain/arm gcc/native/4.7.3.1029/arm-gnu-toolchain/bin/../lib/gcc/arm-none-eabi/4.7.3/../../../../arm-none-eabi/lib/armv7-m/crt0.o
__libc_init_array                                 c:/program files (x86)/atmel/atmel toolchain/arm gcc/native/4.7.3.1029/arm-gnu-toolchain/bin/../lib/gcc/arm-none-eabi/4.7.3/../../../../arm-none-eabi/lib/armv7-m\libc.a(lib_a-init.o)
                                                  src/ASF/sam/utils/cmsis/sam3x/source/templates/gcc/startup_sam3x.o
                                                  c:/program files (x86)/atmel/atmel toolchain/arm gcc/native/4.7.3.1029/arm-gnu-toolchain/bin/../lib/gcc/arm-none-eabi/4.7.3/../../../../arm-none-eabi/lib/armv7-m/crt0.o
__locale_charset                                  c:/program files (x86)/atmel/atmel toolchain/arm gcc/native/4.7.3.1029/arm-gnu-toolchain/bin/../lib/gcc/arm-none-eabi/4.7.3/../../../../arm-none-eabi/lib/armv7-m\libc.a(lib_a-locale.o)
                                                  c:/program files (x86)/atmel/atmel toolchain/arm gcc/native/4.7.3.1029/arm-gnu-toolchain/bin/../lib/gcc/arm-none-eabi/4.7.3/../../../../arm-none-eabi/lib/armv7-m\libc.a(lib_a-wctomb_r.o)
                                                  c:/program files (x86)/atmel/atmel toolchain/arm gcc/native/4.7.3.1029/arm-gnu-toolchain/bin/../lib/gcc/arm-none-eabi/4.7.3/../../../../arm-none-eabi/lib/armv7-m\libc.a(lib_a-wcrtomb.o)
__locale_cjk_lang                                 c:/program files (x86)/atmel/atmel toolchain/arm gcc/native/4.7.3.1029/arm-gnu-toolchain/bin/../lib/gcc/arm-none-eabi/4.7.3/../../../../arm-none-eabi/lib/armv7-m\libc.a(lib_a-locale.o)
__locale_mb_cur_max                               c:/program files (x86)/atmel/atmel toolchain/arm gcc/native/4.7.3.1029/arm-gnu-toolchain/bin/../lib/gcc/arm-none-eabi/4.7.3/../../../../arm-none-eabi/lib/armv7-m\libc.a(lib_a-locale.o)
                                                  c:/program files (x86)/atmel/atmel toolchain/arm gcc/native/4.7.3.1029/arm-gnu-toolchain/bin/../lib/gcc/arm-none-eabi/4.7.3/../../../../arm-none-eabi/lib/armv7-m\libc.a(lib_a-fputwc.o)
__locale_msgcharset                               c:/program files (x86)/atmel/atmel toolchain/arm gcc/native/4.7.3.1029/arm-gnu-toolchain/bin/../lib/gcc/arm-none-eabi/4.7.3/../../../../arm-none-eabi/lib/armv7-m\libc.a(lib_a-locale.o)
__ltsf2                                           c:/program files (x86)/atmel/atmel toolchain/arm gcc/native/4.7.3.1029/arm-gnu-toolchain/bin/../lib/gcc/arm-none-eabi/4.7.3/armv7-m\libgcc.a(_arm_cmpsf2.o)
__malloc_av_                                      c:/program files (x86)/atmel/atmel toolchain/arm gcc/native/4.7.3.1029/arm-gnu-toolchain/bin/../lib/gcc/arm-none-eabi/4.7.3/../../../../arm-none-eabi/lib/armv7-m\libc.a(lib_a-mallocr.o)
                                                  c:/program files (x86)/atmel/atmel toolchain/arm gcc/native/4.7.3.1029/arm-gnu-toolchain/bin/../lib/gcc/arm-none-eabi/4.7.3/../../../../arm-none-eabi/lib/armv7-m\libc.a(lib_a-reallocr.o)
                                                  c:/program files (x86)/atmel/atmel toolchain/arm gcc/native/4.7.3.1029/arm-gnu-toolchain/bin/../lib/gcc/arm-none-eabi/4.7.3/../../../../arm-none-eabi/lib/armv7-m\libc.a(lib_a-freer.o)
__malloc_current_mallinfo                         c:/program files (x86)/atmel/atmel toolchain/arm gcc/native/4.7.3.1029/arm-gnu-toolchain/bin/../lib/gcc/arm-none-eabi/4.7.3/../../../../arm-none-eabi/lib/armv7-m\libc.a(lib_a-mallocr.o)
                                                  c:/program files (x86)/atmel/atmel toolchain/arm gcc/native/4.7.3.1029/arm-gnu-toolchain/bin/../lib/gcc/arm-none-eabi/4.7.3/../../../../arm-none-eabi/lib/armv7-m\libc.a(lib_a-freer.o)
__malloc_lock                                     c:/program files (x86)/atmel/atmel toolchain/arm gcc/native/4.7.3.1029/arm-gnu-toolchain/bin/../lib/gcc/arm-none-eabi/4.7.3/../../../../arm-none-eabi/lib/armv7-m\libc.a(lib_a-mlock.o)
                                                  c:/program files (x86)/atmel/atmel toolchain/arm gcc/native/4.7.3.1029/arm-gnu-toolchain/bin/../lib/gcc/arm-none-eabi/4.7.3/../../../../arm-none-eabi/lib/armv7-m\libc.a(lib_a-reallocr.o)
                                                  c:/program files (x86)/atmel/atmel toolchain/arm gcc/native/4.7.3.1029/arm-gnu-toolchain/bin/../lib/gcc/arm-none-eabi/4.7.3/../../../../arm-none-eabi/lib/armv7-m\libc.a(lib_a-mallocr.o)
                                                  c:/program files (x86)/atmel/atmel toolchain/arm gcc/native/4.7.3.1029/arm-gnu-toolchain/bin/../lib/gcc/arm-none-eabi/4.7.3/../../../../arm-none-eabi/lib/armv7-m\libc.a(lib_a-freer.o)
__malloc_max_sbrked_mem                           c:/program files (x86)/atmel/atmel toolchain/arm gcc/native/4.7.3.1029/arm-gnu-toolchain/bin/../lib/gcc/arm-none-eabi/4.7.3/../../../../arm-none-eabi/lib/armv7-m\libc.a(lib_a-mallocr.o)
__malloc_max_total_mem                            c:/program files (x86)/atmel/atmel toolchain/arm gcc/native/4.7.3.1029/arm-gnu-toolchain/bin/../lib/gcc/arm-none-eabi/4.7.3/../../../../arm-none-eabi/lib/armv7-m\libc.a(lib_a-mallocr.o)
__malloc_sbrk_base                                c:/program files (x86)/atmel/atmel toolchain/arm gcc/native/4.7.3.1029/arm-gnu-toolchain/bin/../lib/gcc/arm-none-eabi/4.7.3/../../../../arm-none-eabi/lib/armv7-m\libc.a(lib_a-mallocr.o)
                                                  c:/program files (x86)/atmel/atmel toolchain/arm gcc/native/4.7.3.1029/arm-gnu-toolchain/bin/../lib/gcc/arm-none-eabi/4.7.3/../../../../arm-none-eabi/lib/armv7-m\libc.a(lib_a-freer.o)
__malloc_top_pad                                  c:/program files (x86)/atmel/atmel toolchain/arm gcc/native/4.7.3.1029/arm-gnu-toolchain/bin/../lib/gcc/arm-none-eabi/4.7.3/../../../../arm-none-eabi/lib/armv7-m\libc.a(lib_a-mallocr.o)
                                                  c:/program files (x86)/atmel/atmel toolchain/arm gcc/native/4.7.3.1029/arm-gnu-toolchain/bin/../lib/gcc/arm-none-eabi/4.7.3/../../../../arm-none-eabi/lib/armv7-m\libc.a(lib_a-freer.o)
__malloc_trim_threshold                           c:/program files (x86)/atmel/atmel toolchain/arm gcc/native/4.7.3.1029/arm-gnu-toolchain/bin/../lib/gcc/arm-none-eabi/4.7.3/../../../../arm-none-eabi/lib/armv7-m\libc.a(lib_a-mallocr.o)
                                                  c:/program files (x86)/atmel/atmel toolchain/arm gcc/native/4.7.3.1029/arm-gnu-toolchain/bin/../lib/gcc/arm-none-eabi/4.7.3/../../../../arm-none-eabi/lib/armv7-m\libc.a(lib_a-freer.o)
__malloc_unlock                                   c:/program files (x86)/atmel/atmel toolchain/arm gcc/native/4.7.3.1029/arm-gnu-toolchain/bin/../lib/gcc/arm-none-eabi/4.7.3/../../../../arm-none-eabi/lib/armv7-m\libc.a(lib_a-mlock.o)
                                                  c:/program files (x86)/atmel/atmel toolchain/arm gcc/native/4.7.3.1029/arm-gnu-toolchain/bin/../lib/gcc/arm-none-eabi/4.7.3/../../../../arm-none-eabi/lib/armv7-m\libc.a(lib_a-reallocr.o)
                                                  c:/program files (x86)/atmel/atmel toolchain/arm gcc/native/4.7.3.1029/arm-gnu-toolchain/bin/../lib/gcc/arm-none-eabi/4.7.3/../../../../arm-none-eabi/lib/armv7-m\libc.a(lib_a-mallocr.o)
                                                  c:/program files (x86)/atmel/atmel toolchain/arm gcc/native/4.7.3.1029/arm-gnu-toolchain/bin/../lib/gcc/arm-none-eabi/4.7.3/../../../../arm-none-eabi/lib/armv7-m\libc.a(lib_a-freer.o)
__mb_cur_max                                      c:/program files (x86)/atmel/atmel toolchain/arm gcc/native/4.7.3.1029/arm-gnu-toolchain/bin/../lib/gcc/arm-none-eabi/4.7.3/../../../../arm-none-eabi/lib/armv7-m\libc.a(lib_a-locale.o)
__mlocale_changed                                 c:/program files (x86)/atmel/atmel toolchain/arm gcc/native/4.7.3.1029/arm-gnu-toolchain/bin/../lib/gcc/arm-none-eabi/4.7.3/../../../../arm-none-eabi/lib/armv7-m\libc.a(lib_a-locale.o)
__mulsf3                                          c:/program files (x86)/atmel/atmel toolchain/arm gcc/native/4.7.3.1029/arm-gnu-toolchain/bin/../lib/gcc/arm-none-eabi/4.7.3/armv7-m\libgcc.a(_arm_muldivsf3.o)
__nesf2                                           c:/program files (x86)/atmel/atmel toolchain/arm gcc/native/4.7.3.1029/arm-gnu-toolchain/bin/../lib/gcc/arm-none-eabi/4.7.3/armv7-m\libgcc.a(_arm_cmpsf2.o)
__nlocale_changed                                 c:/program files (x86)/atmel/atmel toolchain/arm gcc/native/4.7.3.1029/arm-gnu-toolchain/bin/../lib/gcc/arm-none-eabi/4.7.3/../../../../arm-none-eabi/lib/armv7-m\libc.a(lib_a-locale.o)
__preinit_array_end                               c:/program files (x86)/atmel/atmel toolchain/arm gcc/native/4.7.3.1029/arm-gnu-toolchain/bin/../lib/gcc/arm-none-eabi/4.7.3/../../../../arm-none-eabi/lib/armv7-m\libc.a(lib_a-init.o)
__preinit_array_start                             c:/program files (x86)/atmel/atmel toolchain/arm gcc/native/4.7.3.1029/arm-gnu-toolchain/bin/../lib/gcc/arm-none-eabi/4.7.3/../../../../arm-none-eabi/lib/armv7-m\libc.a(lib_a-init.o)
__register_exitproc                               c:/program files (x86)/atmel/atmel toolchain/arm gcc/native/4.7.3.1029/arm-gnu-toolchain/bin/../lib/gcc/arm-none-eabi/4.7.3/../../../../arm-none-eabi/lib/armv7-m\libc.a(lib_a-__atexit.o)
                                                  c:/program files (x86)/atmel/atmel toolchain/arm gcc/native/4.7.3.1029/arm-gnu-toolchain/bin/../lib/gcc/arm-none-eabi/4.7.3/../../../../arm-none-eabi/lib/armv7-m\libc.a(lib_a-atexit.o)
                                                  c:/program files (x86)/atmel/atmel toolchain/arm gcc/native/4.7.3.1029/arm-gnu-toolchain/bin/../lib/gcc/arm-none-eabi/4.7.3/../../../../arm-none-eabi/lib/armv7-m/crt0.o