Archive member included because of file (symbol)

c:/program files (x86)/atmel/atmel toolchain/arm gcc/native/4.7.3.1029/arm-gnu-toolchain/bin/../lib/gcc/arm-none-eabi/4.7.3/armv7-m\libgcc.a(_arm_addsubsf3.o)
                              test/unity.o (__aeabi_fsub)
c:/program files (x86)/atmel/atmel toolchain/arm gcc/native/4.7.3.1029/arm-gnu-toolchain/bin/../lib/gcc/arm-none-eabi/4.7.3/armv7-m\libgcc.a(_arm_muldivsf3.o)
                              test/unity.o (__aeabi_fmul)
c:/program files (x86)/atmel/atmel toolchain/arm gcc/native/4.7.3.1029/arm-gnu-toolchain/bin/../lib/gcc/arm-none-eabi/4.7.3/armv7-m\libgcc.a(_arm_cmpsf2.o)
                              test/unity.o (__aeabi_fcmpeq)
c:/program files (x86)/atmel/atmel toolchain/arm gcc/native/4.7.3.1029/arm-gnu-toolchain/bin/../lib/gcc/arm-none-eabi/4.7.3/../../../../arm-none-eabi/lib/armv7-m\libc.a(lib_a-__atexit.o)
                              c:/program files (x86)/atmel/atmel toolchain/arm gcc/native/4.7.3.1029/arm-gnu-toolchain/bin/../lib/gcc/arm-none-eabi/4.7.3/../../../../arm-none-eabi/lib/armv7-m/crt0.o (__register_exitproc)
c:/program files (x86)/atmel/atmel toolchain/arm gcc/native/4.7.3.1029/arm-gnu-toolchain/bin/../lib/gcc/arm-none-eabi/4.7.3/../../../../arm-none-eabi/lib/armv7-m\libc.a(lib_a-exit.o)
                              c:/program files (x86)/atmel/atmel toolchain/arm gcc/native/4.7.3.1029/arm-gnu-toolchain/bin/../lib/gcc/arm-none-eabi/4.7.3/../../../../arm-none-eabi/lib/armv7-m/crt0.o (exit)
c:/program files (x86)/atmel/atmel toolchain/arm gcc/native/4.7.3.1029/arm-gnu-toolchain/bin/../lib/gcc/arm-none-eabi/4.7.3/../../../../arm-none-eabi/lib/armv7-m\libc.a(lib_a-fini.o)
                              c:/program files (x86)/atmel/atmel toolchain/arm gcc/native/4.7.3.1029/arm-gnu-toolchain/bin/../lib/gcc/arm-none-eabi/4.7.3/../../../../arm-none-eabi/lib/armv7-m/crt0.o (__libc_fini_array)
c:/program files (x86)/atmel/atmel toolchain/arm gcc/native/4.7.3.1029/arm-gnu-toolchain/bin/../lib/gcc/arm-none-eabi/4.7.3/../../../../arm-none-eabi/lib/armv7-m\libc.a(lib_a-impure.o)
                              c:/program files (x86)/atmel/atmel toolchain/arm gcc/native/4.7.3.1029/arm-gnu-toolchain/bin/../lib/gcc/arm-none-eabi/4.7.3/../../../../arm-none-eabi/lib/armv7-m\libc.a(lib_a-__atexit.o) (_global_impure_ptr)
c:/program files (x86)/atmel/atmel toolchain/arm gcc/native/4.7.3.1029/arm-gnu-toolchain/bin/../lib/gcc/arm-none-eabi/4.7.3/../../../../arm-none-eabi/lib/armv7-m\libc.a(lib_a-init.o)
                              c:/program files (x86)/atmel/atmel toolchain/arm gcc/native/4.7.3.1029/arm-gnu-toolchain/bin/../lib/gcc/arm-none-eabi/4.7.3/../../../../arm-none-eabi/lib/armv7-m/crt0.o (__libc_init_array)
c:/program files (x86)/atmel/atmel toolchain/arm gcc/native/4.7.3.1029/arm-gnu-toolchain/bin/../lib/gcc/arm-none-eabi/4.7.3/../../../../arm-none-eabi/lib/armv7-m\libc.a(lib_a-iprintf.o)
                              src/ASF/sam/drivers/adc/adc.o (iprintf)
c:/program files (x86)/atmel/atmel toolchain/arm gcc/native/4.7.3.1029/arm-gnu-toolchain/bin/../lib/gcc/arm-none-eabi/4.7.3/../../../../arm-none-eabi/lib/armv7-m\libc.a(lib_a-memset.o)
                              c:/program files (x86)/atmel/atmel toolchain/arm gcc/native/4.7.3.1029/arm-gnu-toolchain/bin/../lib/gcc/arm-none-eabi/4.7.3/../../../../arm-none-eabi/lib/armv7-m/crt0.o (memset)
c:/program files (x86)/atmel/atmel toolchain/arm gcc/native/4.7.3.1029/arm-gnu-toolchain/bin/../lib/gcc/arm-none-eabi/4.7.3/../../../../arm-none-eabi/lib/armv7-m\libc.a(lib_a-puts.o)
                              src/ASF/sam/drivers/adc/adc.o (puts)
c:/program files (x86)/atmel/atmel toolchain/arm gcc/native/4.7.3.1029/arm-gnu-toolchain/bin/../lib/gcc/arm-none-eabi/4.7.3/../../../../arm-none-eabi/lib/armv7-m\libc.a(lib_a-setbuf.o)
                              test/testmyADC_Runner.o (setbuf)
c:/program files (x86)/atmel/atmel toolchain/arm gcc/native/4.7.3.1029/arm-gnu-toolchain/bin/../lib/gcc/arm-none-eabi/4.7.3/../../../../arm-none-eabi/lib/armv7-m\libc.a(lib_a-setjmp.o)
                              test/unity.o (setjmp)
c:/program files (x86)/atmel/atmel toolchain/arm gcc/native/4.7.3.1029/arm-gnu-toolchain/bin/../lib/gcc/arm-none-eabi/4.7.3/../../../../arm-none-eabi/lib/armv7-m\libc.a(lib_a-setvbuf.o)
                              c:/program files (x86)/atmel/atmel toolchain/arm gcc/native/4.7.3.1029/arm-gnu-toolchain/bin/../lib/gcc/arm-none-eabi/4.7.3/../../../../arm-none-eabi/lib/armv7-m\libc.a(lib_a-setbuf.o) (setvbuf)
c:/program files (x86)/atmel/atmel toolchain/arm gcc/native/4.7.3.1029/arm-gnu-toolchain/bin/../lib/gcc/arm-none-eabi/4.7.3/../../../../arm-none-eabi/lib/armv7-m\libc.a(lib_a-sprintf.o)
                              src/LCDShield.o (sprintf)
c:/program files (x86)/atmel/atmel toolchain/arm gcc/native/4.7.3.1029/arm-gnu-toolchain/bin/../lib/gcc/arm-none-eabi/4.7.3/../../../../arm-none-eabi/lib/armv7-m\libc.a(lib_a-strlen.o)
[...]
Memory Configuration

Name             Origin             Length             Attributes
rom              0x00080000         0x00080000         xr
sram0            0x20000000         0x00010000         xrw
sram1            0x20080000         0x00008000         xrw
ram              0x20070000         0x00018000         xrw
*default*        0x00000000         0xffffffff

Linker script and memory map

LOAD c:/program files (x86)/atmel/atmel toolchain/arm gcc/native/4.7.3.1029/arm-gnu-toolchain/bin/../lib/gcc/arm-none-eabi/4.7.3/armv7-m/crti.o
LOAD c:/program files (x86)/atmel/atmel toolchain/arm gcc/native/4.7.3.1029/arm-gnu-toolchain/bin/../lib/gcc/arm-none-eabi/4.7.3/armv7-m/crtbegin.o
LOAD c:/program files (x86)/atmel/atmel toolchain/arm gcc/native/4.7.3.1029/arm-gnu-toolchain/bin/../lib/gcc/arm-none-eabi/4.7.3/../../../../arm-none-eabi/lib/armv7-m/crt0.o
LOAD src/ASF/sam/drivers/adc/adc.o
LOAD src/ASF/sam/drivers/adc/adc_sam3u.o
LOAD src/ASF/sam/drivers/tc/tc.o
LOAD src/Delay.o
LOAD src/LCDShield.o
LOAD src/ASF/common/services/clock/sam3x/sysclk.o
LOAD src/ASF/common/services/serial/usart_serial.o
LOAD src/ASF/common/utils/interrupt/interrupt_sam_nvic.o
LOAD src/ASF/common/utils/stdio/read.o
LOAD src/ASF/common/utils/stdio/write.o
LOAD src/ASF/sam/boards/arduino_due_x/init.o
LOAD src/ASF/sam/drivers/pio/pio.o
LOAD src/ASF/sam/drivers/pio/pio_handler.o
LOAD src/ASF/sam/drivers/pmc/pmc.o
LOAD src/ASF/sam/drivers/pmc/sleep.o
LOAD src/ASF/sam/drivers/uart/uart.o
LOAD src/ASF/sam/drivers/usart/usart.o
LOAD src/ASF/sam/utils/cmsis/sam3x/source/templates/exceptions.o
LOAD src/ASF/sam/utils/cmsis/sam3x/source/templates/gcc/startup_sam3x.o
LOAD src/ASF/sam/utils/cmsis/sam3x/source/templates/system_sam3x.o
LOAD src/ASF/sam/utils/syscalls/gcc/syscalls.o
LOAD src/myADC.o
LOAD test/testmyADC.o
LOAD test/testmyADC_Runner.o
LOAD test/unity.o
START GROUP
LOAD ../src/ASF/thirdparty/CMSIS/Lib/GCC\libarm_cortexM3l_math.a
LOAD c:/program files (x86)/atmel/atmel toolchain/arm gcc/native/4.7.3.1029/arm-gnu-toolchain/bin/../lib/gcc/arm-none-eabi/4.7.3/../../../../arm-none-eabi/lib/armv7-m\libm.a
END GROUP
START GROUP
LOAD c:/program files (x86)/atmel/atmel toolchain/arm gcc/native/4.7.3.1029/arm-gnu-toolchain/bin/../lib/gcc/arm-none-eabi/4.7.3/armv7-m\libgcc.a
LOAD c:/program files (x86)/atmel/atmel toolchain/arm gcc/native/4.7.3.1029/arm-gnu-toolchain/bin/../lib/gcc/arm-none-eabi/4.7.3/../../../../arm-none-eabi/lib/armv7-m\libc.a
END GROUP
LOAD c:/program files (x86)/atmel/atmel toolchain/arm gcc/native/4.7.3.1029/arm-gnu-toolchain/bin/../lib/gcc/arm-none-eabi/4.7.3/armv7-m/crtend.o
LOAD c:/program files (x86)/atmel/atmel toolchain/arm gcc/native/4.7.3.1029/arm-gnu-toolchain/bin/../lib/gcc/arm-none-eabi/4.7.3/armv7-m/crtn.o
                [0x00002000]                __stack_size__ = DEFINED (__stack_size__)?__stack_size__:0x2000

.text           0x00080000     0x3aa8
                0x00080000                . = ALIGN (0x4)
                0x00080000                _sfixed = .
 *(.vectors .vectors.*)
 .vectors       0x00080000       0xf4 src/ASF/sam/utils/cmsis/sam3x/source/templates/gcc/startup_sam3x.o
                0x00080000                exception_table
 *(.text .text.* .gnu.linkonce.t.*)
 .text          0x000800f4       0xb0 c:/program files (x86)/atmel/atmel toolchain/arm gcc/native/4.7.3.1029/arm-gnu-toolchain/bin/../lib/gcc/arm-none-eabi/4.7.3/armv7-m/crtbegin.o
 .text.adc_init
                0x000801a4       0x40 src/ASF/sam/drivers/adc/adc.o
                0x000801a4                adc_init
 .text.adc_set_resolution
                0x000801e4       0x10 src/ASF/sam/drivers/adc/adc.o
                0x000801e4                adc_set_resolution
 .text.adc_configure_trigger
                0x000801f4       0x10 src/ASF/sam/drivers/adc/adc.o
                0x000801f4                adc_configure_trigger
 .text.adc_configure_timing
                0x00080204       0x20 src/ASF/sam/drivers/adc/adc.o
                0x00080204                adc_configure_timing
 .text.adc_start
                0x00080224        0x8 src/ASF/sam/drivers/adc/adc.o
                0x00080224                adc_start
 .text.adc_enable_channel
                0x0008022c        0xc src/ASF/sam/drivers/adc/adc.o
                0x0008022c                adc_enable_channel
 .text.adc_get_latest_value
                0x00080238        0x4 src/ASF/sam/drivers/adc/adc.o
                0x00080238                adc_get_latest_value
 .text.tc_init  0x0008023c       0x1c src/ASF/sam/drivers/tc/tc.o
                0x0008023c                tc_init
 .text.tc_set_block_mode
                0x00080258        0x8 src/ASF/sam/drivers/tc/tc.o
                0x00080258                tc_set_block_mode
 .text.tc_start
                0x00080260        0xc src/ASF/sam/drivers/tc/tc.o
                0x00080260                tc_start
 .text.tc_stop  0x0008026c        0xc src/ASF/sam/drivers/tc/tc.o
                0x0008026c                tc_stop
 .text.tc_read_cv
                0x00080278        0x8 src/ASF/sam/drivers/tc/tc.o
                0x00080278                tc_read_cv
 .text.Delay    0x00080280       0x58 src/Delay.o
                0x00080280                Delay
 .text.delay_init
                0x000802d8       0x4c src/LCDShield.o
                0x000802d8                delay_init
 .text.delay    0x00080324       0x58 src/LCDShield.o
                0x00080324                delay
 .text.LCDwrite
                0x0008037c       0xc4 src/LCDShield.o
                0x0008037c                LCDwrite
 .text.LCDInit  0x00080440      0x10c src/LCDShield.o
                0x00080440                LCDInit
 .text.sysclk_init
                0x0008054c       0x78 src/ASF/common/services/clock/sam3x/sysclk.o
                0x0008054c                sysclk_init
 .text._read    0x000805c4       0x88 src/ASF/common/utils/stdio/read.o
                0x000805c4                _read
 .text._write   0x0008064c       0xa0 src/ASF/common/utils/stdio/write.o
                0x0008064c                _write
 .text.board_init
                0x000806ec       0xa4 src/ASF/sam/boards/arduino_due_x/init.o
                0x000806ec                board_init
 .text.pio_pull_up
                0x00080790        0xc src/ASF/sam/drivers/pio/pio.o
                0x00080790                pio_pull_up
 .text.pio_set_peripheral
                0x0008079c       0x44 src/ASF/sam/drivers/pio/pio.o
                0x0008079c                pio_set_peripheral
 .text.pio_disable_interrupt
                0x000807e0        0x4 src/ASF/sam/drivers/pio/pio.o
                0x000807e0                pio_disable_interrupt
 .text.pio_set_output
                0x000807e4       0x3c src/ASF/sam/drivers/pio/pio.o
                0x000807e4                pio_set_output
 .text.pio_set_input
                0x00080820       0x4c src/ASF/sam/drivers/pio/pio.o
                0x00080820                pio_set_input
 .text.pio_get_interrupt_status
                0x0008086c        0x4 src/ASF/sam/drivers/pio/pio.o
                0x0008086c                pio_get_interrupt_status
 .text.pio_get_interrupt_mask
                0x00080870        0x4 src/ASF/sam/drivers/pio/pio.o
                0x00080870                pio_get_interrupt_mask
 .text.pio_configure_pin
                0x00080874      0x100 src/ASF/sam/drivers/pio/pio.o
                0x00080874                pio_configure_pin
 .text.pio_configure_pin_group
                0x00080974       0xc8 src/ASF/sam/drivers/pio/pio.o
                0x00080974                pio_configure_pin_group
 .text.pio_handler_process
                0x00080a3c       0x54 src/ASF/sam/drivers/pio/pio_handler.o
                0x00080a3c                pio_handler_process
 .text.PIOA_Handler
                0x00080a90       0x1c src/ASF/sam/drivers/pio/pio_handler.o
                0x00080a90                PIOA_Handler
 .text.PIOB_Handler
                0x00080aac       0x1c src/ASF/sam/drivers/pio/pio_handler.o
                0x00080aac                PIOB_Handler
 .text.PIOC_Handler
                0x00080ac8       0x1c src/ASF/sam/drivers/pio/pio_handler.o
                0x00080ac8                PIOC_Handler
 .text.PIOD_Handler
                0x00080ae4       0x1c src/ASF/sam/drivers/pio/pio_handler.o
                0x00080ae4                PIOD_Handler
 .text.pmc_switch_mck_to_pllack
                0x00080b00       0xa0 src/ASF/sam/drivers/pmc/pmc.o
                0x00080b00                pmc_switch_mck_to_pllack
 .text.pmc_switch_mainck_to_xtal
                0x00080ba0       0x70 src/ASF/sam/drivers/pmc/pmc.o
                0x00080ba0                pmc_switch_mainck_to_xtal
 .text.pmc_osc_is_ready_mainck
                0x00080c10       0x10 src/ASF/sam/drivers/pmc/pmc.o
                0x00080c10                pmc_osc_is_ready_mainck
 .text.pmc_disable_pllack
                0x00080c20       0x10 src/ASF/sam/drivers/pmc/pmc.o
                0x00080c20                pmc_disable_pllack
 .text.pmc_is_locked_pllack
                0x00080c30       0x10 src/ASF/sam/drivers/pmc/pmc.o
                0x00080c30                pmc_is_locked_pllack
 .text.pmc_enable_periph_clk
                0x00080c40       0x84 src/ASF/sam/drivers/pmc/pmc.o
                0x00080c40                pmc_enable_periph_clk
 .text.uart_init
                0x00080cc4       0x44 src/ASF/sam/drivers/uart/uart.o
                0x00080cc4                uart_init
 .text.uart_write
                0x00080d08       0x18 src/ASF/sam/drivers/uart/uart.o
                0x00080d08                uart_write
 .text.uart_read
                0x00080d20       0x18 src/ASF/sam/drivers/uart/uart.o
                0x00080d20                uart_read
 .text.usart_write
                0x00080d38       0x20 src/ASF/sam/drivers/usart/usart.o
                0x00080d38                usart_write
 .text.usart_read
                0x00080d58       0x20 src/ASF/sam/drivers/usart/usart.o
                0x00080d58                usart_read
 .text.Dummy_Handler
                0x00080d78        0x4 src/ASF/sam/utils/cmsis/sam3x/source/templates/exceptions.o
                0x00080d78                DACC_Handler
                0x00080d78                DebugMon_Handler
                0x00080d78                DMAC_Handler
                0x00080d78                TRNG_Handler
                0x00080d78                HardFault_Handler
                0x00080d78                TC2_Handler
                0x00080d78                SysTick_Handler
                0x00080d78                USART3_Handler
                0x00080d78                TWI1_Handler
                0x00080d78                PendSV_Handler
                0x00080d78                NMI_Handler
                0x00080d78                TC7_Handler
                0x00080d78                ADC_Handler
                0x00080d78                SMC_Handler
                0x00080d78                USART0_Handler
                0x00080d78                RTT_Handler
                0x00080d78                EFC1_Handler
                0x00080d78                RTC_Handler
                0x00080d78                UsageFault_Handler
                0x00080d78                TC6_Handler
                0x00080d78                WDT_Handler
                0x00080d78                CAN0_Handler
                0x00080d78                TC4_Handler
                0x00080d78                TC1_Handler
                0x00080d78                HSMCI_Handler
                0x00080d78                TC3_Handler
                0x00080d78                Dummy_Handler
                0x00080d78                TWI0_Handler
                0x00080d78                USART1_Handler
                0x00080d78                SSC_Handler
                0x00080d78                EFC0_Handler
                0x00080d78                PMC_Handler
                0x00080d78                PWM_Handler
                0x00080d78                CAN1_Handler
                0x00080d78                MemManage_Handler
                0x00080d78                SUPC_Handler
                0x00080d78                SVC_Handler
                0x00080d78                TC8_Handler
                0x00080d78                USART2_Handler
                0x00080d78                EMAC_Handler
                0x00080d78                UART_Handler
                0x00080d78                BusFault_Handler
                0x00080d78                RSTC_Handler
                0x00080d78                TC0_Handler
                0x00080d78                TC5_Handler
                0x00080d78                UOTGHS_Handler
                0x00080d78                SPI0_Handler
 .text.Reset_Handler
                0x00080d7c      0x138 src/ASF/sam/utils/cmsis/sam3x/source/templates/gcc/startup_sam3x.o
                0x00080d7c                Reset_Handler
 .text.SystemCoreClockUpdate
                0x00080eb4      0x1c8 src/ASF/sam/utils/cmsis/sam3x/source/templates/system_sam3x.o
                0x00080eb4                SystemCoreClockUpdate
 .text.system_init_flash
                0x0008107c       0xc4 src/ASF/sam/utils/cmsis/sam3x/source/templates/system_sam3x.o
                0x0008107c                system_init_flash
 .text._sbrk    0x00081140       0x30 src/ASF/sam/utils/syscalls/gcc/syscalls.o
                0x00081140                _sbrk
 .text._close   0x00081170        0x8 src/ASF/sam/utils/syscalls/gcc/syscalls.o
                0x00081170                _close
 .text._fstat   0x00081178        0xc src/ASF/sam/utils/syscalls/gcc/syscalls.o
                0x00081178                _fstat
 .text._isatty  0x00081184        0x8 src/ASF/sam/utils/syscalls/gcc/syscalls.o
                0x00081184                _isatty
 .text._lseek   0x0008118c        0x8 src/ASF/sam/utils/syscalls/gcc/syscalls.o
                0x0008118c                _lseek
 .text.ADCSetup
                0x00081194       0xb8 src/myADC.o
                0x00081194                ADCSetup
 .text.setUp    0x0008124c        0x4 test/testmyADC.o
                0x0008124c                setUp
 .text.tearDown
                0x00081250        0x4 test/testmyADC.o
                0x00081250                tearDown
 .text.test_ADConverterIsInitialisedCorrectly
                0x00081254       0x5c test/testmyADC.o
                0x00081254                test_ADConverterIsInitialisedCorrectly
 .text.test_CheckIfValueIsNotZero
                0x000812b0       0x50 test/testmyADC.o
                0x000812b0                test_CheckIfValueIsNotZero
 .text.usart_serial_getchar
                0x00081300       0xe8 test/testmyADC_Runner.o
 .text.usart_serial_putchar
                0x000813e8       0xe8 test/testmyADC_Runner.o
 .text.main     0x000814d0      0x138 test/testmyADC_Runner.o
                0x000814d0                main
 .text.UnityPrintNumber
                0x00081608      0x184 test/unity.o
                0x00081608                UnityPrintNumber
 .text.UnityPrintNumberUnsigned
                0x0008178c       0xe4 test/unity.o
                0x0008178c                UnityPrintNumberUnsigned
 .text.UnityPrintNumberHex
                0x00081870      0x200 test/unity.o
                0x00081870                UnityPrintNumberHex
 .text.UnityPrintNumberByStyle
                0x00081a70       0x50 test/unity.o
                0x00081a70                UnityPrintNumberByStyle
 .text.UnityPrint
                0x00081ac0      0x284 test/unity.o
                0x00081ac0                UnityPrint
 .text.UnityPrintMask
                0x00081d44      0x14c test/unity.o
                0x00081d44                UnityPrintMask
 .text.UnityPrintFail
                0x00081e90       0x18 test/unity.o
                0x00081e90                UnityPrintFail
 .text.UnityPrintOk
                0x00081ea8       0x18 test/unity.o
                0x00081ea8                UnityPrintOk
 .text.UnityTestResultsBegin
                0x00081ec0      0x1bc test/unity.o
                0x00081ec0                UnityTestResultsBegin
 .text.UnityTestResultsFailBegin
                0x0008207c       0x2c test/unity.o
                0x0008207c                UnityTestResultsFailBegin
 .text.UnityConcludeTest
                0x000820a8      0x100 test/unity.o
                0x000820a8                UnityConcludeTest
 .text.UnityAddMsgIfSpecified
                0x000821a8       0x20 test/unity.o
                0x000821a8                UnityAddMsgIfSpecified
 .text.UnityAssertBits
                0x000821c8      0x104 test/unity.o
                0x000821c8                UnityAssertBits
 .text.UnityAssertEqualNumber
                0x000822cc      0x100 test/unity.o
                0x000822cc                UnityAssertEqualNumber
 .text.UnityFail
                0x000823cc      0x1a8 test/unity.o
                0x000823cc                UnityFail
 .text.UnityDefaultTestRun
                0x00082574       0x70 test/unity.o
                0x00082574                UnityDefaultTestRun
 .text.UnityBegin
                0x000825e4       0x18 test/unity.o
                0x000825e4                UnityBegin
 .text.UnityEnd
                0x000825fc      0x210 test/unity.o
                0x000825fc                UnityEnd
 .text          0x0008280c       0x9c c:/program files (x86)/atmel/atmel toolchain/arm gcc/native/4.7.3.1029/arm-gnu-toolchain/bin/../lib/gcc/arm-none-eabi/4.7.3/../../../../arm-none-eabi/lib/armv7-m\libc.a(lib_a-__atexit.o)
                0x0008280c                __register_exitproc
 .text          0x000828a8       0x2c c:/program files (x86)/atmel/atmel toolchain/arm gcc/native/4.7.3.1029/arm-gnu-toolchain/bin/../lib/gcc/arm-none-eabi/4.7.3/../../../../arm-none-eabi/lib/armv7-m\libc.a(lib_a-fini.o)
                0x000828a8                __libc_fini_array
 .text          0x000828d4       0x4c c:/program files (x86)/atmel/atmel toolchain/arm gcc/native/4.7.3.1029/arm-gnu-toolchain/bin/../lib/gcc/arm-none-eabi/4.7.3/../../../../arm-none-eabi/lib/armv7-m\libc.a(lib_a-init.o)
                0x000828d4                __libc_init_array
 .text          0x00082920       0x10 c:/program files (x86)/atmel/atmel toolchain/arm gcc/native/4.7.3.1029/arm-gnu-toolchain/bin/../lib/gcc/arm-none-eabi/4.7.3/../../../../arm-none-eabi/lib/armv7-m\libc.a(lib_a-memset.o)
                0x00082920                memset
 .text          0x00082930       0x10 c:/program files (x86)/atmel/atmel toolchain/arm gcc/native/4.7.3.1029/arm-gnu-toolchain/bin/../lib/gcc/arm-none-eabi/4.7.3/../../../../arm-none-eabi/lib/armv7-m\libc.a(lib_a-setbuf.o)
                0x00082930                setbuf
 .text          0x00082940       0x1c c:/program files (x86)/atmel/atmel toolchain/arm gcc/native/4.7.3.1029/arm-gnu-toolchain/bin/../lib/gcc/arm-none-eabi/4.7.3/../../../../arm-none-eabi/lib/armv7-m\libc.a(lib_a-setjmp.o)
                0x00082940                setjmp
                0x0008294c                longjmp
 .text          0x0008295c       0xec c:/program files (x86)/atmel/atmel toolchain/arm gcc/native/4.7.3.1029/arm-gnu-toolchain/bin/../lib/gcc/arm-none-eabi/4.7.3/../../../../arm-none-eabi/lib/armv7-m\libc.a(lib_a-setvbuf.o)
                0x0008295c                setvbuf
 .text          0x00082a48       0xb4 c:/program files (x86)/atmel/atmel toolchain/arm gcc/native/4.7.3.1029/arm-gnu-toolchain/bin/../lib/gcc/arm-none-eabi/4.7.3/../../../../arm-none-eabi/lib/armv7-m\libc.a(lib_a-wbuf.o)
                0x00082a48                __swbuf_r
                0x00082aea                __swbuf
 .text          0x00082afc       0xb8 c:/program files (x86)/atmel/atmel toolchain/arm gcc/native/4.7.3.1029/arm-gnu-toolchain/bin/../lib/gcc/arm-none-eabi/4.7.3/../../../../arm-none-eabi/lib/armv7-m\libc.a(lib_a-wsetup.o)
                0x00082afc                __swsetup_r
 .text.startup  0x00082bb4       0x14 c:/program files (x86)/atmel/atmel toolchain/arm gcc/native/4.7.3.1029/arm-gnu-toolchain/bin/../lib/gcc/arm-none-eabi/4.7.3/../../../../arm-none-eabi/lib/armv7-m\libc.a(lib_a-__call_atexit.o)
 .text          0x00082bc8        0xc c:/program files (x86)/atmel/atmel toolchain/arm gcc/native/4.7.3.1029/arm-gnu-toolchain/bin/../lib/gcc/arm-none-eabi/4.7.3/../../../../arm-none-eabi/lib/armv7-m\libc.a(lib_a-atexit.o)
                0x00082bc8                atexit
 .text          0x00082bd4      0x150 c:/program files (x86)/atmel/atmel toolchain/arm gcc/native/4.7.3.1029/arm-gnu-toolchain/bin/../lib/gcc/arm-none-eabi/4.7.3/../../../../arm-none-eabi/lib/armv7-m\libc.a(lib_a-fflush.o)
                0x00082bd4                _fflush_r
                0x00082d02                fflush
 .text          0x00082d24      0x18c c:/program files (x86)/atmel/atmel toolchain/arm gcc/native/4.7.3.1029/arm-gnu-toolchain/bin/../lib/gcc/arm-none-eabi/4.7.3/../../../../arm-none-eabi/lib/armv7-m\libc.a(lib_a-findfp.o)
                0x00082d2c                _cleanup_r
                0x00082d80                __sfmoreglue
                0x00082daa                _cleanup
                0x00082db8                __sinit
                0x00082e04                __sfp
                0x00082e80                __sfp_lock_acquire
                0x00082e82                __sfp_lock_release
                0x00082e84                __sinit_lock_acquire
                0x00082e86                __sinit_lock_release
                0x00082e88                __fp_lock_all
                0x00082e9c                __fp_unlock_all
 .text          0x00082eb0      0x208 c:/program files (x86)/atmel/atmel toolchain/arm gcc/native/4.7.3.1029/arm-gnu-toolchain/bin/../lib/gcc/arm-none-eabi/4.7.3/../../../../arm-none-eabi/lib/armv7-m\libc.a(lib_a-freer.o)
                0x00082eb0                _malloc_trim_r
                0x00082f4c                _free_r
 .text          0x000830b8       0x86 c:/program files (x86)/atmel/atmel toolchain/arm gcc/native/4.7.3.1029/arm-gnu-toolchain/bin/../lib/gcc/arm-none-eabi/4.7.3/../../../../arm-none-eabi/lib/armv7-m\libc.a(lib_a-fwalk.o)
                0x000830b8                _fwalk
                0x000830fa                _fwalk_reent
 *fill*         0x0008313e        0x2 00
 .text          0x00083140       0xd8 c:/program files (x86)/atmel/atmel toolchain/arm gcc/native/4.7.3.1029/arm-gnu-toolchain/bin/../lib/gcc/arm-none-eabi/4.7.3/../../../../arm-none-eabi/lib/armv7-m\libc.a(lib_a-makebuf.o)
                0x00083140                __smakebuf_r
 .text          0x00083218       0x20 c:/program files (x86)/atmel/atmel toolchain/arm gcc/native/4.7.3.1029/arm-gnu-toolchain/bin/../lib/gcc/arm-none-eabi/4.7.3/../../../../arm-none-eabi/lib/armv7-m\libc.a(lib_a-malloc.o)
                0x00083218                malloc
                0x00083228                free
 .text          0x00083238      0x404 c:/program files (x86)/atmel/atmel toolchain/arm gcc/native/4.7.3.1029/arm-gnu-toolchain/bin/../lib/gcc/arm-none-eabi/4.7.3/../../../../arm-none-eabi/lib/armv7-m\libc.a(lib_a-mallocr.o)
                0x00083238                _malloc_r
 .text          0x0008363c        0x4 c:/program files (x86)/atmel/atmel toolchain/arm gcc/native/4.7.3.1029/arm-gnu-toolchain/bin/../lib/gcc/arm-none-eabi/4.7.3/../../../../arm-none-eabi/lib/armv7-m\libc.a(lib_a-mlock.o)
                0x0008363c                __malloc_lock
                0x0008363e                __malloc_unlock
 .text          0x00083640       0x20 c:/program files (x86)/atmel/atmel toolchain/arm gcc/native/4.7.3.1029/arm-gnu-toolchain/bin/../lib/gcc/arm-none-eabi/4.7.3/../../../../arm-none-eabi/lib/armv7-m\libc.a(lib_a-sbrkr.o)
                0x00083640                _sbrk_r
 .text          0x00083660       0x8e c:/program files (x86)/atmel/atmel toolchain/arm gcc/native/4.7.3.1029/arm-gnu-toolchain/bin/../lib/gcc/arm-none-eabi/4.7.3/../../../../arm-none-eabi/lib/armv7-m\libc.a(lib_a-stdio.o)
                0x00083660                __sread
                0x00083682                __seofread
                0x00083686                __swrite
                0x000836c2                __sseek
                0x000836e6                __sclose
 *fill*         0x000836ee        0x2 00
 .text          0x000836f0       0x24 c:/program files (x86)/atmel/atmel toolchain/arm gcc/native/4.7.3.1029/arm-gnu-toolchain/bin/../lib/gcc/arm-none-eabi/4.7.3/../../../../arm-none-eabi/lib/armv7-m\libc.a(lib_a-writer.o)
                0x000836f0                _write_r
 .text          0x00083714       0x20 c:/program files (x86)/atmel/atmel toolchain/arm gcc/native/4.7.3.1029/arm-gnu-toolchain/bin/../lib/gcc/arm-none-eabi/4.7.3/../../../../arm-none-eabi/lib/armv7-m\libc.a(lib_a-closer.o)
                0x00083714                _close_r
 .text          0x00083734       0x94 c:/program files (x86)/atmel/atmel toolchain/arm gcc/native/4.7.3.1029/arm-gnu-toolchain/bin/../lib/gcc/arm-none-eabi/4.7.3/../../../../arm-none-eabi/lib/armv7-m\libc.a(lib_a-fclose.o)
                0x00083734                _fclose_r
                0x000837b8                fclose
 .text          0x000837c8       0x24 c:/program files (x86)/atmel/atmel toolchain/arm gcc/native/4.7.3.1029/arm-gnu-toolchain/bin/../lib/gcc/arm-none-eabi/4.7.3/../../../../arm-none-eabi/lib/armv7-m\libc.a(lib_a-fstatr.o)
                0x000837c8                _fstat_r
 .text          0x000837ec       0x20 c:/program files (x86)/atmel/atmel toolchain/arm gcc/native/4.7.3.1029/arm-gnu-toolchain/bin/../lib/gcc/arm-none-eabi/4.7.3/../../../../arm-none-eabi/lib/armv7-m\libc.a(lib_a-isattyr.o)
                0x000837ec                _isatty_r
 .text          0x0008380c       0x24 c:/program files (x86)/atmel/atmel toolchain/arm gcc/native/4.7.3.1029/arm-gnu-toolchain/bin/../lib/gcc/arm-none-eabi/4.7.3/../../../../arm-none-eabi/lib/armv7-m\libc.a(lib_a-lseekr.o)
                0x0008380c                _lseek_r
 .text          0x00083830       0x24 c:/program files (x86)/atmel/atmel toolchain/arm gcc/native/4.7.3.1029/arm-gnu-toolchain/bin/../lib/gcc/arm-none-eabi/4.7.3/../../../../arm-none-eabi/lib/armv7-m\libc.a(lib_a-readr.o)
                0x00083830                _read_r
 *(.glue_7t)
 .glue_7t       0x00000000        0x0 linker stubs
 *(.glue_7)
 .glue_7        0x00000000        0x0 linker stubs
 *(.rodata .rodata* .gnu.linkonce.r.*)
 .rodata        0x00083854       0x10 src/LCDShield.o
 .rodata        0x00083864       0x30 src/myADC.o
 .rodata.str1.4
                0x00083894       0x19 test/testmyADC.o
                                 0x1c (size before relaxing)
 *fill*         0x000838ad        0x3 00
 .rodata.str1.4
                0x000838b0       0x57 test/testmyADC_Runner.o
                                 0x58 (size before relaxing)
 *fill*         0x00083907        0x1 00
 .rodata.str1.4
                0x00083908      0x158 test/unity.o
                                0x160 (size before relaxing)
 .rodata.UnitySizeMask
                0x00083a60       0x1c test/unity.o
                0x00083a60                UnitySizeMask
 .rodata        0x00083a7c        0x4 c:/program files (x86)/atmel/atmel toolchain/arm gcc/native/4.7.3.1029/arm-gnu-toolchain/bin/../lib/gcc/arm-none-eabi/4.7.3/../../../../arm-none-eabi/lib/armv7-m\libc.a(lib_a-impure.o)
                0x00083a7c                _global_impure_ptr
 .rodata.str1.1
                0x00083a80        0x2 c:/program files (x86)/atmel/atmel toolchain/arm gcc/native/4.7.3.1029/arm-gnu-toolchain/bin/../lib/gcc/arm-none-eabi/4.7.3/../../../../arm-none-eabi/lib/armv7-m\libc.a(lib_a-impure.o)
 *(.ARM.extab* .gnu.linkonce.armextab.*)
                0x00083a84                . = ALIGN (0x4)
 *fill*         0x00083a82        0x2 00
 *(.init)
 .init          0x00083a84        0x4 c:/program files (x86)/atmel/atmel toolchain/arm gcc/native/4.7.3.1029/arm-gnu-toolchain/bin/../lib/gcc/arm-none-eabi/4.7.3/armv7-m/crti.o
                0x00083a84                _init
 .init          0x00083a88        0x8 c:/program files (x86)/atmel/atmel toolchain/arm gcc/native/4.7.3.1029/arm-gnu-toolchain/bin/../lib/gcc/arm-none-eabi/4.7.3/armv7-m/crtn.o
                0x00083a90                . = ALIGN (0x4)
                0x00083a90                __preinit_array_start = .
 *(.preinit_array)
                0x00083a90                __preinit_array_end = .
                0x00083a90                . = ALIGN (0x4)
                0x00083a90                __init_array_start = .
 *(SORT(.init_array.*))
 .init_array.00000
                0x00083a90        0x4 c:/program files (x86)/atmel/atmel toolchain/arm gcc/native/4.7.3.1029/arm-gnu-toolchain/bin/../lib/gcc/arm-none-eabi/4.7.3/../../../../arm-none-eabi/lib/armv7-m\libc.a(lib_a-__call_atexit.o)
 *(.init_array)
 .init_array    0x00083a94        0x4 c:/program files (x86)/atmel/atmel toolchain/arm gcc/native/4.7.3.1029/arm-gnu-toolchain/bin/../lib/gcc/arm-none-eabi/4.7.3/armv7-m/crtbegin.o
                0x00083a98                __init_array_end = .
                0x00083a98                . = ALIGN (0x4)
 *crtbegin.o(.ctors)
 *(EXCLUDE_FILE(*crtend.o) .ctors)
 *(SORT(.ctors.*))
 *crtend.o(.ctors)
                0x00083a98                . = ALIGN (0x4)
 *(.fini)
 .fini          0x00083a98        0x4 c:/program files (x86)/atmel/atmel toolchain/arm gcc/native/4.7.3.1029/arm-gnu-toolchain/bin/../lib/gcc/arm-none-eabi/4.7.3/armv7-m/crti.o
                0x00083a98                _fini
 .fini          0x00083a9c        0x8 c:/program files (x86)/atmel/atmel toolchain/arm gcc/native/4.7.3.1029/arm-gnu-toolchain/bin/../lib/gcc/arm-none-eabi/4.7.3/armv7-m/crtn.o
                0x00083aa4                . = ALIGN (0x4)
                0x00083aa4                __fini_array_start = .
 *(.fini_array)
 .fini_array    0x00083aa4        0x4 c:/program files (x86)/atmel/atmel toolchain/arm gcc/native/4.7.3.1029/arm-gnu-toolchain/bin/../lib/gcc/arm-none-eabi/4.7.3/armv7-m/crtbegin.o
 *(SORT(.fini_array.*))
                0x00083aa8                __fini_array_end = .
 *crtbegin.o(.dtors)
 *(EXCLUDE_FILE(*crtend.o) .dtors)
 *(SORT(.dtors.*))
 *crtend.o(.dtors)
                0x00083aa8                . = ALIGN (0x4)
                0x00083aa8                _efixed = .
                0x00083aa8                PROVIDE (__exidx_start, .)

.vfp11_veneer   0x00083aa8        0x0
 .vfp11_veneer  0x00000000        0x0 linker stubs

.v4_bx          0x00083aa8        0x0
 .v4_bx         0x00000000        0x0 linker stubs

.iplt           0x00083aa8        0x0
 .iplt          0x00000000        0x0 c:/program files (x86)/atmel/atmel toolchain/arm gcc/native/4.7.3.1029/arm-gnu-toolchain/bin/../lib/gcc/arm-none-eabi/4.7.3/armv7-m/crtbegin.o

.eh_frame       0x00083aa8        0x0
 .eh_frame      0x00083aa8        0x0 c:/program files (x86)/atmel/atmel toolchain/arm gcc/native/4.7.3.1029/arm-gnu-toolchain/bin/../lib/gcc/arm-none-eabi/4.7.3/armv7-m/crtbegin.o

.rel.dyn        0x00083aa8        0x0
 .rel.iplt      0x00000000        0x0 c:/program files (x86)/atmel/atmel toolchain/arm gcc/native/4.7.3.1029/arm-gnu-toolchain/bin/../lib/gcc/arm-none-eabi/4.7.3/armv7-m/crtbegin.o

.jcr            0x00083aa8        0x0
 .jcr           0x00083aa8        0x0 c:/program files (x86)/atmel/atmel toolchain/arm gcc/native/4.7.3.1029/arm-gnu-toolchain/bin/../lib/gcc/arm-none-eabi/4.7.3/armv7-m/crtbegin.o

.tm_clone_table
                0x00083aa8        0x0
 .tm_clone_table
                0x00083aa8        0x0 c:/program files (x86)/atmel/atmel toolchain/arm gcc/native/4.7.3.1029/arm-gnu-toolchain/bin/../lib/gcc/arm-none-eabi/4.7.3/armv7-m/crtbegin.o
 .tm_clone_table
                0x00083aa8        0x0 c:/program files (x86)/atmel/atmel toolchain/arm gcc/native/4.7.3.1029/arm-gnu-toolchain/bin/../lib/gcc/arm-none-eabi/4.7.3/armv7-m/crtend.o

.igot.plt       0x00083aa8        0x0
 .igot.plt      0x00000000        0x0 c:/program files (x86)/atmel/atmel toolchain/arm gcc/native/4.7.3.1029/arm-gnu-toolchain/bin/../lib/gcc/arm-none-eabi/4.7.3/armv7-m/crtbegin.o

.ARM.exidx
 *(.ARM.exidx* .gnu.linkonce.armexidx.*)
                0x00083aa8                PROVIDE (__exidx_end, .)
                0x00083aa8                . = ALIGN (0x4)
                0x00083aa8                _etext = .

.relocate       0x20070000      0x850 load address 0x00083aa8
                0x20070000                . = ALIGN (0x4)
                0x20070000                _srelocate = .
 *(.ramfunc .ramfunc.*)
 *(.data .data.*)
 .data.SystemCoreClock
                0x20070000        0x4 src/ASF/sam/utils/cmsis/sam3x/source/templates/system_sam3x.o
                0x20070000                SystemCoreClock
 .data.UnityStrWas
                0x20070004        0x4 test/unity.o
                0x20070004                UnityStrWas
 .data.UnityStrExpected
                0x20070008        0x4 test/unity.o
                0x20070008                UnityStrExpected
 .data.UnityStrSpacer
                0x2007000c        0x4 test/unity.o
                0x2007000c                UnityStrSpacer
 .data          0x20070010      0x430 c:/program files (x86)/atmel/atmel toolchain/arm gcc/native/4.7.3.1029/arm-gnu-toolchain/bin/../lib/gcc/arm-none-eabi/4.7.3/../../../../arm-none-eabi/lib/armv7-m\libc.a(lib_a-impure.o)
                0x20070010                _impure_ptr
 .data          0x20070440      0x410 c:/program files (x86)/atmel/atmel toolchain/arm gcc/native/4.7.3.1029/arm-gnu-toolchain/bin/../lib/gcc/arm-none-eabi/4.7.3/../../../../arm-none-eabi/lib/armv7-m\libc.a(lib_a-mallocr.o)
                0x20070440                __malloc_av_
                0x20070848                __malloc_sbrk_base
                0x2007084c                __malloc_trim_threshold
                0x20070850                . = ALIGN (0x4)
                0x20070850                _erelocate = .

.bss            0x20070850      0x150 load address 0x000842f8
                0x20070850                . = ALIGN (0x4)
                0x20070850                _sbss = .
                0x20070850                _szero = .
 *(.bss .bss.*)
 .bss           0x20070850       0x1c c:/program files (x86)/atmel/atmel toolchain/arm gcc/native/4.7.3.1029/arm-gnu-toolchain/bin/../lib/gcc/arm-none-eabi/4.7.3/armv7-m/crtbegin.o
 .bss.gs_interrupt_sources
                0x2007086c       0x70 src/ASF/sam/drivers/pio/pio_handler.o
 .bss.heap.5084
                0x200708dc        0x4 src/ASF/sam/utils/syscalls/gcc/syscalls.o
 .bss.Unity     0x200708e0       0x7c test/unity.o
                0x200708e0                Unity
 .bss           0x2007095c       0x34 c:/program files (x86)/atmel/atmel toolchain/arm gcc/native/4.7.3.1029/arm-gnu-toolchain/bin/../lib/gcc/arm-none-eabi/4.7.3/../../../../arm-none-eabi/lib/armv7-m\libc.a(lib_a-mallocr.o)
                0x2007095c                __malloc_top_pad
                0x20070960                __malloc_current_mallinfo
                0x20070988                __malloc_max_sbrked_mem
                0x2007098c                __malloc_max_total_mem
 *(COMMON)
 COMMON         0x20070990        0x4 src/ASF/common/utils/stdio/read.o
                0x20070990                ptr_get
 COMMON         0x20070994        0x8 src/ASF/common/utils/stdio/write.o
                0x20070994                ptr_put
                0x20070998                stdio_base
 COMMON         0x2007099c        0x4 c:/program files (x86)/atmel/atmel toolchain/arm gcc/native/4.7.3.1029/arm-gnu-toolchain/bin/../lib/gcc/arm-none-eabi/4.7.3/../../../../arm-none-eabi/lib/armv7-m\libc.a(lib_a-reent.o)
                0x2007099c                errno
                0x200709a0                . = ALIGN (0x4)
                0x200709a0                _ebss = .
                0x200709a0                _ezero = .

.stack          0x200709a0     0x2000 load address 0x00084448
                0x200709a0                . = ALIGN (0x8)
                0x200709a0                _sstack = .
                0x200729a0                . = (. + __stack_size__)
 *fill*         0x200709a0     0x2000 00
                0x200729a0                . = ALIGN (0x8)
                0x200729a0                _estack = .
                0x200729a0                . = ALIGN (0x4)
                0x200729a0                _end = .
OUTPUT(Lab1c_project_test.elf elf32-littlearm)

.ARM.attributes
                0x00000000       0x29
 .ARM.attributes
                0x00000000       0x1d c:/program files (x86)/atmel/atmel toolchain/arm gcc/native/4.7.3.1029/arm-gnu-toolchain/bin/../lib/gcc/arm-none-eabi/4.7.3/armv7-m/crti.o
 .ARM.attributes
                0x0000001d       0x2d c:/program files (x86)/atmel/atmel toolchain/arm gcc/native/4.7.3.1029/arm-gnu-toolchain/bin/../lib/gcc/arm-none-eabi/4.7.3/armv7-m/crtbegin.o
 .ARM.attributes
                0x0000004a       0x33 src/ASF/sam/drivers/adc/adc.o
 .ARM.attributes
                0x0000007d       0x33 src/ASF/sam/drivers/tc/tc.o
 .ARM.attributes
                0x000000b0       0x33 src/Delay.o
 .ARM.attributes
                0x000000e3       0x33 src/LCDShield.o
 .ARM.attributes
                0x00000116       0x33 src/ASF/common/services/clock/sam3x/sysclk.o
 .ARM.attributes
                0x00000149       0x33 src/ASF/common/utils/stdio/read.o
 .ARM.attributes
                0x0000017c       0x33 src/ASF/common/utils/stdio/write.o
 .ARM.attributes
                0x000001af       0x33 src/ASF/sam/boards/arduino_due_x/init.o
 .ARM.attributes
                0x000001e2       0x33 src/ASF/sam/drivers/pio/pio.o
 .ARM.attributes
                0x00000215       0x33 src/ASF/sam/drivers/pio/pio_handler.o
 .ARM.attributes
                0x00000248       0x33 src/ASF/sam/drivers/pmc/pmc.o
 .ARM.attributes
                0x0000027b       0x33 src/ASF/sam/drivers/uart/uart.o
 .ARM.attributes
                0x000002ae       0x33 src/ASF/sam/drivers/usart/usart.o
 .ARM.attributes
                0x000002e1       0x33 src/ASF/sam/utils/cmsis/sam3x/source/templates/exceptions.o
 .ARM.attributes
                0x00000314       0x33 src/ASF/sam/utils/cmsis/sam3x/source/templates/gcc/startup_sam3x.o
 .ARM.attributes
                0x00000347       0x33 src/ASF/sam/utils/cmsis/sam3x/source/templates/system_sam3x.o
 .ARM.attributes
                0x0000037a       0x33 src/ASF/sam/utils/syscalls/gcc/syscalls.o
 .ARM.attributes
                0x000003ad       0x33 src/myADC.o
 .ARM.attributes
                0x000003e0       0x33 test/testmyADC.o
 .ARM.attributes
                0x00000413       0x33 test/testmyADC_Runner.o
 .ARM.attributes
                0x00000446       0x33 test/unity.o
 .ARM.attributes
                0x00000479       0x2d c:/program files (x86)/atmel/atmel toolchain/arm gcc/native/4.7.3.1029/arm-gnu-toolchain/bin/../lib/gcc/arm-none-eabi/4.7.3/../../../../arm-none-eabi/lib/armv7-m\libc.a(lib_a-__atexit.o)
 .ARM.attributes
                0x000004a6       0x2d c:/program files (x86)/atmel/atmel toolchain/arm gcc/native/4.7.3.1029/arm-gnu-toolchain/bin/../lib/gcc/arm-none-eabi/4.7.3/../../../../arm-none-eabi/lib/armv7-m\libc.a(lib_a-fini.o)
 .ARM.attributes
                0x000004d3       0x2d c:/program files (x86)/atmel/atmel toolchain/arm gcc/native/4.7.3.1029/arm-gnu-toolchain/bin/../lib/gcc/arm-none-eabi/4.7.3/../../../../arm-none-eabi/lib/armv7-m\libc.a(lib_a-impure.o)
 .ARM.attributes
                0x00000500       0x2d c:/program files (x86)/atmel/atmel toolchain/arm gcc/native/4.7.3.1029/arm-gnu-toolchain/bin/../lib/gcc/arm-none-eabi/4.7.3/../../../../arm-none-eabi/lib/armv7-m\libc.a(lib_a-init.o)
 .ARM.attributes
                0x0000052d       0x2d c:/program files (x86)/atmel/atmel toolchain/arm gcc/native/4.7.3.1029/arm-gnu-toolchain/bin/../lib/gcc/arm-none-eabi/4.7.3/../../../../arm-none-eabi/lib/armv7-m\libc.a(lib_a-memset.o)
 .ARM.attributes
                0x0000055a       0x2d c:/program files (x86)/atmel/atmel toolchain/arm gcc/native/4.7.3.1029/arm-gnu-toolchain/bin/../lib/gcc/arm-none-eabi/4.7.3/../../../../arm-none-eabi/lib/armv7-m\libc.a(lib_a-setbuf.o)
 .ARM.attributes
                0x00000587       0x1b c:/program files (x86)/atmel/atmel toolchain/arm gcc/native/4.7.3.1029/arm-gnu-toolchain/bin/../lib/gcc/arm-none-eabi/4.7.3/../../../../arm-none-eabi/lib/armv7-m\libc.a(lib_a-setjmp.o)
 .ARM.attributes
                0x000005a2       0x2d c:/program files (x86)/atmel/atmel toolchain/arm gcc/native/4.7.3.1029/arm-gnu-toolchain/bin/../lib/gcc/arm-none-eabi/4.7.3/../../../../arm-none-eabi/lib/armv7-m\libc.a(lib_a-setvbuf.o)
 .ARM.attributes
                0x000005cf       0x2d c:/program files (x86)/atmel/atmel toolchain/arm gcc/native/4.7.3.1029/arm-gnu-toolchain/bin/../lib/gcc/arm-none-eabi/4.7.3/../../../../arm-none-eabi/lib/armv7-m\libc.a(lib_a-wbuf.o)
 .ARM.attributes
                0x000005fc       0x2d c:/program files (x86)/atmel/atmel toolchain/arm gcc/native/4.7.3.1029/arm-gnu-toolchain/bin/../lib/gcc/arm-none-eabi/4.7.3/../../../../arm-none-eabi/lib/armv7-m\libc.a(lib_a-wsetup.o)
 .ARM.attributes
                0x00000629       0x2d c:/program files (x86)/atmel/atmel toolchain/arm gcc/native/4.7.3.1029/arm-gnu-toolchain/bin/../lib/gcc/arm-none-eabi/4.7.3/../../../../arm-none-eabi/lib/armv7-m\libc.a(lib_a-__call_atexit.o)
 .ARM.attributes
                0x00000656       0x2d c:/program files (x86)/atmel/atmel toolchain/arm gcc/native/4.7.3.1029/arm-gnu-toolchain/bin/../lib/gcc/arm-none-eabi/4.7.3/../../../../arm-none-eabi/lib/armv7-m\libc.a(lib_a-atexit.o)
 .ARM.attributes
                0x00000683       0x2d c:/program files (x86)/atmel/atmel toolchain/arm gcc/native/4.7.3.1029/arm-gnu-toolchain/bin/../lib/gcc/arm-none-eabi/4.7.3/../../../../arm-none-eabi/lib/armv7-m\libc.a(lib_a-fflush.o)
 .ARM.attributes
                0x000006b0       0x2d c:/program files (x86)/atmel/atmel toolchain/arm gcc/native/4.7.3.1029/arm-gnu-toolchain/bin/../lib/gcc/arm-none-eabi/4.7.3/../../../../arm-none-eabi/lib/armv7-m\libc.a(lib_a-findfp.o)
 .ARM.attributes
                0x000006dd       0x2d c:/program files (x86)/atmel/atmel toolchain/arm gcc/native/4.7.3.1029/arm-gnu-toolchain/bin/../lib/gcc/arm-none-eabi/4.7.3/../../../../arm-none-eabi/lib/armv7-m\libc.a(lib_a-freer.o)
 .ARM.attributes
                0x0000070a       0x2d c:/program files (x86)/atmel/atmel toolchain/arm gcc/native/4.7.3.1029/arm-gnu-toolchain/bin/../lib/gcc/arm-none-eabi/4.7.3/../../../../arm-none-eabi/lib/armv7-m\libc.a(lib_a-fwalk.o)
 .ARM.attributes
                0x00000737       0x2d c:/program files (x86)/atmel/atmel toolchain/arm gcc/native/4.7.3.1029/arm-gnu-toolchain/bin/../lib/gcc/arm-none-eabi/4.7.3/../../../../arm-none-eabi/lib/armv7-m\libc.a(lib_a-makebuf.o)
 .ARM.attributes
                0x00000764       0x2d c:/program files (x86)/atmel/atmel toolchain/arm gcc/native/4.7.3.1029/arm-gnu-toolchain/bin/../lib/gcc/arm-none-eabi/4.7.3/../../../../arm-none-eabi/lib/armv7-m\libc.a(lib_a-malloc.o)
 .ARM.attributes
                0x00000791       0x2d c:/program files (x86)/atmel/atmel toolchain/arm gcc/native/4.7.3.1029/arm-gnu-toolchain/bin/../lib/gcc/arm-none-eabi/4.7.3/../../../../arm-none-eabi/lib/armv7-m\libc.a(lib_a-mallocr.o)
 .ARM.attributes
                0x000007be       0x2d c:/program files (x86)/atmel/atmel toolchain/arm gcc/native/4.7.3.1029/arm-gnu-toolchain/bin/../lib/gcc/arm-none-eabi/4.7.3/../../../../arm-none-eabi/lib/armv7-m\libc.a(lib_a-mlock.o)
 .ARM.attributes
                0x000007eb       0x2d c:/program files (x86)/atmel/atmel toolchain/arm gcc/native/4.7.3.1029/arm-gnu-toolchain/bin/../lib/gcc/arm-none-eabi/4.7.3/../../../../arm-none-eabi/lib/armv7-m\libc.a(lib_a-sbrkr.o)
 .ARM.attributes
                0x00000818       0x2d c:/program files (x86)/atmel/atmel toolchain/arm gcc/native/4.7.3.1029/arm-gnu-toolchain/bin/../lib/gcc/arm-none-eabi/4.7.3/../../../../arm-none-eabi/lib/armv7-m\libc.a(lib_a-stdio.o)
 .ARM.attributes
                0x00000845       0x2d c:/program files (x86)/atmel/atmel toolchain/arm gcc/native/4.7.3.1029/arm-gnu-toolchain/bin/../lib/gcc/arm-none-eabi/4.7.3/../../../../arm-none-eabi/lib/armv7-m\libc.a(lib_a-writer.o)
 .ARM.attributes
                0x00000872       0x2d c:/program files (x86)/atmel/atmel toolchain/arm gcc/native/4.7.3.1029/arm-gnu-toolchain/bin/../lib/gcc/arm-none-eabi/4.7.3/../../../../arm-none-eabi/lib/armv7-m\libc.a(lib_a-closer.o)
 .ARM.attributes
                0x0000089f       0x2d c:/program files (x86)/atmel/atmel toolchain/arm gcc/native/4.7.3.1029/arm-gnu-toolchain/bin/../lib/gcc/arm-none-eabi/4.7.3/../../../../arm-none-eabi/lib/armv7-m\libc.a(lib_a-fclose.o)
 .ARM.attributes
                0x000008cc       0x2d c:/program files (x86)/atmel/atmel toolchain/arm gcc/native/4.7.3.1029/arm-gnu-toolchain/bin/../lib/gcc/arm-none-eabi/4.7.3/../../../../arm-none-eabi/lib/armv7-m\libc.a(lib_a-fstatr.o)
 .ARM.attributes
                0x000008f9       0x2d c:/program files (x86)/atmel/atmel toolchain/arm gcc/native/4.7.3.1029/arm-gnu-toolchain/bin/../lib/gcc/arm-none-eabi/4.7.3/../../../../arm-none-eabi/lib/armv7-m\libc.a(lib_a-isattyr.o)
 .ARM.attributes
                0x00000926       0x2d c:/program files (x86)/atmel/atmel toolchain/arm gcc/native/4.7.3.1029/arm-gnu-toolchain/bin/../lib/gcc/arm-none-eabi/4.7.3/../../../../arm-none-eabi/lib/armv7-m\libc.a(lib_a-lseekr.o)
 .ARM.attributes
                0x00000953       0x2d c:/program files (x86)/atmel/atmel toolchain/arm gcc/native/4.7.3.1029/arm-gnu-toolchain/bin/../lib/gcc/arm-none-eabi/4.7.3/../../../../arm-none-eabi/lib/armv7-m\libc.a(lib_a-readr.o)
 .ARM.attributes
                0x00000980       0x2d c:/program files (x86)/atmel/atmel toolchain/arm gcc/native/4.7.3.1029/arm-gnu-toolchain/bin/../lib/gcc/arm-none-eabi/4.7.3/../../../../arm-none-eabi/lib/armv7-m\libc.a(lib_a-reent.o)
 .ARM.attributes
                0x000009ad       0x2d c:/program files (x86)/atmel/atmel toolchain/arm gcc/native/4.7.3.1029/arm-gnu-toolchain/bin/../lib/gcc/arm-none-eabi/4.7.3/armv7-m/crtend.o
 .ARM.attributes
                0x000009da       0x1d c:/program files (x86)/atmel/atmel toolchain/arm gcc/native/4.7.3.1029/arm-gnu-toolchain/bin/../lib/gcc/arm-none-eabi/4.7.3/armv7-m/crtn.o

.comment        0x00000000       0x71
 .comment       0x00000000       0x71 c:/program files (x86)/atmel/atmel toolchain/arm gcc/native/4.7.3.1029/arm-gnu-toolchain/bin/../lib/gcc/arm-none-eabi/4.7.3/armv7-m/crtbegin.o
                                 0x72 (size before relaxing)
 .comment       0x00000000       0x72 src/ASF/sam/drivers/adc/adc.o
 .comment       0x00000000       0x72 src/ASF/sam/drivers/tc/tc.o
 .comment       0x00000000       0x72 src/Delay.o
 .comment       0x00000000       0x72 src/LCDShield.o
 .comment       0x00000000       0x72 src/ASF/common/services/clock/sam3x/sysclk.o
 .comment       0x00000000       0x72 src/ASF/common/utils/stdio/read.o
 .comment       0x00000000       0x72 src/ASF/common/utils/stdio/write.o
 .comment       0x00000000       0x72 src/ASF/sam/boards/arduino_due_x/init.o
 .comment       0x00000000       0x72 src/ASF/sam/drivers/pio/pio.o
 .comment       0x00000000       0x72 src/ASF/sam/drivers/pio/pio_handler.o
 .comment       0x00000000       0x72 src/ASF/sam/drivers/pmc/pmc.o
 .comment       0x00000000       0x72 src/ASF/sam/drivers/uart/uart.o
 .comment       0x00000000       0x72 src/ASF/sam/drivers/usart/usart.o
 .comment       0x00000000       0x72 src/ASF/sam/utils/cmsis/sam3x/source/templates/exceptions.o
 .comment       0x00000000       0x72 src/ASF/sam/utils/cmsis/sam3x/source/templates/gcc/startup_sam3x.o
 .comment       0x00000000       0x72 src/ASF/sam/utils/cmsis/sam3x/source/templates/system_sam3x.o
 .comment       0x00000000       0x72 src/ASF/sam/utils/syscalls/gcc/syscalls.o
 .comment       0x00000000       0x72 src/myADC.o
 .comment       0x00000000       0x72 test/testmyADC.o
 .comment       0x00000000       0x72 test/testmyADC_Runner.o
 .comment       0x00000000       0x72 test/unity.o
 .comment       0x00000000       0x72 c:/program files (x86)/atmel/atmel toolchain/arm gcc/native/4.7.3.1029/arm-gnu-toolchain/bin/../lib/gcc/arm-none-eabi/4.7.3/../../../../arm-none-eabi/lib/armv7-m\libc.a(lib_a-__atexit.o)
 .comment       0x00000000       0x72 c:/program files (x86)/atmel/atmel toolchain/arm gcc/native/4.7.3.1029/arm-gnu-toolchain/bin/../lib/gcc/arm-none-eabi/4.7.3/../../../../arm-none-eabi/lib/armv7-m\libc.a(lib_a-fini.o)
 .comment       0x00000000       0x72 c:/program files (x86)/atmel/atmel toolchain/arm gcc/native/4.7.3.1029/arm-gnu-toolchain/bin/../lib/gcc/arm-none-eabi/4.7.3/../../../../arm-none-eabi/lib/armv7-m\libc.a(lib_a-impure.o)
 .comment       0x00000000       0x72 c:/program files (x86)/atmel/atmel toolchain/arm gcc/native/4.7.3.1029/arm-gnu-toolchain/bin/../lib/gcc/arm-none-eabi/4.7.3/../../../../arm-none-eabi/lib/armv7-m\libc.a(lib_a-init.o)
 .comment       0x00000000       0x72 c:/program files (x86)/atmel/atmel toolchain/arm gcc/native/4.7.3.1029/arm-gnu-toolchain/bin/../lib/gcc/arm-none-eabi/4.7.3/../../../../arm-none-eabi/lib/armv7-m\libc.a(lib_a-memset.o)
 .comment       0x00000000       0x72 c:/program files (x86)/atmel/atmel toolchain/arm gcc/native/4.7.3.1029/arm-gnu-toolchain/bin/../lib/gcc/arm-none-eabi/4.7.3/../../../../arm-none-eabi/lib/armv7-m\libc.a(lib_a-setbuf.o)
 .comment       0x00000000       0x72 c:/program files (x86)/atmel/atmel toolchain/arm gcc/native/4.7.3.1029/arm-gnu-toolchain/bin/../lib/gcc/arm-none-eabi/4.7.3/../../../../arm-none-eabi/lib/armv7-m\libc.a(lib_a-setvbuf.o)
 .comment       0x00000000       0x72 c:/program files (x86)/atmel/atmel toolchain/arm gcc/native/4.7.3.1029/arm-gnu-toolchain/bin/../lib/gcc/arm-none-eabi/4.7.3/../../../../arm-none-eabi/lib/armv7-m\libc.a(lib_a-wbuf.o)
 .comment       0x00000000       0x72 c:/program files (x86)/atmel/atmel toolchain/arm gcc/native/4.7.3.1029/arm-gnu-toolchain/bin/../lib/gcc/arm-none-eabi/4.7.3/../../../../arm-none-eabi/lib/armv7-m\libc.a(lib_a-wsetup.o)
 .comment       0x00000000       0x72 c:/program files (x86)/atmel/atmel toolchain/arm gcc/native/4.7.3.1029/arm-gnu-toolchain/bin/../lib/gcc/arm-none-eabi/4.7.3/../../../../arm-none-eabi/lib/armv7-m\libc.a(lib_a-__call_atexit.o)
 .comment       0x00000000       0x72 c:/program files (x86)/atmel/atmel toolchain/arm gcc/native/4.7.3.1029/arm-gnu-toolchain/bin/../lib/gcc/arm-none-eabi/4.7.3/../../../../arm-none-eabi/lib/armv7-m\libc.a(lib_a-atexit.o)
 .comment       0x00000000       0x72 c:/program files (x86)/atmel/atmel toolchain/arm gcc/native/4.7.3.1029/arm-gnu-toolchain/bin/../lib/gcc/arm-none-eabi/4.7.3/../../../../arm-none-eabi/lib/armv7-m\libc.a(lib_a-fflush.o)
 .comment       0x00000000       0x72 c:/program files (x86)/atmel/atmel toolchain/arm gcc/native/4.7.3.1029/arm-gnu-toolchain/bin/../lib/gcc/arm-none-eabi/4.7.3/../../../../arm-none-eabi/lib/armv7-m\libc.a(lib_a-findfp.o)
 .comment       0x00000000       0x72 c:/program files (x86)/atmel/atmel toolchain/arm gcc/native/4.7.3.1029/arm-gnu-toolchain/bin/../lib/gcc/arm-none-eabi/4.7.3/../../../../arm-none-eabi/lib/armv7-m\libc.a(lib_a-freer.o)
 .comment       0x00000000       0x72 c:/program files (x86)/atmel/atmel toolchain/arm gcc/native/4.7.3.1029/arm-gnu-toolchain/bin/../lib/gcc/arm-none-eabi/4.7.3/../../../../arm-none-eabi/lib/armv7-m\libc.a(lib_a-fwalk.o)
 .comment       0x00000000       0x72 c:/program files (x86)/atmel/atmel toolchain/arm gcc/native/4.7.3.1029/arm-gnu-toolchain/bin/../lib/gcc/arm-none-eabi/4.7.3/../../../../arm-none-eabi/lib/armv7-m\libc.a(lib_a-makebuf.o)
 .comment       0x00000000       0x72 c:/program files (x86)/atmel/atmel toolchain/arm gcc/native/4.7.3.1029/arm-gnu-toolchain/bin/../lib/gcc/arm-none-eabi/4.7.3/../../../../arm-none-eabi/lib/armv7-m\libc.a(lib_a-malloc.o)
 .comment       0x00000000       0x72 c:/program files (x86)/atmel/atmel toolchain/arm gcc/native/4.7.3.1029/arm-gnu-toolchain/bin/../lib/gcc/arm-none-eabi/4.7.3/../../../../arm-none-eabi/lib/armv7-m\libc.a(lib_a-mallocr.o)
 .comment       0x00000000       0x72 c:/program files (x86)/atmel/atmel toolchain/arm gcc/native/4.7.3.1029/arm-gnu-toolchain/bin/../lib/gcc/arm-none-eabi/4.7.3/../../../../arm-none-eabi/lib/armv7-m\libc.a(lib_a-mlock.o)
 .comment       0x00000000       0x72 c:/program files (x86)/atmel/atmel toolchain/arm gcc/native/4.7.3.1029/arm-gnu-toolchain/bin/../lib/gcc/arm-none-eabi/4.7.3/../../../../arm-none-eabi/lib/armv7-m\libc.a(lib_a-sbrkr.o)
 .comment       0x00000000       0x72 c:/program files (x86)/atmel/atmel toolchain/arm gcc/native/4.7.3.1029/arm-gnu-toolchain/bin/../lib/gcc/arm-none-eabi/4.7.3/../../../../arm-none-eabi/lib/armv7-m\libc.a(lib_a-stdio.o)
 .comment       0x00000000       0x72 c:/program files (x86)/atmel/atmel toolchain/arm gcc/native/4.7.3.1029/arm-gnu-toolchain/bin/../lib/gcc/arm-none-eabi/4.7.3/../../../../arm-none-eabi/lib/armv7-m\libc.a(lib_a-writer.o)
 .comment       0x00000000       0x72 c:/program files (x86)/atmel/atmel toolchain/arm gcc/native/4.7.3.1029/arm-gnu-toolchain/bin/../lib/gcc/arm-none-eabi/4.7.3/../../../../arm-none-eabi/lib/armv7-m\libc.a(lib_a-closer.o)
 .comment       0x00000000       0x72 c:/program files (x86)/atmel/atmel toolchain/arm gcc/native/4.7.3.1029/arm-gnu-toolchain/bin/../lib/gcc/arm-none-eabi/4.7.3/../../../../arm-none-eabi/lib/armv7-m\libc.a(lib_a-fclose.o)
 .comment       0x00000000       0x72 c:/program files (x86)/atmel/atmel toolchain/arm gcc/native/4.7.3.1029/arm-gnu-toolchain/bin/../lib/gcc/arm-none-eabi/4.7.3/../../../../arm-none-eabi/lib/armv7-m\libc.a(lib_a-fstatr.o)
 .comment       0x00000000       0x72 c:/program files (x86)/atmel/atmel toolchain/arm gcc/native/4.7.3.1029/arm-gnu-toolchain/bin/../lib/gcc/arm-none-eabi/4.7.3/../../../../arm-none-eabi/lib/armv7-m\libc.a(lib_a-isattyr.o)
 .comment       0x00000000       0x72 c:/program files (x86)/atmel/atmel toolchain/arm gcc/native/4.7.3.1029/arm-gnu-toolchain/bin/../lib/gcc/arm-none-eabi/4.7.3/../../../../arm-none-eabi/lib/armv7-m\libc.a(lib_a-lseekr.o)
 .comment       0x00000000       0x72 c:/program files (x86)/atmel/atmel toolchain/arm gcc/native/4.7.3.1029/arm-gnu-toolchain/bin/../lib/gcc/arm-none-eabi/4.7.3/../../../../arm-none-eabi/lib/armv7-m\libc.a(lib_a-readr.o)
 .comment       0x00000000       0x72 c:/program files (x86)/atmel/atmel toolchain/arm gcc/native/4.7.3.1029/arm-gnu-toolchain/bin/../lib/gcc/arm-none-eabi/4.7.3/../../../../arm-none-eabi/lib/armv7-m\libc.a(lib_a-reent.o)
 .comment       0x00000000       0x72 c:/program files (x86)/atmel/atmel toolchain/arm gcc/native/4.7.3.1029/arm-gnu-toolchain/bin/../lib/gcc/arm-none-eabi/4.7.3/armv7-m/crtend.o

.debug_info     0x00000000    0x22920
 .debug_info    0x00000000     0x1114 src/ASF/sam/drivers/adc/adc.o
 .debug_info    0x00001114      0x932 src/ASF/sam/drivers/tc/tc.o
 .debug_info    0x00001a46      0xce2 src/Delay.o
 .debug_info    0x00002728     0x21d8 src/LCDShield.o
 .debug_info    0x00004900      0x74e src/ASF/common/services/clock/sam3x/sysclk.o
 .debug_info    0x0000504e      0x1d8 src/ASF/common/utils/stdio/read.o
 .debug_info    0x00005226      0x1aa src/ASF/common/utils/stdio/write.o
 .debug_info    0x000053d0      0x729 src/ASF/sam/boards/arduino_due_x/init.o
 .debug_info    0x00005af9     0x11ab src/ASF/sam/drivers/pio/pio.o
 .debug_info    0x00006ca4      0xdc8 src/ASF/sam/drivers/pio/pio_handler.o
 .debug_info    0x00007a6c     0x101b src/ASF/sam/drivers/pmc/pmc.o
 .debug_info    0x00008a87      0x802 src/ASF/sam/drivers/uart/uart.o
 .debug_info    0x00009289     0x1b26 src/ASF/sam/drivers/usart/usart.o
 .debug_info    0x0000adaf       0xae src/ASF/sam/utils/cmsis/sam3x/source/templates/exceptions.o
 .debug_info    0x0000ae5d      0x344 src/ASF/sam/utils/cmsis/sam3x/source/templates/gcc/startup_sam3x.o
 .debug_info    0x0000b1a1      0x462 src/ASF/sam/utils/cmsis/sam3x/source/templates/system_sam3x.o
 .debug_info    0x0000b603      0x427 src/ASF/sam/utils/syscalls/gcc/syscalls.o
 .debug_info    0x0000ba2a      0xef5 src/myADC.o
 .debug_info    0x0000c91f      0xe78 test/testmyADC.o
 .debug_info    0x0000d797     0x14d5 test/testmyADC_Runner.o
 .debug_info    0x0000ec6c     0x28d5 test/unity.o
 .debug_info    0x00011541      0xa15 c:/program files (x86)/atmel/atmel toolchain/arm gcc/native/4.7.3.1029/arm-gnu-toolchain/bin/../lib/gcc/arm-none-eabi/4.7.3/../../../../arm-none-eabi/lib/armv7-m\libc.a(lib_a-__atexit.o)
 .debug_info    0x00011f56       0xf7 c:/program files (x86)/atmel/atmel toolchain/arm gcc/native/4.7.3.1029/arm-gnu-toolchain/bin/../lib/gcc/arm-none-eabi/4.7.3/../../../../arm-none-eabi/lib/armv7-m\libc.a(lib_a-fini.o)
 .debug_info    0x0001204d      0x961 c:/program files (x86)/atmel/atmel toolchain/arm gcc/native/4.7.3.1029/arm-gnu-toolchain/bin/../lib/gcc/arm-none-eabi/4.7.3/../../../../arm-none-eabi/lib/armv7-m\libc.a(lib_a-impure.o)
 .debug_info    0x000129ae      0x110 c:/program files (x86)/atmel/atmel toolchain/arm gcc/native/4.7.3.1029/arm-gnu-toolchain/bin/../lib/gcc/arm-none-eabi/4.7.3/../../../../arm-none-eabi/lib/armv7-m\libc.a(lib_a-init.o)
 .debug_info    0x00012abe       0xd3 c:/program files (x86)/atmel/atmel toolchain/arm gcc/native/4.7.3.1029/arm-gnu-toolchain/bin/../lib/gcc/arm-none-eabi/4.7.3/../../../../arm-none-eabi/lib/armv7-m\libc.a(lib_a-memset.o)
 .debug_info    0x00012b91      0x9d7 c:/program files (x86)/atmel/atmel toolchain/arm gcc/native/4.7.3.1029/arm-gnu-toolchain/bin/../lib/gcc/arm-none-eabi/4.7.3/../../../../arm-none-eabi/lib/armv7-m\libc.a(lib_a-setbuf.o)
 .debug_info    0x00013568      0x11a c:/program files (x86)/atmel/atmel toolchain/arm gcc/native/4.7.3.1029/arm-gnu-toolchain/bin/../lib/gcc/arm-none-eabi/4.7.3/../../../../arm-none-eabi/lib/armv7-m\libc.a(lib_a-setjmp.o)
 .debug_info    0x00013682      0xa79 c:/program files (x86)/atmel/atmel toolchain/arm gcc/native/4.7.3.1029/arm-gnu-toolchain/bin/../lib/gcc/arm-none-eabi/4.7.3/../../../../arm-none-eabi/lib/armv7-m\libc.a(lib_a-setvbuf.o)
 .debug_info    0x000140fb      0xaa2 c:/program files (x86)/atmel/atmel toolchain/arm gcc/native/4.7.3.1029/arm-gnu-toolchain/bin/../lib/gcc/arm-none-eabi/4.7.3/../../../../arm-none-eabi/lib/armv7-m\libc.a(lib_a-wbuf.o)
 .debug_info    0x00014b9d      0xa01 c:/program files (x86)/atmel/atmel toolchain/arm gcc/native/4.7.3.1029/arm-gnu-toolchain/bin/../lib/gcc/arm-none-eabi/4.7.3/../../../../arm-none-eabi/lib/armv7-m\libc.a(lib_a-wsetup.o)
 .debug_info    0x0001559e      0xa7c c:/program files (x86)/atmel/atmel toolchain/arm gcc/native/4.7.3.1029/arm-gnu-toolchain/bin/../lib/gcc/arm-none-eabi/4.7.3/../../../../arm-none-eabi/lib/armv7-m\libc.a(lib_a-__call_atexit.o)
 .debug_info    0x0001601a      0x10f c:/program files (x86)/atmel/atmel toolchain/arm gcc/native/4.7.3.1029/arm-gnu-toolchain/bin/../lib/gcc/arm-none-eabi/4.7.3/../../../../arm-none-eabi/lib/armv7-m\libc.a(lib_a-atexit.o)
 .debug_info    0x00016129      0xb2b c:/program files (x86)/atmel/atmel toolchain/arm gcc/native/4.7.3.1029/arm-gnu-toolchain/bin/../lib/gcc/arm-none-eabi/4.7.3/../../../../arm-none-eabi/lib/armv7-m\libc.a(lib_a-fflush.o)
 .debug_info    0x00016c54      0xdbc c:/program files (x86)/atmel/atmel toolchain/arm gcc/native/4.7.3.1029/arm-gnu-toolchain/bin/../lib/gcc/arm-none-eabi/4.7.3/../../../../arm-none-eabi/lib/armv7-m\libc.a(lib_a-findfp.o)
 .debug_info    0x00017a10      0xd0f c:/program files (x86)/atmel/atmel toolchain/arm gcc/native/4.7.3.1029/arm-gnu-toolchain/bin/../lib/gcc/arm-none-eabi/4.7.3/../../../../arm-none-eabi/lib/armv7-m\libc.a(lib_a-freer.o)
 .debug_info    0x0001871f      0xb9d c:/program files (x86)/atmel/atmel toolchain/arm gcc/native/4.7.3.1029/arm-gnu-toolchain/bin/../lib/gcc/arm-none-eabi/4.7.3/../../../../arm-none-eabi/lib/armv7-m\libc.a(lib_a-fwalk.o)
 .debug_info    0x000192bc      0xbea c:/program files (x86)/atmel/atmel toolchain/arm gcc/native/4.7.3.1029/arm-gnu-toolchain/bin/../lib/gcc/arm-none-eabi/4.7.3/../../../../arm-none-eabi/lib/armv7-m\libc.a(lib_a-makebuf.o)
 .debug_info    0x00019ea6      0x9f2 c:/program files (x86)/atmel/atmel toolchain/arm gcc/native/4.7.3.1029/arm-gnu-toolchain/bin/../lib/gcc/arm-none-eabi/4.7.3/../../../../arm-none-eabi/lib/armv7-m\libc.a(lib_a-malloc.o)
 .debug_info    0x0001a898      0xe25 c:/program files (x86)/atmel/atmel toolchain/arm gcc/native/4.7.3.1029/arm-gnu-toolchain/bin/../lib/gcc/arm-none-eabi/4.7.3/../../../../arm-none-eabi/lib/armv7-m\libc.a(lib_a-mallocr.o)
 .debug_info    0x0001b6bd      0x985 c:/program files (x86)/atmel/atmel toolchain/arm gcc/native/4.7.3.1029/arm-gnu-toolchain/bin/../lib/gcc/arm-none-eabi/4.7.3/../../../../arm-none-eabi/lib/armv7-m\libc.a(lib_a-mlock.o)
 .debug_info    0x0001c042      0x9cc c:/program files (x86)/atmel/atmel toolchain/arm gcc/native/4.7.3.1029/arm-gnu-toolchain/bin/../lib/gcc/arm-none-eabi/4.7.3/../../../../arm-none-eabi/lib/armv7-m\libc.a(lib_a-sbrkr.o)
 .debug_info    0x0001ca0e      0xc7b c:/program files (x86)/atmel/atmel toolchain/arm gcc/native/4.7.3.1029/arm-gnu-toolchain/bin/../lib/gcc/arm-none-eabi/4.7.3/../../../../arm-none-eabi/lib/armv7-m\libc.a(lib_a-stdio.o)
 .debug_info    0x0001d689      0x9ff c:/program files (x86)/atmel/atmel toolchain/arm gcc/native/4.7.3.1029/arm-gnu-toolchain/bin/../lib/gcc/arm-none-eabi/4.7.3/../../../../arm-none-eabi/lib/armv7-m\libc.a(lib_a-writer.o)
 .debug_info    0x0001e088      0x9b6 c:/program files (x86)/atmel/atmel toolchain/arm gcc/native/4.7.3.1029/arm-gnu-toolchain/bin/../lib/gcc/arm-none-eabi/4.7.3/../../../../arm-none-eabi/lib/armv7-m\libc.a(lib_a-closer.o)
 .debug_info    0x0001ea3e      0xac3 c:/program files (x86)/atmel/atmel toolchain/arm gcc/native/4.7.3.1029/arm-gnu-toolchain/bin/../lib/gcc/arm-none-eabi/4.7.3/../../../../arm-none-eabi/lib/armv7-m\libc.a(lib_a-fclose.o)
 .debug_info    0x0001f501      0xb61 c:/program files (x86)/atmel/atmel toolchain/arm gcc/native/4.7.3.1029/arm-gnu-toolchain/bin/../lib/gcc/arm-none-eabi/4.7.3/../../../../arm-none-eabi/lib/armv7-m\libc.a(lib_a-fstatr.o)
 .debug_info    0x00020062      0x9b6 c:/program files (x86)/atmel/atmel toolchain/arm gcc/native/4.7.3.1029/arm-gnu-toolchain/bin/../lib/gcc/arm-none-eabi/4.7.3/../../../../arm-none-eabi/lib/armv7-m\libc.a(lib_a-isattyr.o)
 .debug_info    0x00020a18      0x9ed c:/program files (x86)/atmel/atmel toolchain/arm gcc/native/4.7.3.1029/arm-gnu-toolchain/bin/../lib/gcc/arm-none-eabi/4.7.3/../../../../arm-none-eabi/lib/armv7-m\libc.a(lib_a-lseekr.o)
 .debug_info    0x00021405      0x9f8 c:/program files (x86)/atmel/atmel toolchain/arm gcc/native/4.7.3.1029/arm-gnu-toolchain/bin/../lib/gcc/arm-none-eabi/4.7.3/../../../../arm-none-eabi/lib/armv7-m\libc.a(lib_a-readr.o)
 .debug_info    0x00021dfd      0xb23 c:/program files (x86)/atmel/atmel toolchain/arm gcc/native/4.7.3.1029/arm-gnu-toolchain/bin/../lib/gcc/arm-none-eabi/4.7.3/../../../../arm-none-eabi/lib/armv7-m\libc.a(lib_a-reent.o)

.debug_abbrev   0x00000000     0x5df6
 .debug_abbrev  0x00000000      0x235 src/ASF/sam/drivers/adc/adc.o
 .debug_abbrev  0x00000235      0x1bb src/ASF/sam/drivers/tc/tc.o
 .debug_abbrev  0x000003f0      0x1de src/Delay.o
 .debug_abbrev  0x000005ce      0x327 src/LCDShield.o
 .debug_abbrev  0x000008f5      0x227 src/ASF/common/services/clock/sam3x/sysclk.o
 .debug_abbrev  0x00000b1c      0x10c src/ASF/common/utils/stdio/read.o
 .debug_abbrev  0x00000c28       0xf5 src/ASF/common/utils/stdio/write.o
 .debug_abbrev  0x00000d1d      0x16f src/ASF/sam/boards/arduino_due_x/init.o
 .debug_abbrev  0x00000e8c      0x214 src/ASF/sam/drivers/pio/pio.o
 .debug_abbrev  0x000010a0      0x266 src/ASF/sam/drivers/pio/pio_handler.o
 .debug_abbrev  0x00001306      0x246 src/ASF/sam/drivers/pmc/pmc.o
 .debug_abbrev  0x0000154c      0x1a3 src/ASF/sam/drivers/uart/uart.o
 .debug_abbrev  0x000016ef      0x2b1 src/ASF/sam/drivers/usart/usart.o
 .debug_abbrev  0x000019a0       0x6c src/ASF/sam/utils/cmsis/sam3x/source/templates/exceptions.o
 .debug_abbrev  0x00001a0c      0x107 src/ASF/sam/utils/cmsis/sam3x/source/templates/gcc/startup_sam3x.o
 .debug_abbrev  0x00001b13       0xf5 src/ASF/sam/utils/cmsis/sam3x/source/templates/system_sam3x.o
 .debug_abbrev  0x00001c08      0x141 src/ASF/sam/utils/syscalls/gcc/syscalls.o
 .debug_abbrev  0x00001d49      0x244 src/myADC.o
 .debug_abbrev  0x00001f8d      0x23c test/testmyADC.o
 .debug_abbrev  0x000021c9      0x373 test/testmyADC_Runner.o
 .debug_abbrev  0x0000253c      0x316 test/unity.o
 .debug_abbrev  0x00002852      0x1fe c:/program files (x86)/atmel/atmel toolchain/arm gcc/native/4.7.3.1029/arm-gnu-toolchain/bin/../lib/gcc/arm-none-eabi/4.7.3/../../../../arm-none-eabi/lib/armv7-m\libc.a(lib_a-__atexit.o)
 .debug_abbrev  0x00002a50       0xbb c:/program files (x86)/atmel/atmel toolchain/arm gcc/native/4.7.3.1029/arm-gnu-toolchain/bin/../lib/gcc/arm-none-eabi/4.7.3/../../../../arm-none-eabi/lib/armv7-m\libc.a(lib_a-fini.o)
 .debug_abbrev  0x00002b0b      0x160 c:/program files (x86)/atmel/atmel toolchain/arm gcc/native/4.7.3.1029/arm-gnu-toolchain/bin/../lib/gcc/arm-none-eabi/4.7.3/../../../../arm-none-eabi/lib/armv7-m\libc.a(lib_a-impure.o)
 .debug_abbrev  0x00002c6b       0xb8 c:/program files (x86)/atmel/atmel toolchain/arm gcc/native/4.7.3.1029/arm-gnu-toolchain/bin/../lib/gcc/arm-none-eabi/4.7.3/../../../../arm-none-eabi/lib/armv7-m\libc.a(lib_a-init.o)
 .debug_abbrev  0x00002d23       0x8c c:/program files (x86)/atmel/atmel toolchain/arm gcc/native/4.7.3.1029/arm-gnu-toolchain/bin/../lib/gcc/arm-none-eabi/4.7.3/../../../../arm-none-eabi/lib/armv7-m\libc.a(lib_a-memset.o)
 .debug_abbrev  0x00002daf      0x19c c:/program files (x86)/atmel/atmel toolchain/arm gcc/native/4.7.3.1029/arm-gnu-toolchain/bin/../lib/gcc/arm-none-eabi/4.7.3/../../../../arm-none-eabi/lib/armv7-m\libc.a(lib_a-setbuf.o)
 .debug_abbrev  0x00002f4b       0x14 c:/program files (x86)/atmel/atmel toolchain/arm gcc/native/4.7.3.1029/arm-gnu-toolchain/bin/../lib/gcc/arm-none-eabi/4.7.3/../../../../arm-none-eabi/lib/armv7-m\libc.a(lib_a-setjmp.o)
 .debug_abbrev  0x00002f5f      0x217 c:/program files (x86)/atmel/atmel toolchain/arm gcc/native/4.7.3.1029/arm-gnu-toolchain/bin/../lib/gcc/arm-none-eabi/4.7.3/../../../../arm-none-eabi/lib/armv7-m\libc.a(lib_a-setvbuf.o)
 .debug_abbrev  0x00003176      0x21a c:/program files (x86)/atmel/atmel toolchain/arm gcc/native/4.7.3.1029/arm-gnu-toolchain/bin/../lib/gcc/arm-none-eabi/4.7.3/../../../../arm-none-eabi/lib/armv7-m\libc.a(lib_a-wbuf.o)
 .debug_abbrev  0x00003390      0x1d5 c:/program files (x86)/atmel/atmel toolchain/arm gcc/native/4.7.3.1029/arm-gnu-toolchain/bin/../lib/gcc/arm-none-eabi/4.7.3/../../../../arm-none-eabi/lib/armv7-m\libc.a(lib_a-wsetup.o)
 .debug_abbrev  0x00003565      0x265 c:/program files (x86)/atmel/atmel toolchain/arm gcc/native/4.7.3.1029/arm-gnu-toolchain/bin/../lib/gcc/arm-none-eabi/4.7.3/../../../../arm-none-eabi/lib/armv7-m\libc.a(lib_a-__call_atexit.o)
 .debug_abbrev  0x000037ca       0xb6 c:/program files (x86)/atmel/atmel toolchain/arm gcc/native/4.7.3.1029/arm-gnu-toolchain/bin/../lib/gcc/arm-none-eabi/4.7.3/../../../../arm-none-eabi/lib/armv7-m\libc.a(lib_a-atexit.o)
 .debug_abbrev  0x00003880      0x25f c:/program files (x86)/atmel/atmel toolchain/arm gcc/native/4.7.3.1029/arm-gnu-toolchain/bin/../lib/gcc/arm-none-eabi/4.7.3/../../../../arm-none-eabi/lib/armv7-m\libc.a(lib_a-fflush.o)
 .debug_abbrev  0x00003adf      0x317 c:/program files (x86)/atmel/atmel toolchain/arm gcc/native/4.7.3.1029/arm-gnu-toolchain/bin/../lib/gcc/arm-none-eabi/4.7.3/../../../../arm-none-eabi/lib/armv7-m\libc.a(lib_a-findfp.o)
 .debug_abbrev  0x00003df6      0x248 c:/program files (x86)/atmel/atmel toolchain/arm gcc/native/4.7.3.1029/arm-gnu-toolchain/bin/../lib/gcc/arm-none-eabi/4.7.3/../../../../arm-none-eabi/lib/armv7-m\libc.a(lib_a-freer.o)
 .debug_abbrev  0x0000403e      0x238 c:/program files (x86)/atmel/atmel toolchain/arm gcc/native/4.7.3.1029/arm-gnu-toolchain/bin/../lib/gcc/arm-none-eabi/4.7.3/../../../../arm-none-eabi/lib/armv7-m\libc.a(lib_a-fwalk.o)
 .debug_abbrev  0x00004276      0x1e8 c:/program files (x86)/atmel/atmel toolchain/arm gcc/native/4.7.3.1029/arm-gnu-toolchain/bin/../lib/gcc/arm-none-eabi/4.7.3/../../../../arm-none-eabi/lib/armv7-m\libc.a(lib_a-makebuf.o)
 .debug_abbrev  0x0000445e      0x1da c:/program files (x86)/atmel/atmel toolchain/arm gcc/native/4.7.3.1029/arm-gnu-toolchain/bin/../lib/gcc/arm-none-eabi/4.7.3/../../../../arm-none-eabi/lib/armv7-m\libc.a(lib_a-malloc.o)
 .debug_abbrev  0x00004638      0x286 c:/program files (x86)/atmel/atmel toolchain/arm gcc/native/4.7.3.1029/arm-gnu-toolchain/bin/../lib/gcc/arm-none-eabi/4.7.3/../../../../arm-none-eabi/lib/armv7-m\libc.a(lib_a-mallocr.o)
 .debug_abbrev  0x000048be      0x17a c:/program files (x86)/atmel/atmel toolchain/arm gcc/native/4.7.3.1029/arm-gnu-toolchain/bin/../lib/gcc/arm-none-eabi/4.7.3/../../../../arm-none-eabi/lib/armv7-m\libc.a(lib_a-mlock.o)
 .debug_abbrev  0x00004a38      0x1dd c:/program files (x86)/atmel/atmel toolchain/arm gcc/native/4.7.3.1029/arm-gnu-toolchain/bin/../lib/gcc/arm-none-eabi/4.7.3/../../../../arm-none-eabi/lib/armv7-m\libc.a(lib_a-sbrkr.o)
 .debug_abbrev  0x00004c15      0x244 c:/program files (x86)/atmel/atmel toolchain/arm gcc/native/4.7.3.1029/arm-gnu-toolchain/bin/../lib/gcc/arm-none-eabi/4.7.3/../../../../arm-none-eabi/lib/armv7-m\libc.a(lib_a-stdio.o)
 .debug_abbrev  0x00004e59      0x1d4 c:/program files (x86)/atmel/atmel toolchain/arm gcc/native/4.7.3.1029/arm-gnu-toolchain/bin/../lib/gcc/arm-none-eabi/4.7.3/../../../../arm-none-eabi/lib/armv7-m\libc.a(lib_a-writer.o)
 .debug_abbrev  0x0000502d      0x1cf c:/program files (x86)/atmel/atmel toolchain/arm gcc/native/4.7.3.1029/arm-gnu-toolchain/bin/../lib/gcc/arm-none-eabi/4.7.3/../../../../arm-none-eabi/lib/armv7-m\libc.a(lib_a-closer.o)
 .debug_abbrev  0x000051fc      0x232 c:/program files (x86)/atmel/atmel toolchain/arm gcc/native/4.7.3.1029/arm-gnu-toolchain/bin/../lib/gcc/arm-none-eabi/4.7.3/../../../../arm-none-eabi/lib/armv7-m\libc.a(lib_a-fclose.o)
 .debug_abbrev  0x0000542e      0x1de c:/program files (x86)/atmel/atmel toolchain/arm gcc/native/4.7.3.1029/arm-gnu-toolchain/bin/../lib/gcc/arm-none-eabi/4.7.3/../../../../arm-none-eabi/lib/armv7-m\libc.a(lib_a-fstatr.o)
 .debug_abbrev  0x0000560c      0x1cf c:/program files (x86)/atmel/atmel toolchain/arm gcc/native/4.7.3.1029/arm-gnu-toolchain/bin/../lib/gcc/arm-none-eabi/4.7.3/../../../../arm-none-eabi/lib/armv7-m\libc.a(lib_a-isattyr.o)
 .debug_abbrev  0x000057db      0x1de c:/program files (x86)/atmel/atmel toolchain/arm gcc/native/4.7.3.1029/arm-gnu-toolchain/bin/../lib/gcc/arm-none-eabi/4.7.3/../../../../arm-none-eabi/lib/armv7-m\libc.a(lib_a-lseekr.o)
 .debug_abbrev  0x000059b9      0x1cf c:/program files (x86)/atmel/atmel toolchain/arm gcc/native/4.7.3.1029/arm-gnu-toolchain/bin/../lib/gcc/arm-none-eabi/4.7.3/../../../../arm-none-eabi/lib/armv7-m\libc.a(lib_a-readr.o)
 .debug_abbrev  0x00005b88      0x26e c:/program files (x86)/atmel/atmel toolchain/arm gcc/native/4.7.3.1029/arm-gnu-toolchain/bin/../lib/gcc/arm-none-eabi/4.7.3/../../../../arm-none-eabi/lib/armv7-m\libc.a(lib_a-reent.o)

.debug_loc      0x00000000     0x8d24
 .debug_loc     0x00000000      0x989 src/ASF/sam/drivers/adc/adc.o
 .debug_loc     0x00000989      0x717 src/ASF/sam/drivers/tc/tc.o
 .debug_loc     0x000010a0       0x6c src/Delay.o
 .debug_loc     0x0000110c      0x634 src/LCDShield.o
 .debug_loc     0x00001740      0x12d src/ASF/common/services/clock/sam3x/sysclk.o
 .debug_loc     0x0000186d       0xff src/ASF/common/utils/stdio/read.o
 .debug_loc     0x0000196c       0xcc src/ASF/common/utils/stdio/write.o
 .debug_loc     0x00001a38       0x20 src/ASF/sam/boards/arduino_due_x/init.o
 .debug_loc     0x00001a58      0x8dc src/ASF/sam/drivers/pio/pio.o
 .debug_loc     0x00002334      0x4a4 src/ASF/sam/drivers/pio/pio_handler.o
 .debug_loc     0x000027d8      0xadd src/ASF/sam/drivers/pmc/pmc.o
 .debug_loc     0x000032b5      0x2a4 src/ASF/sam/drivers/uart/uart.o
 .debug_loc     0x00003559     0x1110 src/ASF/sam/drivers/usart/usart.o
 .debug_loc     0x00004669       0x20 src/ASF/sam/utils/cmsis/sam3x/source/templates/gcc/startup_sam3x.o
 .debug_loc     0x00004689       0x6c src/ASF/sam/utils/cmsis/sam3x/source/templates/system_sam3x.o
 .debug_loc     0x000046f5      0x112 src/ASF/sam/utils/syscalls/gcc/syscalls.o
 .debug_loc     0x00004807       0x72 src/myADC.o
 .debug_loc     0x00004879       0x4c test/testmyADC.o
 .debug_loc     0x000048c5      0x216 test/testmyADC_Runner.o
 .debug_loc     0x00004adb     0x20f3 test/unity.o
 .debug_loc     0x00006bce       0xfc c:/program files (x86)/atmel/atmel toolchain/arm gcc/native/4.7.3.1029/arm-gnu-toolchain/bin/../lib/gcc/arm-none-eabi/4.7.3/../../../../arm-none-eabi/lib/armv7-m\libc.a(lib_a-__atexit.o)
 .debug_loc     0x00006cca       0x33 c:/program files (x86)/atmel/atmel toolchain/arm gcc/native/4.7.3.1029/arm-gnu-toolchain/bin/../lib/gcc/arm-none-eabi/4.7.3/../../../../arm-none-eabi/lib/armv7-m\libc.a(lib_a-fini.o)
 .debug_loc     0x00006cfd       0x4a c:/program files (x86)/atmel/atmel toolchain/arm gcc/native/4.7.3.1029/arm-gnu-toolchain/bin/../lib/gcc/arm-none-eabi/4.7.3/../../../../arm-none-eabi/lib/armv7-m\libc.a(lib_a-init.o)
 .debug_loc     0x00006d47       0x3f c:/program files (x86)/atmel/atmel toolchain/arm gcc/native/4.7.3.1029/arm-gnu-toolchain/bin/../lib/gcc/arm-none-eabi/4.7.3/../../../../arm-none-eabi/lib/armv7-m\libc.a(lib_a-memset.o)
 .debug_loc     0x00006d86       0x42 c:/program files (x86)/atmel/atmel toolchain/arm gcc/native/4.7.3.1029/arm-gnu-toolchain/bin/../lib/gcc/arm-none-eabi/4.7.3/../../../../arm-none-eabi/lib/armv7-m\libc.a(lib_a-setbuf.o)
 .debug_loc     0x00006dc8      0x174 c:/program files (x86)/atmel/atmel toolchain/arm gcc/native/4.7.3.1029/arm-gnu-toolchain/bin/../lib/gcc/arm-none-eabi/4.7.3/../../../../arm-none-eabi/lib/armv7-m\libc.a(lib_a-setvbuf.o)
 .debug_loc     0x00006f3c      0x132 c:/program files (x86)/atmel/atmel toolchain/arm gcc/native/4.7.3.1029/arm-gnu-toolchain/bin/../lib/gcc/arm-none-eabi/4.7.3/../../../../arm-none-eabi/lib/armv7-m\libc.a(lib_a-wbuf.o)
 .debug_loc     0x0000706e       0x5c c:/program files (x86)/atmel/atmel toolchain/arm gcc/native/4.7.3.1029/arm-gnu-toolchain/bin/../lib/gcc/arm-none-eabi/4.7.3/../../../../arm-none-eabi/lib/armv7-m\libc.a(lib_a-wsetup.o)
 .debug_loc     0x000070ca      0x13b c:/program files (x86)/atmel/atmel toolchain/arm gcc/native/4.7.3.1029/arm-gnu-toolchain/bin/../lib/gcc/arm-none-eabi/4.7.3/../../../../arm-none-eabi/lib/armv7-m\libc.a(lib_a-__call_atexit.o)
 .debug_loc     0x00007205       0x2c c:/program files (x86)/atmel/atmel toolchain/arm gcc/native/4.7.3.1029/arm-gnu-toolchain/bin/../lib/gcc/arm-none-eabi/4.7.3/../../../../arm-none-eabi/lib/armv7-m\libc.a(lib_a-atexit.o)
 .debug_loc     0x00007231      0x1cc c:/program files (x86)/atmel/atmel toolchain/arm gcc/native/4.7.3.1029/arm-gnu-toolchain/bin/../lib/gcc/arm-none-eabi/4.7.3/../../../../arm-none-eabi/lib/armv7-m\libc.a(lib_a-fflush.o)
 .debug_loc     0x000073fd      0x25b c:/program files (x86)/atmel/atmel toolchain/arm gcc/native/4.7.3.1029/arm-gnu-toolchain/bin/../lib/gcc/arm-none-eabi/4.7.3/../../../../arm-none-eabi/lib/armv7-m\libc.a(lib_a-findfp.o)
 .debug_loc     0x00007658      0x407 c:/program files (x86)/atmel/atmel toolchain/arm gcc/native/4.7.3.1029/arm-gnu-toolchain/bin/../lib/gcc/arm-none-eabi/4.7.3/../../../../arm-none-eabi/lib/armv7-m\libc.a(lib_a-freer.o)
 .debug_loc     0x00007a5f      0x1cf c:/program files (x86)/atmel/atmel toolchain/arm gcc/native/4.7.3.1029/arm-gnu-toolchain/bin/../lib/gcc/arm-none-eabi/4.7.3/../../../../arm-none-eabi/lib/armv7-m\libc.a(lib_a-fwalk.o)
 .debug_loc     0x00007c2e      0x10a c:/program files (x86)/atmel/atmel toolchain/arm gcc/native/4.7.3.1029/arm-gnu-toolchain/bin/../lib/gcc/arm-none-eabi/4.7.3/../../../../arm-none-eabi/lib/armv7-m\libc.a(lib_a-makebuf.o)
 .debug_loc     0x00007d38       0x58 c:/program files (x86)/atmel/atmel toolchain/arm gcc/native/4.7.3.1029/arm-gnu-toolchain/bin/../lib/gcc/arm-none-eabi/4.7.3/../../../../arm-none-eabi/lib/armv7-m\libc.a(lib_a-malloc.o)
 .debug_loc     0x00007d90      0x75e c:/program files (x86)/atmel/atmel toolchain/arm gcc/native/4.7.3.1029/arm-gnu-toolchain/bin/../lib/gcc/arm-none-eabi/4.7.3/../../../../arm-none-eabi/lib/armv7-m\libc.a(lib_a-mallocr.o)
 .debug_loc     0x000084ee       0x5f c:/program files (x86)/atmel/atmel toolchain/arm gcc/native/4.7.3.1029/arm-gnu-toolchain/bin/../lib/gcc/arm-none-eabi/4.7.3/../../../../arm-none-eabi/lib/armv7-m\libc.a(lib_a-sbrkr.o)
 .debug_loc     0x0000854d      0x23d c:/program files (x86)/atmel/atmel toolchain/arm gcc/native/4.7.3.1029/arm-gnu-toolchain/bin/../lib/gcc/arm-none-eabi/4.7.3/../../../../arm-none-eabi/lib/armv7-m\libc.a(lib_a-stdio.o)
 .debug_loc     0x0000878a       0xb7 c:/program files (x86)/atmel/atmel toolchain/arm gcc/native/4.7.3.1029/arm-gnu-toolchain/bin/../lib/gcc/arm-none-eabi/4.7.3/../../../../arm-none-eabi/lib/armv7-m\libc.a(lib_a-writer.o)
 .debug_loc     0x00008841       0x5f c:/program files (x86)/atmel/atmel toolchain/arm gcc/native/4.7.3.1029/arm-gnu-toolchain/bin/../lib/gcc/arm-none-eabi/4.7.3/../../../../arm-none-eabi/lib/armv7-m\libc.a(lib_a-closer.o)
 .debug_loc     0x000088a0       0xd2 c:/program files (x86)/atmel/atmel toolchain/arm gcc/native/4.7.3.1029/arm-gnu-toolchain/bin/../lib/gcc/arm-none-eabi/4.7.3/../../../../arm-none-eabi/lib/armv7-m\libc.a(lib_a-fclose.o)
 .debug_loc     0x00008972       0x8b c:/program files (x86)/atmel/atmel toolchain/arm gcc/native/4.7.3.1029/arm-gnu-toolchain/bin/../lib/gcc/arm-none-eabi/4.7.3/../../../../arm-none-eabi/lib/armv7-m\libc.a(lib_a-fstatr.o)
 .debug_loc     0x000089fd       0x5f c:/program files (x86)/atmel/atmel toolchain/arm gcc/native/4.7.3.1029/arm-gnu-toolchain/bin/../lib/gcc/arm-none-eabi/4.7.3/../../../../arm-none-eabi/lib/armv7-m\libc.a(lib_a-isattyr.o)
 .debug_loc     0x00008a5c       0xb7 c:/program files (x86)/atmel/atmel toolchain/arm gcc/native/4.7.3.1029/arm-gnu-toolchain/bin/../lib/gcc/arm-none-eabi/4.7.3/../../../../arm-none-eabi/lib/armv7-m\libc.a(lib_a-lseekr.o)
 .debug_loc     0x00008b13       0xb7 c:/program files (x86)/atmel/atmel toolchain/arm gcc/native/4.7.3.1029/arm-gnu-toolchain/bin/../lib/gcc/arm-none-eabi/4.7.3/../../../../arm-none-eabi/lib/armv7-m\libc.a(lib_a-readr.o)
 .debug_loc     0x00008bca      0x15a c:/program files (x86)/atmel/atmel toolchain/arm gcc/native/4.7.3.1029/arm-gnu-toolchain/bin/../lib/gcc/arm-none-eabi/4.7.3/../../../../arm-none-eabi/lib/armv7-m\libc.a(lib_a-reent.o)

.debug_aranges  0x00000000     0x10a8
 .debug_aranges
                0x00000000      0x178 src/ASF/sam/drivers/adc/adc.o
 .debug_aranges
                0x00000178       0xd0 src/ASF/sam/drivers/tc/tc.o
 .debug_aranges
                0x00000248       0x28 src/Delay.o
 .debug_aranges
                0x00000270       0x50 src/LCDShield.o
 .debug_aranges
                0x000002c0       0x40 src/ASF/common/services/clock/sam3x/sysclk.o
 .debug_aranges
                0x00000300       0x20 src/ASF/common/utils/stdio/read.o
 .debug_aranges
                0x00000320       0x20 src/ASF/common/utils/stdio/write.o
 .debug_aranges
                0x00000340       0x20 src/ASF/sam/boards/arduino_due_x/init.o
 .debug_aranges
                0x00000360      0x148 src/ASF/sam/drivers/pio/pio.o
 .debug_aranges
                0x000004a8       0x58 src/ASF/sam/drivers/pio/pio_handler.o
 .debug_aranges
                0x00000500      0x1f8 src/ASF/sam/drivers/pmc/pmc.o
 .debug_aranges
                0x000006f8       0xd8 src/ASF/sam/drivers/uart/uart.o
 .debug_aranges
                0x000007d0      0x2a8 src/ASF/sam/drivers/usart/usart.o
 .debug_aranges
                0x00000a78       0x20 src/ASF/sam/utils/cmsis/sam3x/source/templates/exceptions.o
 .debug_aranges
                0x00000a98       0x20 src/ASF/sam/utils/cmsis/sam3x/source/templates/gcc/startup_sam3x.o
 .debug_aranges
                0x00000ab8       0x30 src/ASF/sam/utils/cmsis/sam3x/source/templates/system_sam3x.o
 .debug_aranges
                0x00000ae8       0x60 src/ASF/sam/utils/syscalls/gcc/syscalls.o
 .debug_aranges
                0x00000b48       0x20 src/myADC.o
 .debug_aranges
                0x00000b68       0x38 test/testmyADC.o
 .debug_aranges
                0x00000ba0       0x38 test/testmyADC_Runner.o
 .debug_aranges
                0x00000bd8      0x110 test/unity.o
 .debug_aranges
                0x00000ce8       0x20 c:/program files (x86)/atmel/atmel toolchain/arm gcc/native/4.7.3.1029/arm-gnu-toolchain/bin/../lib/gcc/arm-none-eabi/4.7.3/../../../../arm-none-eabi/lib/armv7-m\libc.a(lib_a-__atexit.o)
 .debug_aranges
                0x00000d08       0x20 c:/program files (x86)/atmel/atmel toolchain/arm gcc/native/4.7.3.1029/arm-gnu-toolchain/bin/../lib/gcc/arm-none-eabi/4.7.3/../../../../arm-none-eabi/lib/armv7-m\libc.a(lib_a-fini.o)
 .debug_aranges
                0x00000d28       0x18 c:/program files (x86)/atmel/atmel toolchain/arm gcc/native/4.7.3.1029/arm-gnu-toolchain/bin/../lib/gcc/arm-none-eabi/4.7.3/../../../../arm-none-eabi/lib/armv7-m\libc.a(lib_a-impure.o)
 .debug_aranges
                0x00000d40       0x20 c:/program files (x86)/atmel/atmel toolchain/arm gcc/native/4.7.3.1029/arm-gnu-toolchain/bin/../lib/gcc/arm-none-eabi/4.7.3/../../../../arm-none-eabi/lib/armv7-m\libc.a(lib_a-init.o)
 .debug_aranges
                0x00000d60       0x20 c:/program files (x86)/atmel/atmel toolchain/arm gcc/native/4.7.3.1029/arm-gnu-toolchain/bin/../lib/gcc/arm-none-eabi/4.7.3/../../../../arm-none-eabi/lib/armv7-m\libc.a(lib_a-memset.o)
 .debug_aranges
                0x00000d80       0x20 c:/program files (x86)/atmel/atmel toolchain/arm gcc/native/4.7.3.1029/arm-gnu-toolchain/bin/../lib/gcc/arm-none-eabi/4.7.3/../../../../arm-none-eabi/lib/armv7-m\libc.a(lib_a-setbuf.o)
 .debug_aranges
                0x00000da0       0x20 c:/program files (x86)/atmel/atmel toolchain/arm gcc/native/4.7.3.1029/arm-gnu-toolchain/bin/../lib/gcc/arm-none-eabi/4.7.3/../../../../arm-none-eabi/lib/armv7-m\libc.a(lib_a-setjmp.o)
 .debug_aranges
                0x00000dc0       0x20 c:/program files (x86)/atmel/atmel toolchain/arm gcc/native/4.7.3.1029/arm-gnu-toolchain/bin/../lib/gcc/arm-none-eabi/4.7.3/../../../../arm-none-eabi/lib/armv7-m\libc.a(lib_a-setvbuf.o)
 .debug_aranges
                0x00000de0       0x20 c:/program files (x86)/atmel/atmel toolchain/arm gcc/native/4.7.3.1029/arm-gnu-toolchain/bin/../lib/gcc/arm-none-eabi/4.7.3/../../../../arm-none-eabi/lib/armv7-m\libc.a(lib_a-wbuf.o)
 .debug_aranges
                0x00000e00       0x20 c:/program files (x86)/atmel/atmel toolchain/arm gcc/native/4.7.3.1029/arm-gnu-toolchain/bin/../lib/gcc/arm-none-eabi/4.7.3/../../../../arm-none-eabi/lib/armv7-m\libc.a(lib_a-wsetup.o)
 .debug_aranges
                0x00000e20       0x28 c:/program files (x86)/atmel/atmel toolchain/arm gcc/native/4.7.3.1029/arm-gnu-toolchain/bin/../lib/gcc/arm-none-eabi/4.7.3/../../../../arm-none-eabi/lib/armv7-m\libc.a(lib_a-__call_atexit.o)
 .debug_aranges
                0x00000e48       0x20 c:/program files (x86)/atmel/atmel toolchain/arm gcc/native/4.7.3.1029/arm-gnu-toolchain/bin/../lib/gcc/arm-none-eabi/4.7.3/../../../../arm-none-eabi/lib/armv7-m\libc.a(lib_a-atexit.o)
 .debug_aranges
                0x00000e68       0x20 c:/program files (x86)/atmel/atmel toolchain/arm gcc/native/4.7.3.1029/arm-gnu-toolchain/bin/../lib/gcc/arm-none-eabi/4.7.3/../../../../arm-none-eabi/lib/armv7-m\libc.a(lib_a-fflush.o)
 .debug_aranges
                0x00000e88       0x20 c:/program files (x86)/atmel/atmel toolchain/arm gcc/native/4.7.3.1029/arm-gnu-toolchain/bin/../lib/gcc/arm-none-eabi/4.7.3/../../../../arm-none-eabi/lib/armv7-m\libc.a(lib_a-findfp.o)
 .debug_aranges
                0x00000ea8       0x20 c:/program files (x86)/atmel/atmel toolchain/arm gcc/native/4.7.3.1029/arm-gnu-toolchain/bin/../lib/gcc/arm-none-eabi/4.7.3/../../../../arm-none-eabi/lib/armv7-m\libc.a(lib_a-freer.o)
 .debug_aranges
                0x00000ec8       0x20 c:/program files (x86)/atmel/atmel toolchain/arm gcc/native/4.7.3.1029/arm-gnu-toolchain/bin/../lib/gcc/arm-none-eabi/4.7.3/../../../../arm-none-eabi/lib/armv7-m\libc.a(lib_a-fwalk.o)
 .debug_aranges
                0x00000ee8       0x20 c:/program files (x86)/atmel/atmel toolchain/arm gcc/native/4.7.3.1029/arm-gnu-toolchain/bin/../lib/gcc/arm-none-eabi/4.7.3/../../../../arm-none-eabi/lib/armv7-m\libc.a(lib_a-makebuf.o)
 .debug_aranges
                0x00000f08       0x20 c:/program files (x86)/atmel/atmel toolchain/arm gcc/native/4.7.3.1029/arm-gnu-toolchain/bin/../lib/gcc/arm-none-eabi/4.7.3/../../../../arm-none-eabi/lib/armv7-m\libc.a(lib_a-malloc.o)
 .debug_aranges
                0x00000f28       0x20 c:/program files (x86)/atmel/atmel toolchain/arm gcc/native/4.7.3.1029/arm-gnu-toolchain/bin/../lib/gcc/arm-none-eabi/4.7.3/../../../../arm-none-eabi/lib/armv7-m\libc.a(lib_a-mallocr.o)
 .debug_aranges
                0x00000f48       0x20 c:/program files (x86)/atmel/atmel toolchain/arm gcc/native/4.7.3.1029/arm-gnu-toolchain/bin/../lib/gcc/arm-none-eabi/4.7.3/../../../../arm-none-eabi/lib/armv7-m\libc.a(lib_a-mlock.o)
 .debug_aranges
                0x00000f68       0x20 c:/program files (x86)/atmel/atmel toolchain/arm gcc/native/4.7.3.1029/arm-gnu-toolchain/bin/../lib/gcc/arm-none-eabi/4.7.3/../../../../arm-none-eabi/lib/armv7-m\libc.a(lib_a-sbrkr.o)
 .debug_aranges
                0x00000f88       0x20 c:/program files (x86)/atmel/atmel toolchain/arm gcc/native/4.7.3.1029/arm-gnu-toolchain/bin/../lib/gcc/arm-none-eabi/4.7.3/../../../../arm-none-eabi/lib/armv7-m\libc.a(lib_a-stdio.o)
 .debug_aranges
                0x00000fa8       0x20 c:/program files (x86)/atmel/atmel toolchain/arm gcc/native/4.7.3.1029/arm-gnu-toolchain/bin/../lib/gcc/arm-none-eabi/4.7.3/../../../../arm-none-eabi/lib/armv7-m\libc.a(lib_a-writer.o)
 .debug_aranges
                0x00000fc8       0x20 c:/program files (x86)/atmel/atmel toolchain/arm gcc/native/4.7.3.1029/arm-gnu-toolchain/bin/../lib/gcc/arm-none-eabi/4.7.3/../../../../arm-none-eabi/lib/armv7-m\libc.a(lib_a-closer.o)
 .debug_aranges
                0x00000fe8       0x20 c:/program files (x86)/atmel/atmel toolchain/arm gcc/native/4.7.3.1029/arm-gnu-toolchain/bin/../lib/gcc/arm-none-eabi/4.7.3/../../../../arm-none-eabi/lib/armv7-m\libc.a(lib_a-fclose.o)
 .debug_aranges
                0x00001008       0x20 c:/program files (x86)/atmel/atmel toolchain/arm gcc/native/4.7.3.1029/arm-gnu-toolchain/bin/../lib/gcc/arm-none-eabi/4.7.3/../../../../arm-none-eabi/lib/armv7-m\libc.a(lib_a-fstatr.o)
 .debug_aranges
                0x00001028       0x20 c:/program files (x86)/atmel/atmel toolchain/arm gcc/native/4.7.3.1029/arm-gnu-toolchain/bin/../lib/gcc/arm-none-eabi/4.7.3/../../../../arm-none-eabi/lib/armv7-m\libc.a(lib_a-isattyr.o)
 .debug_aranges
                0x00001048       0x20 c:/program files (x86)/atmel/atmel toolchain/arm gcc/native/4.7.3.1029/arm-gnu-toolchain/bin/../lib/gcc/arm-none-eabi/4.7.3/../../../../arm-none-eabi/lib/armv7-m\libc.a(lib_a-lseekr.o)
 .debug_aranges
                0x00001068       0x20 c:/program files (x86)/atmel/atmel toolchain/arm gcc/native/4.7.3.1029/arm-gnu-toolchain/bin/../lib/gcc/arm-none-eabi/4.7.3/../../../../arm-none-eabi/lib/armv7-m\libc.a(lib_a-readr.o)
 .debug_aranges
                0x00001088       0x20 c:/program files (x86)/atmel/atmel toolchain/arm gcc/native/4.7.3.1029/arm-gnu-toolchain/bin/../lib/gcc/arm-none-eabi/4.7.3/../../../../arm-none-eabi/lib/armv7-m\libc.a(lib_a-reent.o)

.debug_ranges   0x00000000      0xc78
 .debug_ranges  0x00000000      0x168 src/ASF/sam/drivers/adc/adc.o
 .debug_ranges  0x00000168       0xc0 src/ASF/sam/drivers/tc/tc.o
 .debug_ranges  0x00000228       0x18 src/Delay.o
 .debug_ranges  0x00000240       0x40 src/LCDShield.o
 .debug_ranges  0x00000280       0x30 src/ASF/common/services/clock/sam3x/sysclk.o
 .debug_ranges  0x000002b0       0x10 src/ASF/common/utils/stdio/read.o
 .debug_ranges  0x000002c0       0x10 src/ASF/common/utils/stdio/write.o
 .debug_ranges  0x000002d0       0x10 src/ASF/sam/boards/arduino_due_x/init.o
 .debug_ranges  0x000002e0      0x138 src/ASF/sam/drivers/pio/pio.o
 .debug_ranges  0x00000418       0x48 src/ASF/sam/drivers/pio/pio_handler.o
 .debug_ranges  0x00000460      0x1e8 src/ASF/sam/drivers/pmc/pmc.o
 .debug_ranges  0x00000648       0xc8 src/ASF/sam/drivers/uart/uart.o
 .debug_ranges  0x00000710      0x328 src/ASF/sam/drivers/usart/usart.o
 .debug_ranges  0x00000a38       0x10 src/ASF/sam/utils/cmsis/sam3x/source/templates/exceptions.o
 .debug_ranges  0x00000a48       0x10 src/ASF/sam/utils/cmsis/sam3x/source/templates/gcc/startup_sam3x.o
 .debug_ranges  0x00000a58       0x20 src/ASF/sam/utils/cmsis/sam3x/source/templates/system_sam3x.o
 .debug_ranges  0x00000a78       0x50 src/ASF/sam/utils/syscalls/gcc/syscalls.o
 .debug_ranges  0x00000ac8       0x10 src/myADC.o
 .debug_ranges  0x00000ad8       0x28 test/testmyADC.o
 .debug_ranges  0x00000b00       0x28 test/testmyADC_Runner.o
 .debug_ranges  0x00000b28      0x100 test/unity.o
 .debug_ranges  0x00000c28       0x50 c:/program files (x86)/atmel/atmel toolchain/arm gcc/native/4.7.3.1029/arm-gnu-toolchain/bin/../lib/gcc/arm-none-eabi/4.7.3/../../../../arm-none-eabi/lib/armv7-m\libc.a(lib_a-__call_atexit.o)

.debug_macro    0x00000000    0x1880f
 .debug_macro   0x00000000      0x4b3 src/ASF/sam/drivers/adc/adc.o
 .debug_macro   0x000004b3      0x826 src/ASF/sam/drivers/adc/adc.o
 .debug_macro   0x00000cd9      0x16c src/ASF/sam/drivers/adc/adc.o
 .debug_macro   0x00000e45      0x2ee src/ASF/sam/drivers/adc/adc.o
 .debug_macro   0x00001133       0x76 src/ASF/sam/drivers/adc/adc.o
 .debug_macro   0x000011a9       0x16 src/ASF/sam/drivers/adc/adc.o
 .debug_macro   0x000011bf      0x6e1 src/ASF/sam/drivers/adc/adc.o
 .debug_macro   0x000018a0       0x3a src/ASF/sam/drivers/adc/adc.o
 .debug_macro   0x000018da       0x10 src/ASF/sam/drivers/adc/adc.o
 .debug_macro   0x000018ea       0x2e src/ASF/sam/drivers/adc/adc.o
 .debug_macro   0x00001918       0xa3 src/ASF/sam/drivers/adc/adc.o
 .debug_macro   0x000019bb      0x20e src/ASF/sam/drivers/adc/adc.o
 .debug_macro   0x00001bc9       0x20 src/ASF/sam/drivers/adc/adc.o
 .debug_macro   0x00001be9       0x3a src/ASF/sam/drivers/adc/adc.o
 .debug_macro   0x00001c23       0x18 src/ASF/sam/drivers/adc/adc.o
 .debug_macro   0x00001c3b      0xb08 src/ASF/sam/drivers/adc/adc.o
 .debug_macro   0x00002743      0xab3 src/ASF/sam/drivers/adc/adc.o
 .debug_macro   0x000031f6      0x566 src/ASF/sam/drivers/adc/adc.o
 .debug_macro   0x0000375c      0x2b2 src/ASF/sam/drivers/adc/adc.o
 .debug_macro   0x00003a0e      0x317 src/ASF/sam/drivers/adc/adc.o
 .debug_macro   0x00003d25      0x74c src/ASF/sam/drivers/adc/adc.o
 .debug_macro   0x00004471       0x82 src/ASF/sam/drivers/adc/adc.o
 .debug_macro   0x000044f3      0x578 src/ASF/sam/drivers/adc/adc.o
 .debug_macro   0x00004a6b       0x1c src/ASF/sam/drivers/adc/adc.o
 .debug_macro   0x00004a87      0x6b5 src/ASF/sam/drivers/adc/adc.o
 .debug_macro   0x0000513c      0x52a src/ASF/sam/drivers/adc/adc.o
 .debug_macro   0x00005666       0xbe src/ASF/sam/drivers/adc/adc.o
 .debug_macro   0x00005724     0x233f src/ASF/sam/drivers/adc/adc.o
 .debug_macro   0x00007a63      0x85a src/ASF/sam/drivers/adc/adc.o
 .debug_macro   0x000082bd      0xdc6 src/ASF/sam/drivers/adc/adc.o
 .debug_macro   0x00009083       0x7c src/ASF/sam/drivers/adc/adc.o
 .debug_macro   0x000090ff      0x261 src/ASF/sam/drivers/adc/adc.o
 .debug_macro   0x00009360       0x58 src/ASF/sam/drivers/adc/adc.o
 .debug_macro   0x000093b8      0x9a5 src/ASF/sam/drivers/adc/adc.o
 .debug_macro   0x00009d5d      0x246 src/ASF/sam/drivers/adc/adc.o
 .debug_macro   0x00009fa3      0x4dc src/ASF/sam/drivers/adc/adc.o
 .debug_macro   0x0000a47f      0x6b0 src/ASF/sam/drivers/adc/adc.o
 .debug_macro   0x0000ab2f      0x59c src/ASF/sam/drivers/adc/adc.o
 .debug_macro   0x0000b0cb       0x46 src/ASF/sam/drivers/adc/adc.o
 .debug_macro   0x0000b111      0x34a src/ASF/sam/drivers/adc/adc.o
 .debug_macro   0x0000b45b      0x289 src/ASF/sam/drivers/adc/adc.o
 .debug_macro   0x0000b6e4     0x14d7 src/ASF/sam/drivers/adc/adc.o
 .debug_macro   0x0000cbbb      0x7b7 src/ASF/sam/drivers/adc/adc.o
 .debug_macro   0x0000d372       0x76 src/ASF/sam/drivers/adc/adc.o
 .debug_macro   0x0000d3e8       0x82 src/ASF/sam/drivers/adc/adc.o
 .debug_macro   0x0000d46a       0x76 src/ASF/sam/drivers/adc/adc.o
 .debug_macro   0x0000d4e0       0x4c src/ASF/sam/drivers/adc/adc.o
 .debug_macro   0x0000d52c      0x102 src/ASF/sam/drivers/adc/adc.o
 .debug_macro   0x0000d62e      0x102 src/ASF/sam/drivers/adc/adc.o
 .debug_macro   0x0000d730      0x102 src/ASF/sam/drivers/adc/adc.o
 .debug_macro   0x0000d832       0x88 src/ASF/sam/drivers/adc/adc.o
 .debug_macro   0x0000d8ba       0x88 src/ASF/sam/drivers/adc/adc.o
 .debug_macro   0x0000d942      0x3b4 src/ASF/sam/drivers/adc/adc.o
 .debug_macro   0x0000dcf6       0xb8 src/ASF/sam/drivers/adc/adc.o
 .debug_macro   0x0000ddae       0xb8 src/ASF/sam/drivers/adc/adc.o
 .debug_macro   0x0000de66       0xb8 src/ASF/sam/drivers/adc/adc.o
 .debug_macro   0x0000df1e       0xb8 src/ASF/sam/drivers/adc/adc.o
 .debug_macro   0x0000dfd6      0x2b8 src/ASF/sam/drivers/adc/adc.o
 .debug_macro   0x0000e28e      0x122 src/ASF/sam/drivers/adc/adc.o
 .debug_macro   0x0000e3b0      0x222 src/ASF/sam/drivers/adc/adc.o
 .debug_macro   0x0000e5d2      0x222 src/ASF/sam/drivers/adc/adc.o
 .debug_macro   0x0000e7f4       0x2e src/ASF/sam/drivers/adc/adc.o
 .debug_macro   0x0000e822       0xac src/ASF/sam/drivers/adc/adc.o
 .debug_macro   0x0000e8ce      0x14a src/ASF/sam/drivers/adc/adc.o
 .debug_macro   0x0000ea18       0x7c src/ASF/sam/drivers/adc/adc.o
 .debug_macro   0x0000ea94      0x202 src/ASF/sam/drivers/adc/adc.o
 .debug_macro   0x0000ec96       0x64 src/ASF/sam/drivers/adc/adc.o
 .debug_macro   0x0000ecfa       0xa6 src/ASF/sam/drivers/adc/adc.o
 .debug_macro   0x0000eda0       0x7c src/ASF/sam/drivers/adc/adc.o
 .debug_macro   0x0000ee1c       0x16 src/ASF/sam/drivers/adc/adc.o
 .debug_macro   0x0000ee32       0x22 src/ASF/sam/drivers/adc/adc.o
 .debug_macro   0x0000ee54       0x22 src/ASF/sam/drivers/adc/adc.o
 .debug_macro   0x0000ee76      0x112 src/ASF/sam/drivers/adc/adc.o
 .debug_macro   0x0000ef88      0x112 src/ASF/sam/drivers/adc/adc.o
 .debug_macro   0x0000f09a      0x112 src/ASF/sam/drivers/adc/adc.o
 .debug_macro   0x0000f1ac      0x112 src/ASF/sam/drivers/adc/adc.o
 .debug_macro   0x0000f2be       0x1c src/ASF/sam/drivers/adc/adc.o
 .debug_macro   0x0000f2da       0x2e src/ASF/sam/drivers/adc/adc.o
 .debug_macro   0x0000f308       0x22 src/ASF/sam/drivers/adc/adc.o